01-18 14:24:21.170 I/CTMSimSignalCluster(  600): voice radio technology is0 isGSM = false isRoam= false
01-18 14:24:21.170 I/CTMSimSignalCluster(  600): voice radio technology is0 isGSM = false isRoam= false
01-18 14:24:21.170 I/CTMSimSignalCluster(  600): setMobileDataIndicators mMobileStrengthId[0]=com.android.systemui:drawable/stat_sys_signal_cdma_null mMobileStrengthId[1]=com.android.systemui:drawable/stat_sys_signal_cdma_null
01-18 14:24:21.170 I/CTMSimSignalCluster(  600): getAcitivyTypeIconId type=2 inout=0 subscription0
01-18 14:24:21.170 I/CTMSimSignalCluster(  600): SetMobileDataIndicators MNoSimIconVisiable 0=true
01-18 14:24:21.170 I/twfx    (  600): data activity sub= 0 refreshViews TRUE
01-18 14:24:21.170 I/CTMSimSignalCluster(  600): setMobileDataIndicators subscription=0
01-18 14:24:21.180 I/CTMSimSignalCluster(  600): setMobileDataIndicators strengthIcon 0=com.android.systemui:drawable/stat_sys_signal_null
01-18 14:24:21.180 I/CTMSimSignalCluster(  600): setMobileDataIndicators visible=true
01-18 14:24:21.180 I/CTMSimSignalCluster(  600): setMobileDataIndicators simServiceState=1 home null null 00000  Unknown CSS not supported 0 0 mDataState=1 RoamInd=1 DefRoamInd=1 EmergOnly=false
01-18 14:24:21.180 I/CTMSimSignalCluster(  600): setMobileDataIndicators isRoam=false
01-18 14:24:21.180 I/CTMSimSignalCluster(  600): setMobileDataIndicators dataConnect=false
01-18 14:24:21.180 I/CTMSimSignalCluster(  600): voice radio technology is0 isGSM = false isRoam= false
01-18 14:24:21.180 I/CTMSimSignalCluster(  600): voice radio technology is0 isGSM = false isRoam= false
01-18 14:24:21.180 I/CTMSimSignalCluster(  600): setMobileDataIndicators mMobileStrengthId[0]=com.android.systemui:drawable/stat_sys_signal_cdma_null mMobileStrengthId[1]=com.android.systemui:drawable/stat_sys_signal_cdma_null
01-18 14:24:21.180 I/CTMSimSignalCluster(  600): getAcitivyTypeIconId type=2 inout=0 subscription0
01-18 14:24:21.180 I/CTMSimSignalCluster(  600): SetMobileDataIndicators MNoSimIconVisiable 0=true
01-18 14:24:21.180 I/twfx    (  600): data activity sub= 0 refreshViews OVER ALMOST
01-18 14:24:21.550 I/twfx    (  600): data activity sub= 0 refreshViews
01-18 14:24:21.550 I/twfx    (  600): data activity sub= 0 refreshViews mLastDataDirectionOverlayIconIdArray[subscription]=0
01-18 14:24:21.550 I/twfx    (  600): data activity sub= 0 refreshViews TRUE
01-18 14:24:21.560 I/CTMSimSignalCluster(  600): setMobileDataIndicators subscription=0
01-18 14:24:21.560 I/CTMSimSignalCluster(  600): setMobileDataIndicators strengthIcon 0=com.android.systemui:drawable/stat_sys_signal_null
01-18 14:24:21.560 I/CTMSimSignalCluster(  600): setMobileDataIndicators visible=true
01-18 14:24:21.570 I/CTMSimSignalCluster(  600): setMobileDataIndicators simServiceState=1 home null null 00000  Unknown CSS not supported 0 0 mDataState=1 RoamInd=1 DefRoamInd=1 EmergOnly=false
01-18 14:24:21.570 I/CTMSimSignalCluster(  600): setMobileDataIndicators isRoam=false
01-18 14:24:21.570 I/CTMSimSignalCluster(  600): setMobileDataIndicators dataConnect=false
01-18 14:24:21.570 I/CTMSimSignalCluster(  600): voice radio technology is0 isGSM = false isRoam= false
01-18 14:24:21.570 I/CTMSimSignalCluster(  600): voice radio technology is0 isGSM = false isRoam= false
01-18 14:24:21.580 I/CTMSimSignalCluster(  600): setMobileDataIndicators mMobileStrengthId[0]=com.android.systemui:drawable/stat_sys_signal_cdma_null mMobileStrengthId[1]=com.android.systemui:drawable/stat_sys_signal_cdma_null
01-18 14:24:21.580 I/CTMSimSignalCluster(  600): getAcitivyTypeIconId type=2 inout=0 subscription0
01-18 14:24:21.580 I/CTMSimSignalCluster(  600): SetMobileDataIndicators MNoSimIconVisiable 0=true
01-18 14:24:21.580 I/twfx    (  600): data activity sub= 0 refreshViews TRUE
01-18 14:24:21.580 I/CTMSimSignalCluster(  600): setMobileDataIndicators subscription=0
01-18 14:24:21.580 I/CTMSimSignalCluster(  600): setMobileDataIndicators strengthIcon 0=com.android.systemui:drawable/stat_sys_signal_null
01-18 14:24:21.580 I/CTMSimSignalCluster(  600): setMobileDataIndicators visible=true
01-18 14:24:21.580 I/CTMSimSignalCluster(  600): setMobileDataIndicators simServiceState=1 home null null 00000  Unknown CSS not supported 0 0 mDataState=1 RoamInd=1 DefRoamInd=1 EmergOnly=false
01-18 14:24:21.580 I/CTMSimSignalCluster(  600): setMobileDataIndicators isRoam=false
01-18 14:24:21.580 I/CTMSimSignalCluster(  600): setMobileDataIndicators dataConnect=false
01-18 14:24:21.590 I/CTMSimSignalCluster(  600): voice radio technology is0 isGSM = false isRoam= false
01-18 14:24:21.590 I/CTMSimSignalCluster(  600): voice radio technology is0 isGSM = false isRoam= false
01-18 14:24:21.590 I/CTMSimSignalCluster(  600): setMobileDataIndicators mMobileStrengthId[0]=com.android.systemui:drawable/stat_sys_signal_cdma_null mMobileStrengthId[1]=com.android.systemui:drawable/stat_sys_signal_cdma_null
01-18 14:24:21.590 I/CTMSimSignalCluster(  600): getAcitivyTypeIconId type=2 inout=0 subscription0
01-18 14:24:21.590 I/CTMSimSignalCluster(  600): SetMobileDataIndicators MNoSimIconVisiable 0=true
01-18 14:24:21.590 I/twfx    (  600): data activity sub= 0 refreshViews OVER ALMOST
01-18 14:24:21.590 I/twfx    (  600): data activity sub= 0 refreshViews last activity mLastDataDirectionOverlayIconId=0 true sub=0
01-18 14:24:22.550 I/twfx    (  600): data activity sub= 0 refreshViews
01-18 14:24:22.550 I/twfx    (  600): data activity sub= 0 refreshViews mLastDataDirectionOverlayIconIdArray[subscription]=2130838071
01-18 14:24:22.550 I/twfx    (  600): data activity sub= 0 refreshViews TRUE
01-18 14:24:22.560 I/CTMSimSignalCluster(  600): setMobileDataIndicators subscription=0
01-18 14:24:22.560 I/CTMSimSignalCluster(  600): setMobileDataIndicators strengthIcon 0=com.android.systemui:drawable/stat_sys_signal_null
01-18 14:24:22.570 I/CTMSimSignalCluster(  600): setMobileDataIndicators visible=true
01-18 14:24:22.570 I/CTMSimSignalCluster(  600): setMobileDataIndicators simServiceState=1 home null null 00000  Unknown CSS not supported 0 0 mDataState=1 RoamInd=1 DefRoamInd=1 EmergOnly=false
01-18 14:24:22.570 I/CTMSimSignalCluster(  600): setMobileDataIndicators isRoam=false
01-18 14:24:22.570 I/CTMSimSignalCluster(  600): setMobileDataIndicators dataConnect=false
01-18 14:24:22.580 I/CTMSimSignalCluster(  600): voice radio technology is0 isGSM = false isRoam= false
01-18 14:24:22.580 I/CTMSimSignalCluster(  600): voice radio technology is0 isGSM = false isRoam= false
01-18 14:24:22.580 I/CTMSimSignalCluster(  600): setMobileDataIndicators mMobileStrengthId[0]=com.android.systemui:drawable/stat_sys_signal_cdma_null mMobileStrengthId[1]=com.android.systemui:drawable/stat_sys_signal_cdma_null
01-18 14:24:22.590 I/CTMSimSignalCluster(  600): getAcitivyTypeIconId type=2 inout=0 subscription0
01-18 14:24:22.590 I/CTMSimSignalCluster(  600): SetMobileDataIndicators MNoSimIconVisiable 0=true
01-18 14:24:22.590 I/twfx    (  600): data activity sub= 0 refreshViews TRUE
01-18 14:24:22.590 I/CTMSimSignalCluster(  600): setMobileDataIndicators subscription=0
01-18 14:24:22.590 I/CTMSimSignalCluster(  600): setMobileDataIndicators strengthIcon 0=com.android.systemui:drawable/stat_sys_signal_null
01-18 14:24:22.590 I/CTMSimSignalCluster(  600): setMobileDataIndicators visible=true
01-18 14:24:22.590 I/CTMSimSignalCluster(  600): setMobileDataIndicators simServiceState=1 home null null 00000  Unknown CSS not supported 0 0 mDataState=1 RoamInd=1 DefRoamInd=1 EmergOnly=false
01-18 14:24:22.590 I/CTMSimSignalCluster(  600): setMobileDataIndicators isRoam=false
01-18 14:24:22.590 I/CTMSimSignalCluster(  600): setMobileDataIndicators dataConnect=false
01-18 14:24:22.590 I/CTMSimSignalCluster(  600): voice radio technology is0 isGSM = false isRoam= false
01-18 14:24:22.590 I/CTMSimSignalCluster(  600): voice radio technology is0 isGSM = false isRoam= false
01-18 14:24:22.590 I/CTMSimSignalCluster(  600): setMobileDataIndicators mMobileStrengthId[0]=com.android.systemui:drawable/stat_sys_signal_cdma_null mMobileStrengthId[1]=com.android.systemui:drawable/stat_sys_signal_cdma_null
01-18 14:24:22.600 I/CTMSimSignalCluster(  600): getAcitivyTypeIconId type=2 inout=0 subscription0
01-18 14:24:22.600 I/CTMSimSignalCluster(  600): SetMobileDataIndicators MNoSimIconVisiable 0=true
01-18 14:24:22.600 I/twfx    (  600): data activity sub= 0 refreshViews OVER ALMOST
01-18 14:24:22.600 I/twfx    (  600): data activity sub= 0 refreshViews last activity mLastDataDirectionOverlayIconId=2130838071 true sub=0
01-18 14:24:22.640 D/PowerManager(  680): RILJ [acquire]
01-18 14:24:22.640 D/PowerManager(  680): RILJ [release]
01-18 14:24:24.150 D/StateMachine(  481): handleMessage: E msg.what=131155
01-18 14:24:24.150 D/StateMachine(  481): processMsg: ConnectedState
01-18 14:24:24.150 D/WifiStateMachine(  481): ConnectedState{ what=131155 when=-5ms arg1=6 }
01-18 14:24:24.150 D/StateMachine(  481): processMsg: L2ConnectedState
01-18 14:24:24.150 D/WifiStateMachine(  481): L2ConnectedState{ what=131155 when=-10ms arg1=6 }
01-18 14:24:24.150 D/wpa_supplicant(  771): wpa_s 0x409865a0 cmd SIGNAL_POLL
01-18 14:24:24.160 D/wpa_supplicant(  771): nl80211: survey data missing!
01-18 14:24:24.170 D/StatusBar.NetworkController(  600): updateWifiState intent:Intent { act=android.net.wifi.RSSI_CHANGED flg=0x8000010 (has extras) }
01-18 14:24:24.170 D/StatusBar.NetworkController(  600): in updateWifiIcons, mWifiConnected: true, mDataAndWifiStacked: false, mWifiLevel: 2
01-18 14:24:24.170 D/StatusBar.NetworkController(  600): lz mWifiSsid:431
01-18 14:24:24.170 D/StatusBar.NetworkController(  600): in updateWifiIcons, mFmcState: 0
01-18 14:24:24.180 I/twfx    (  600): data activity sub= 0 refreshViews
01-18 14:24:24.180 D/StateMachine(  481): handleMessage: X
01-18 14:24:24.180 I/twfx    (  600): data activity sub= 0 refreshViews mLastDataDirectionOverlayIconIdArray[subscription]=0
01-18 14:24:24.180 I/twfx    (  600): data activity sub= 0 refreshViews TRUE
01-18 14:24:24.180 I/CTMSimSignalCluster(  600): setMobileDataIndicators subscription=0
01-18 14:24:24.180 I/CTMSimSignalCluster(  600): setMobileDataIndicators strengthIcon 0=com.android.systemui:drawable/stat_sys_signal_null
01-18 14:24:24.180 I/CTMSimSignalCluster(  600): setMobileDataIndicators visible=true
01-18 14:24:24.180 I/CTMSimSignalCluster(  600): setMobileDataIndicators simServiceState=1 home null null 00000  Unknown CSS not supported 0 0 mDataState=1 RoamInd=1 DefRoamInd=1 EmergOnly=false
01-18 14:24:24.180 I/CTMSimSignalCluster(  600): setMobileDataIndicators isRoam=false
01-18 14:24:24.180 I/CTMSimSignalCluster(  600): setMobileDataIndicators dataConnect=false
01-18 14:24:24.180 I/CTMSimSignalCluster(  600): voice radio technology is0 isGSM = false isRoam= false
01-18 14:24:24.180 I/CTMSimSignalCluster(  600): voice radio technology is0 isGSM = false isRoam= false
01-18 14:24:24.190 I/CTMSimSignalCluster(  600): setMobileDataIndicators mMobileStrengthId[0]=com.android.systemui:drawable/stat_sys_signal_cdma_null mMobileStrengthId[1]=com.android.systemui:drawable/stat_sys_signal_cdma_null
01-18 14:24:24.190 I/CTMSimSignalCluster(  600): getAcitivyTypeIconId type=2 inout=0 subscription0
01-18 14:24:24.190 I/CTMSimSignalCluster(  600): SetMobileDataIndicators MNoSimIconVisiable 0=true
01-18 14:24:24.190 I/twfx    (  600): data activity sub= 0 refreshViews TRUE
01-18 14:24:24.190 I/CTMSimSignalCluster(  600): setMobileDataIndicators subscription=0
01-18 14:24:24.190 I/CTMSimSignalCluster(  600): setMobileDataIndicators strengthIcon 0=com.android.systemui:drawable/stat_sys_signal_null
01-18 14:24:24.190 I/CTMSimSignalCluster(  600): setMobileDataIndicators visible=true
01-18 14:24:24.190 I/CTMSimSignalCluster(  600): setMobileDataIndicators simServiceState=1 home null null 00000  Unknown CSS not supported 0 0 mDataState=1 RoamInd=1 DefRoamInd=1 EmergOnly=false
01-18 14:24:24.190 I/CTMSimSignalCluster(  600): setMobileDataIndicators isRoam=false
01-18 14:24:24.190 I/CTMSimSignalCluster(  600): setMobileDataIndicators dataConnect=false
01-18 14:24:24.190 I/CTMSimSignalCluster(  600): voice radio technology is0 isGSM = false isRoam= false
01-18 14:24:24.190 I/CTMSimSignalCluster(  600): voice radio technology is0 isGSM = false isRoam= false
01-18 14:24:24.190 I/CTMSimSignalCluster(  600): setMobileDataIndicators mMobileStrengthId[0]=com.android.systemui:drawable/stat_sys_signal_cdma_null mMobileStrengthId[1]=com.android.systemui:drawable/stat_sys_signal_cdma_null
01-18 14:24:24.200 I/CTMSimSignalCluster(  600): getAcitivyTypeIconId type=2 inout=0 subscription0
01-18 14:24:24.200 I/CTMSimSignalCluster(  600): SetMobileDataIndicators MNoSimIconVisiable 0=true
01-18 14:24:24.200 I/twfx    (  600): data activity sub= 0 refreshViews OVER ALMOST
01-18 14:24:24.560 I/twfx    (  600): data activity sub= 0 refreshViews
01-18 14:24:24.560 I/twfx    (  600): data activity sub= 0 refreshViews mLastDataDirectionOverlayIconIdArray[subscription]=0
01-18 14:24:24.560 I/twfx    (  600): data activity sub= 0 refreshViews TRUE
01-18 14:24:24.570 I/CTMSimSignalCluster(  600): setMobileDataIndicators subscription=0
01-18 14:24:24.570 I/CTMSimSignalCluster(  600): setMobileDataIndicators strengthIcon 0=com.android.systemui:drawable/stat_sys_signal_null
01-18 14:24:24.570 I/CTMSimSignalCluster(  600): setMobileDataIndicators visible=true
01-18 14:24:24.580 I/CTMSimSignalCluster(  600): setMobileDataIndicators simServiceState=1 home null null 00000  Unknown CSS not supported 0 0 mDataState=1 RoamInd=1 DefRoamInd=1 EmergOnly=false
01-18 14:24:24.580 I/CTMSimSignalCluster(  600): setMobileDataIndicators isRoam=false
01-18 14:24:24.580 I/CTMSimSignalCluster(  600): setMobileDataIndicators dataConnect=false
01-18 14:24:24.580 I/CTMSimSignalCluster(  600): voice radio technology is0 isGSM = false isRoam= false
01-18 14:24:24.580 I/CTMSimSignalCluster(  600): voice radio technology is0 isGSM = false isRoam= false
01-18 14:24:24.590 I/CTMSimSignalCluster(  600): setMobileDataIndicators mMobileStrengthId[0]=com.android.systemui:drawable/stat_sys_signal_cdma_null mMobileStrengthId[1]=com.android.systemui:drawable/stat_sys_signal_cdma_null
01-18 14:24:24.590 I/CTMSimSignalCluster(  600): getAcitivyTypeIconId type=2 inout=0 subscription0
01-18 14:24:24.590 I/CTMSimSignalCluster(  600): SetMobileDataIndicators MNoSimIconVisiable 0=true
01-18 14:24:24.590 I/twfx    (  600): data activity sub= 0 refreshViews TRUE
01-18 14:24:24.590 I/CTMSimSignalCluster(  600): setMobileDataIndicators subscription=0
01-18 14:24:24.590 I/CTMSimSignalCluster(  600): setMobileDataIndicators strengthIcon 0=com.android.systemui:drawable/stat_sys_signal_null
01-18 14:24:24.590 I/CTMSimSignalCluster(  600): setMobileDataIndicators visible=true
01-18 14:24:24.590 I/CTMSimSignalCluster(  600): setMobileDataIndicators simServiceState=1 home null null 00000  Unknown CSS not supported 0 0 mDataState=1 RoamInd=1 DefRoamInd=1 EmergOnly=false
01-18 14:24:24.590 I/CTMSimSignalCluster(  600): setMobileDataIndicators isRoam=false
01-18 14:24:24.590 I/CTMSimSignalCluster(  600): setMobileDataIndicators dataConnect=false
01-18 14:24:24.600 I/CTMSimSignalCluster(  600): voice radio technology is0 isGSM = false isRoam= false
01-18 14:24:24.600 I/CTMSimSignalCluster(  600): voice radio technology is0 isGSM = false isRoam= false
01-18 14:24:24.600 I/CTMSimSignalCluster(  600): setMobileDataIndicators mMobileStrengthId[0]=com.android.systemui:drawable/stat_sys_signal_cdma_null mMobileStrengthId[1]=com.android.systemui:drawable/stat_sys_signal_cdma_null
01-18 14:24:24.600 I/CTMSimSignalCluster(  600): getAcitivyTypeIconId type=2 inout=0 subscription0
01-18 14:24:24.600 I/CTMSimSignalCluster(  600): SetMobileDataIndicators MNoSimIconVisiable 0=true
01-18 14:24:24.600 I/twfx    (  600): data activity sub= 0 refreshViews OVER ALMOST
01-18 14:24:24.600 I/twfx    (  600): data activity sub= 0 refreshViews last activity mLastDataDirectionOverlayIconId=0 true sub=0
01-18 14:24:25.930 D/AlarmManager( 1674): RTC_WAKEUP interv = 180000 ms
01-18 14:24:26.570 I/twfx    (  600): data activity sub= 0 refreshViews
01-18 14:24:26.570 I/twfx    (  600): data activity sub= 0 refreshViews mLastDataDirectionOverlayIconIdArray[subscription]=2130838071
01-18 14:24:26.570 I/twfx    (  600): data activity sub= 0 refreshViews TRUE
01-18 14:24:26.600 I/CTMSimSignalCluster(  600): setMobileDataIndicators subscription=0
01-18 14:24:26.610 I/CTMSimSignalCluster(  600): setMobileDataIndicators strengthIcon 0=com.android.systemui:drawable/stat_sys_signal_null
01-18 14:24:26.610 I/CTMSimSignalCluster(  600): setMobileDataIndicators visible=true
01-18 14:24:26.610 I/CTMSimSignalCluster(  600): setMobileDataIndicators simServiceState=1 home null null 00000  Unknown CSS not supported 0 0 mDataState=1 RoamInd=1 DefRoamInd=1 EmergOnly=false
01-18 14:24:26.610 I/CTMSimSignalCluster(  600): setMobileDataIndicators isRoam=false
01-18 14:24:26.610 I/CTMSimSignalCluster(  600): setMobileDataIndicators dataConnect=false
01-18 14:24:26.620 I/CTMSimSignalCluster(  600): voice radio technology is0 isGSM = false isRoam= false
01-18 14:24:26.620 I/CTMSimSignalCluster(  600): voice radio technology is0 isGSM = false isRoam= false
01-18 14:24:26.620 I/CTMSimSignalCluster(  600): setMobileDataIndicators mMobileStrengthId[0]=com.android.systemui:drawable/stat_sys_signal_cdma_null mMobileStrengthId[1]=com.android.systemui:drawable/stat_sys_signal_cdma_null
01-18 14:24:26.630 I/CTMSimSignalCluster(  600): getAcitivyTypeIconId type=2 inout=0 subscription0
01-18 14:24:26.630 I/CTMSimSignalCluster(  600): SetMobileDataIndicators MNoSimIconVisiable 0=true
01-18 14:24:26.640 I/twfx    (  600): data activity sub= 0 refreshViews TRUE
01-18 14:24:26.640 I/CTMSimSignalCluster(  600): setMobileDataIndicators subscription=0
01-18 14:24:26.640 I/CTMSimSignalCluster(  600): setMobileDataIndicators strengthIcon 0=com.android.systemui:drawable/stat_sys_signal_null
01-18 14:24:26.640 I/CTMSimSignalCluster(  600): setMobileDataIndicators visible=true
01-18 14:24:26.640 I/CTMSimSignalCluster(  600): setMobileDataIndicators simServiceState=1 home null null 00000  Unknown CSS not supported 0 0 mDataState=1 RoamInd=1 DefRoamInd=1 EmergOnly=false
01-18 14:24:26.640 I/CTMSimSignalCluster(  600): setMobileDataIndicators isRoam=false
01-18 14:24:26.640 I/CTMSimSignalCluster(  600): setMobileDataIndicators dataConnect=false
01-18 14:24:26.640 I/CTMSimSignalCluster(  600): voice radio technology is0 isGSM = false isRoam= false
01-18 14:24:26.640 I/CTMSimSignalCluster(  600): voice radio technology is0 isGSM = false isRoam= false
01-18 14:24:26.640 I/CTMSimSignalCluster(  600): setMobileDataIndicators mMobileStrengthId[0]=com.android.systemui:drawable/stat_sys_signal_cdma_null mMobileStrengthId[1]=com.android.systemui:drawable/stat_sys_signal_cdma_null
01-18 14:24:26.640 I/CTMSimSignalCluster(  600): getAcitivyTypeIconId type=2 inout=0 subscription0
01-18 14:24:26.640 I/CTMSimSignalCluster(  600): SetMobileDataIndicators MNoSimIconVisiable 0=true
01-18 14:24:26.650 I/twfx    (  600): data activity sub= 0 refreshViews OVER ALMOST
01-18 14:24:26.650 I/twfx    (  600): data activity sub= 0 refreshViews last activity mLastDataDirectionOverlayIconId=2130838071 true sub=0
01-18 14:24:26.680 D/dalvikvm(  600): GC_CONCURRENT freed 696K, 41% free 10359K/17351K, paused 23ms+4ms, total 98ms
01-18 14:24:26.870 E/ThermalDaemon( 1079): CPU[1] offline
01-18 14:24:27.180 D/StateMachine(  481): handleMessage: E msg.what=131155
01-18 14:24:27.180 D/StateMachine(  481): processMsg: ConnectedState
01-18 14:24:27.180 D/WifiStateMachine(  481): ConnectedState{ what=131155 when=-5ms arg1=6 }
01-18 14:24:27.190 D/StateMachine(  481): processMsg: L2ConnectedState
01-18 14:24:27.190 D/WifiStateMachine(  481): L2ConnectedState{ what=131155 when=-9ms arg1=6 }
01-18 14:24:27.190 D/wpa_supplicant(  771): wpa_s 0x409865a0 cmd SIGNAL_POLL
01-18 14:24:27.200 D/wpa_supplicant(  771): nl80211: survey data missing!
01-18 14:24:27.200 D/StateMachine(  481): handleMessage: X
01-18 14:24:27.570 I/twfx    (  600): data activity sub= 0 refreshViews
01-18 14:24:27.570 I/twfx    (  600): data activity sub= 0 refreshViews mLastDataDirectionOverlayIconIdArray[subscription]=2130838072
01-18 14:24:27.570 I/twfx    (  600): data activity sub= 0 refreshViews TRUE
01-18 14:24:27.580 I/CTMSimSignalCluster(  600): setMobileDataIndicators subscription=0
01-18 14:24:27.590 I/CTMSimSignalCluster(  600): setMobileDataIndicators strengthIcon 0=com.android.systemui:drawable/stat_sys_signal_null
01-18 14:24:27.590 I/CTMSimSignalCluster(  600): setMobileDataIndicators visible=true
01-18 14:24:27.590 I/CTMSimSignalCluster(  600): setMobileDataIndicators simServiceState=1 home null null 00000  Unknown CSS not supported 0 0 mDataState=1 RoamInd=1 DefRoamInd=1 EmergOnly=false
01-18 14:24:27.590 I/CTMSimSignalCluster(  600): setMobileDataIndicators isRoam=false
01-18 14:24:27.590 I/CTMSimSignalCluster(  600): setMobileDataIndicators dataConnect=false
01-18 14:24:27.590 I/CTMSimSignalCluster(  600): voice radio technology is0 isGSM = false isRoam= false
01-18 14:24:27.590 I/CTMSimSignalCluster(  600): voice radio technology is0 isGSM = false isRoam= false
01-18 14:24:27.590 I/CTMSimSignalCluster(  600): setMobileDataIndicators mMobileStrengthId[0]=com.android.systemui:drawable/stat_sys_signal_cdma_null mMobileStrengthId[1]=com.android.systemui:drawable/stat_sys_signal_cdma_null
01-18 14:24:27.600 I/CTMSimSignalCluster(  600): getAcitivyTypeIconId type=2 inout=0 subscription0
01-18 14:24:27.600 I/CTMSimSignalCluster(  600): SetMobileDataIndicators MNoSimIconVisiable 0=true
01-18 14:24:27.610 I/twfx    (  600): data activity sub= 0 refreshViews TRUE
01-18 14:24:27.610 I/CTMSimSignalCluster(  600): setMobileDataIndicators subscription=0
01-18 14:24:27.620 I/CTMSimSignalCluster(  600): setMobileDataIndicators strengthIcon 0=com.android.systemui:drawable/stat_sys_signal_null
01-18 14:24:27.620 I/CTMSimSignalCluster(  600): setMobileDataIndicators visible=true
01-18 14:24:27.620 I/CTMSimSignalCluster(  600): setMobileDataIndicators simServiceState=1 home null null 00000  Unknown CSS not supported 0 0 mDataState=1 RoamInd=1 DefRoamInd=1 EmergOnly=false
01-18 14:24:27.620 I/CTMSimSignalCluster(  600): setMobileDataIndicators isRoam=false
01-18 14:24:27.620 I/CTMSimSignalCluster(  600): setMobileDataIndicators dataConnect=false
01-18 14:24:27.620 I/CTMSimSignalCluster(  600): voice radio technology is0 isGSM = false isRoam= false
01-18 14:24:27.620 I/CTMSimSignalCluster(  600): voice radio technology is0 isGSM = false isRoam= false
01-18 14:24:27.620 I/CTMSimSignalCluster(  600): setMobileDataIndicators mMobileStrengthId[0]=com.android.systemui:drawable/stat_sys_signal_cdma_null mMobileStrengthId[1]=com.android.systemui:drawable/stat_sys_signal_cdma_null
01-18 14:24:27.620 I/CTMSimSignalCluster(  600): getAcitivyTypeIconId type=2 inout=0 subscription0
01-18 14:24:27.620 I/CTMSimSignalCluster(  600): SetMobileDataIndicators MNoSimIconVisiable 0=true
01-18 14:24:27.630 I/twfx    (  600): data activity sub= 0 refreshViews OVER ALMOST
01-18 14:24:27.630 I/twfx    (  600): data activity sub= 0 refreshViews last activity mLastDataDirectionOverlayIconId=2130838072 true sub=0
01-18 14:24:27.790 V/battery (  481): ACTION_BATTERY_CHANGED isbattery overheat =false
01-18 14:24:27.790 V/battery (  481): handleBatteryUpdate batteryUpdateInteresting=false
01-18 14:24:28.570 I/twfx    (  600): data activity sub= 0 refreshViews
01-18 14:24:28.580 I/twfx    (  600): data activity sub= 0 refreshViews mLastDataDirectionOverlayIconIdArray[subscription]=2130838071
01-18 14:24:28.580 I/twfx    (  600): data activity sub= 0 refreshViews TRUE
01-18 14:24:28.580 I/CTMSimSignalCluster(  600): setMobileDataIndicators subscription=0
01-18 14:24:28.590 I/CTMSimSignalCluster(  600): setMobileDataIndicators strengthIcon 0=com.android.systemui:drawable/stat_sys_signal_null
01-18 14:24:28.590 I/CTMSimSignalCluster(  600): setMobileDataIndicators visible=true
01-18 14:24:28.590 I/CTMSimSignalCluster(  600): setMobileDataIndicators simServiceState=1 home null null 00000  Unknown CSS not supported 0 0 mDataState=1 RoamInd=1 DefRoamInd=1 EmergOnly=false
01-18 14:24:28.590 I/CTMSimSignalCluster(  600): setMobileDataIndicators isRoam=false
01-18 14:24:28.590 I/CTMSimSignalCluster(  600): setMobileDataIndicators dataConnect=false
01-18 14:24:28.600 I/CTMSimSignalCluster(  600): voice radio technology is0 isGSM = false isRoam= false
01-18 14:24:28.600 I/CTMSimSignalCluster(  600): voice radio technology is0 isGSM = false isRoam= false
01-18 14:24:28.600 I/CTMSimSignalCluster(  600): setMobileDataIndicators mMobileStrengthId[0]=com.android.systemui:drawable/stat_sys_signal_cdma_null mMobileStrengthId[1]=com.android.systemui:drawable/stat_sys_signal_cdma_null
01-18 14:24:28.610 I/CTMSimSignalCluster(  600): getAcitivyTypeIconId type=2 inout=0 subscription0
01-18 14:24:28.610 I/CTMSimSignalCluster(  600): SetMobileDataIndicators MNoSimIconVisiable 0=true
01-18 14:24:28.620 I/twfx    (  600): data activity sub= 0 refreshViews TRUE
01-18 14:24:28.620 I/CTMSimSignalCluster(  600): setMobileDataIndicators subscription=0
01-18 14:24:28.620 I/CTMSimSignalCluster(  600): setMobileDataIndicators strengthIcon 0=com.android.systemui:drawable/stat_sys_signal_null
01-18 14:24:28.620 I/CTMSimSignalCluster(  600): setMobileDataIndicators visible=true
01-18 14:24:28.620 I/CTMSimSignalCluster(  600): setMobileDataIndicators simServiceState=1 home null null 00000  Unknown CSS not supported 0 0 mDataState=1 RoamInd=1 DefRoamInd=1 EmergOnly=false
01-18 14:24:28.620 I/CTMSimSignalCluster(  600): setMobileDataIndicators isRoam=false
01-18 14:24:28.620 I/CTMSimSignalCluster(  600): setMobileDataIndicators dataConnect=false
01-18 14:24:28.620 I/CTMSimSignalCluster(  600): voice radio technology is0 isGSM = false isRoam= false
01-18 14:24:28.620 I/CTMSimSignalCluster(  600): voice radio technology is0 isGSM = false isRoam= false
01-18 14:24:28.620 I/CTMSimSignalCluster(  600): setMobileDataIndicators mMobileStrengthId[0]=com.android.systemui:drawable/stat_sys_signal_cdma_null mMobileStrengthId[1]=com.android.systemui:drawable/stat_sys_signal_cdma_null
01-18 14:24:28.620 I/CTMSimSignalCluster(  600): getAcitivyTypeIconId type=2 inout=0 subscription0
01-18 14:24:28.620 I/CTMSimSignalCluster(  600): SetMobileDataIndicators MNoSimIconVisiable 0=true
01-18 14:24:28.630 I/twfx    (  600): data activity sub= 0 refreshViews OVER ALMOST
01-18 14:24:28.630 I/twfx    (  600): data activity sub= 0 refreshViews last activity mLastDataDirectionOverlayIconId=2130838071 true sub=0
01-18 14:24:29.580 I/twfx    (  600): data activity sub= 0 refreshViews
01-18 14:24:29.580 I/twfx    (  600): data activity sub= 0 refreshViews mLastDataDirectionOverlayIconIdArray[subscription]=0
01-18 14:24:29.580 I/twfx    (  600): data activity sub= 0 refreshViews TRUE
01-18 14:24:29.580 I/CTMSimSignalCluster(  600): setMobileDataIndicators subscription=0
01-18 14:24:29.590 I/CTMSimSignalCluster(  600): setMobileDataIndicators strengthIcon 0=com.android.systemui:drawable/stat_sys_signal_null
01-18 14:24:29.590 I/CTMSimSignalCluster(  600): setMobileDataIndicators visible=true
01-18 14:24:29.590 I/CTMSimSignalCluster(  600): setMobileDataIndicators simServiceState=1 home null null 00000  Unknown CSS not supported 0 0 mDataState=1 RoamInd=1 DefRoamInd=1 EmergOnly=false
01-18 14:24:29.590 I/CTMSimSignalCluster(  600): setMobileDataIndicators isRoam=false
01-18 14:24:29.590 I/CTMSimSignalCluster(  600): setMobileDataIndicators dataConnect=false
01-18 14:24:29.600 I/CTMSimSignalCluster(  600): voice radio technology is0 isGSM = false isRoam= false
01-18 14:24:29.600 I/CTMSimSignalCluster(  600): voice radio technology is0 isGSM = false isRoam= false
01-18 14:24:29.600 I/CTMSimSignalCluster(  600): setMobileDataIndicators mMobileStrengthId[0]=com.android.systemui:drawable/stat_sys_signal_cdma_null mMobileStrengthId[1]=com.android.systemui:drawable/stat_sys_signal_cdma_null
01-18 14:24:29.610 I/CTMSimSignalCluster(  600): getAcitivyTypeIconId type=2 inout=0 subscription0
01-18 14:24:29.610 I/CTMSimSignalCluster(  600): SetMobileDataIndicators MNoSimIconVisiable 0=true
01-18 14:24:29.620 I/twfx    (  600): data activity sub= 0 refreshViews TRUE
01-18 14:24:29.620 I/CTMSimSignalCluster(  600): setMobileDataIndicators subscription=0
01-18 14:24:29.620 I/CTMSimSignalCluster(  600): setMobileDataIndicators strengthIcon 0=com.android.systemui:drawable/stat_sys_signal_null
01-18 14:24:29.620 I/CTMSimSignalCluster(  600): setMobileDataIndicators visible=true
01-18 14:24:29.620 I/CTMSimSignalCluster(  600): setMobileDataIndicators simServiceState=1 home null null 00000  Unknown CSS not supported 0 0 mDataState=1 RoamInd=1 DefRoamInd=1 EmergOnly=false
01-18 14:24:29.620 I/CTMSimSignalCluster(  600): setMobileDataIndicators isRoam=false
01-18 14:24:29.620 I/CTMSimSignalCluster(  600): setMobileDataIndicators dataConnect=false
01-18 14:24:29.620 I/CTMSimSignalCluster(  600): voice radio technology is0 isGSM = false isRoam= false
01-18 14:24:29.620 I/CTMSimSignalCluster(  600): voice radio technology is0 isGSM = false isRoam= false
01-18 14:24:29.620 I/CTMSimSignalCluster(  600): setMobileDataIndicators mMobileStrengthId[0]=com.android.systemui:drawable/stat_sys_signal_cdma_null mMobileStrengthId[1]=com.android.systemui:drawable/stat_sys_signal_cdma_null
01-18 14:24:29.620 I/CTMSimSignalCluster(  600): getAcitivyTypeIconId type=2 inout=0 subscription0
01-18 14:24:29.620 I/CTMSimSignalCluster(  600): SetMobileDataIndicators MNoSimIconVisiable 0=true
01-18 14:24:29.630 I/twfx    (  600): data activity sub= 0 refreshViews OVER ALMOST
01-18 14:24:29.630 I/twfx    (  600): data activity sub= 0 refreshViews last activity mLastDataDirectionOverlayIconId=0 true sub=0
01-18 14:24:30.210 D/StateMachine(  481): handleMessage: E msg.what=131155
01-18 14:24:30.210 D/StateMachine(  481): processMsg: ConnectedState
01-18 14:24:30.210 D/WifiStateMachine(  481): ConnectedState{ what=131155 when=-4ms arg1=6 }
01-18 14:24:30.210 D/StateMachine(  481): processMsg: L2ConnectedState
01-18 14:24:30.210 D/WifiStateMachine(  481): L2ConnectedState{ what=131155 when=-5ms arg1=6 }
01-18 14:24:30.210 D/wpa_supplicant(  771): wpa_s 0x409865a0 cmd SIGNAL_POLL
01-18 14:24:30.210 D/wpa_supplicant(  771): nl80211: survey data missing!
01-18 14:24:30.210 D/StateMachine(  481): handleMessage: X
01-18 14:24:30.580 I/twfx    (  600): data activity sub= 0 refreshViews
01-18 14:24:30.580 I/twfx    (  600): data activity sub= 0 refreshViews mLastDataDirectionOverlayIconIdArray[subscription]=2130838072
01-18 14:24:30.580 I/twfx    (  600): data activity sub= 0 refreshViews TRUE
01-18 14:24:30.590 I/CTMSimSignalCluster(  600): setMobileDataIndicators subscription=0
01-18 14:24:30.590 I/CTMSimSignalCluster(  600): setMobileDataIndicators strengthIcon 0=com.android.systemui:drawable/stat_sys_signal_null
01-18 14:24:30.590 I/CTMSimSignalCluster(  600): setMobileDataIndicators visible=true
01-18 14:24:30.600 I/CTMSimSignalCluster(  600): setMobileDataIndicators simServiceState=1 home null null 00000  Unknown CSS not supported 0 0 mDataState=1 RoamInd=1 DefRoamInd=1 EmergOnly=false
01-18 14:24:30.600 I/CTMSimSignalCluster(  600): setMobileDataIndicators isRoam=false
01-18 14:24:30.600 I/CTMSimSignalCluster(  600): setMobileDataIndicators dataConnect=false
01-18 14:24:30.600 I/CTMSimSignalCluster(  600): voice radio technology is0 isGSM = false isRoam= false
01-18 14:24:30.600 I/CTMSimSignalCluster(  600): voice radio technology is0 isGSM = false isRoam= false
01-18 14:24:30.610 I/CTMSimSignalCluster(  600): setMobileDataIndicators mMobileStrengthId[0]=com.android.systemui:drawable/stat_sys_signal_cdma_null mMobileStrengthId[1]=com.android.systemui:drawable/stat_sys_signal_cdma_null
01-18 14:24:30.610 I/CTMSimSignalCluster(  600): getAcitivyTypeIconId type=2 inout=0 subscription0
01-18 14:24:30.610 I/CTMSimSignalCluster(  600): SetMobileDataIndicators MNoSimIconVisiable 0=true
01-18 14:24:30.620 I/twfx    (  600): data activity sub= 0 refreshViews TRUE
01-18 14:24:30.620 I/CTMSimSignalCluster(  600): setMobileDataIndicators subscription=0
01-18 14:24:30.620 I/CTMSimSignalCluster(  600): setMobileDataIndicators strengthIcon 0=com.android.systemui:drawable/stat_sys_signal_null
01-18 14:24:30.620 I/CTMSimSignalCluster(  600): setMobileDataIndicators visible=true
01-18 14:24:30.620 I/CTMSimSignalCluster(  600): setMobileDataIndicators simServiceState=1 home null null 00000  Unknown CSS not supported 0 0 mDataState=1 RoamInd=1 DefRoamInd=1 EmergOnly=false
01-18 14:24:30.620 I/CTMSimSignalCluster(  600): setMobileDataIndicators isRoam=false
01-18 14:24:30.620 I/CTMSimSignalCluster(  600): setMobileDataIndicators dataConnect=false
01-18 14:24:30.620 I/CTMSimSignalCluster(  600): voice radio technology is0 isGSM = false isRoam= false
01-18 14:24:30.620 I/CTMSimSignalCluster(  600): voice radio technology is0 isGSM = false isRoam= false
01-18 14:24:30.620 I/CTMSimSignalCluster(  600): setMobileDataIndicators mMobileStrengthId[0]=com.android.systemui:drawable/stat_sys_signal_cdma_null mMobileStrengthId[1]=com.android.systemui:drawable/stat_sys_signal_cdma_null
01-18 14:24:30.620 I/CTMSimSignalCluster(  600): getAcitivyTypeIconId type=2 inout=0 subscription0
01-18 14:24:30.620 I/CTMSimSignalCluster(  600): SetMobileDataIndicators MNoSimIconVisiable 0=true
01-18 14:24:30.620 I/twfx    (  600): data activity sub= 0 refreshViews OVER ALMOST
01-18 14:24:30.630 I/twfx    (  600): data activity sub= 0 refreshViews last activity mLastDataDirectionOverlayIconId=2130838072 true sub=0
01-18 14:24:31.580 I/twfx    (  600): data activity sub= 0 refreshViews
01-18 14:24:31.580 I/twfx    (  600): data activity sub= 0 refreshViews mLastDataDirectionOverlayIconIdArray[subscription]=2130838071
01-18 14:24:31.580 I/twfx    (  600): data activity sub= 0 refreshViews TRUE
01-18 14:24:31.590 I/CTMSimSignalCluster(  600): setMobileDataIndicators subscription=0
01-18 14:24:31.600 I/CTMSimSignalCluster(  600): setMobileDataIndicators strengthIcon 0=com.android.systemui:drawable/stat_sys_signal_null
01-18 14:24:31.600 I/CTMSimSignalCluster(  600): setMobileDataIndicators visible=true
01-18 14:24:31.600 I/CTMSimSignalCluster(  600): setMobileDataIndicators simServiceState=1 home null null 00000  Unknown CSS not supported 0 0 mDataState=1 RoamInd=1 DefRoamInd=1 EmergOnly=false
01-18 14:24:31.600 I/CTMSimSignalCluster(  600): setMobileDataIndicators isRoam=false
01-18 14:24:31.600 I/CTMSimSignalCluster(  600): setMobileDataIndicators dataConnect=false
01-18 14:24:31.610 I/CTMSimSignalCluster(  600): voice radio technology is0 isGSM = false isRoam= false
01-18 14:24:31.610 I/CTMSimSignalCluster(  600): voice radio technology is0 isGSM = false isRoam= false
01-18 14:24:31.610 I/CTMSimSignalCluster(  600): setMobileDataIndicators mMobileStrengthId[0]=com.android.systemui:drawable/stat_sys_signal_cdma_null mMobileStrengthId[1]=com.android.systemui:drawable/stat_sys_signal_cdma_null
01-18 14:24:31.620 I/CTMSimSignalCluster(  600): getAcitivyTypeIconId type=2 inout=0 subscription0
01-18 14:24:31.620 I/CTMSimSignalCluster(  600): SetMobileDataIndicators MNoSimIconVisiable 0=true
01-18 14:24:31.620 I/twfx    (  600): data activity sub= 0 refreshViews TRUE
01-18 14:24:31.620 I/CTMSimSignalCluster(  600): setMobileDataIndicators subscription=0
01-18 14:24:31.620 I/CTMSimSignalCluster(  600): setMobileDataIndicators strengthIcon 0=com.android.systemui:drawable/stat_sys_signal_null
01-18 14:24:31.620 I/CTMSimSignalCluster(  600): setMobileDataIndicators visible=true
01-18 14:24:31.620 I/CTMSimSignalCluster(  600): setMobileDataIndicators simServiceState=1 home null null 00000  Unknown CSS not supported 0 0 mDataState=1 RoamInd=1 DefRoamInd=1 EmergOnly=false
01-18 14:24:31.620 I/CTMSimSignalCluster(  600): setMobileDataIndicators isRoam=false
01-18 14:24:31.620 I/CTMSimSignalCluster(  600): setMobileDataIndicators dataConnect=false
01-18 14:24:31.620 I/CTMSimSignalCluster(  600): voice radio technology is0 isGSM = false isRoam= false
01-18 14:24:31.620 I/CTMSimSignalCluster(  600): voice radio technology is0 isGSM = false isRoam= false
01-18 14:24:31.630 I/CTMSimSignalCluster(  600): setMobileDataIndicators mMobileStrengthId[0]=com.android.systemui:drawable/stat_sys_signal_cdma_null mMobileStrengthId[1]=com.android.systemui:drawable/stat_sys_signal_cdma_null
01-18 14:24:31.630 I/CTMSimSignalCluster(  600): getAcitivyTypeIconId type=2 inout=0 subscription0
01-18 14:24:31.630 I/CTMSimSignalCluster(  600): SetMobileDataIndicators MNoSimIconVisiable 0=true
01-18 14:24:31.630 I/twfx    (  600): data activity sub= 0 refreshViews OVER ALMOST
01-18 14:24:31.630 I/twfx    (  600): data activity sub= 0 refreshViews last activity mLastDataDirectionOverlayIconId=2130838071 true sub=0
01-18 14:24:32.650 D/PowerManager(  680): RILJ [acquire]
01-18 14:24:32.650 D/PowerManager(  680): RILJ [release]
01-18 14:24:33.220 D/StateMachine(  481): handleMessage: E msg.what=131155
01-18 14:24:33.220 D/StateMachine(  481): processMsg: ConnectedState
01-18 14:24:33.220 D/WifiStateMachine(  481): ConnectedState{ what=131155 when=-5ms arg1=6 }
01-18 14:24:33.220 D/StateMachine(  481): processMsg: L2ConnectedState
01-18 14:24:33.220 D/WifiStateMachine(  481): L2ConnectedState{ what=131155 when=-6ms arg1=6 }
01-18 14:24:33.220 D/wpa_supplicant(  771): wpa_s 0x409865a0 cmd SIGNAL_POLL
01-18 14:24:33.220 D/wpa_supplicant(  771): nl80211: survey data missing!
01-18 14:24:33.240 D/StateMachine(  481): handleMessage: X
01-18 14:24:33.240 D/StatusBar.NetworkController(  600): updateWifiState intent:Intent { act=android.net.wifi.RSSI_CHANGED flg=0x8000010 (has extras) }
01-18 14:24:33.240 D/StatusBar.NetworkController(  600): in updateWifiIcons, mWifiConnected: true, mDataAndWifiStacked: false, mWifiLevel: 3
01-18 14:24:33.240 D/StatusBar.NetworkController(  600): lz mWifiSsid:431
01-18 14:24:33.240 D/StatusBar.NetworkController(  600): in updateWifiIcons, mFmcState: 0
01-18 14:24:33.250 I/twfx    (  600): data activity sub= 0 refreshViews
01-18 14:24:33.250 I/twfx    (  600): data activity sub= 0 refreshViews mLastDataDirectionOverlayIconIdArray[subscription]=2130838070
01-18 14:24:33.250 I/twfx    (  600): data activity sub= 0 refreshViews TRUE
01-18 14:24:33.260 I/CTMSimSignalCluster(  600): setMobileDataIndicators subscription=0
01-18 14:24:33.260 I/CTMSimSignalCluster(  600): setMobileDataIndicators strengthIcon 0=com.android.systemui:drawable/stat_sys_signal_null
01-18 14:24:33.260 I/CTMSimSignalCluster(  600): setMobileDataIndicators visible=true
01-18 14:24:33.260 I/CTMSimSignalCluster(  600): setMobileDataIndicators simServiceState=1 home null null 00000  Unknown CSS not supported 0 0 mDataState=1 RoamInd=1 DefRoamInd=1 EmergOnly=false
01-18 14:24:33.260 I/CTMSimSignalCluster(  600): setMobileDataIndicators isRoam=false
01-18 14:24:33.260 I/CTMSimSignalCluster(  600): setMobileDataIndicators dataConnect=false
01-18 14:24:33.260 I/CTMSimSignalCluster(  600): voice radio technology is0 isGSM = false isRoam= false
01-18 14:24:33.260 I/CTMSimSignalCluster(  600): voice radio technology is0 isGSM = false isRoam= false
01-18 14:24:33.260 I/CTMSimSignalCluster(  600): setMobileDataIndicators mMobileStrengthId[0]=com.android.systemui:drawable/stat_sys_signal_cdma_null mMobileStrengthId[1]=com.android.systemui:drawable/stat_sys_signal_cdma_null
01-18 14:24:33.260 I/CTMSimSignalCluster(  600): getAcitivyTypeIconId type=2 inout=0 subscription0
01-18 14:24:33.260 I/CTMSimSignalCluster(  600): SetMobileDataIndicators MNoSimIconVisiable 0=true
01-18 14:24:33.270 I/twfx    (  600): data activity sub= 0 refreshViews TRUE
01-18 14:24:33.270 I/CTMSimSignalCluster(  600): setMobileDataIndicators subscription=0
01-18 14:24:33.270 I/CTMSimSignalCluster(  600): setMobileDataIndicators strengthIcon 0=com.android.systemui:drawable/stat_sys_signal_null
01-18 14:24:33.270 I/CTMSimSignalCluster(  600): setMobileDataIndicators visible=true
01-18 14:24:33.270 I/CTMSimSignalCluster(  600): setMobileDataIndicators simServiceState=1 home null null 00000  Unknown CSS not supported 0 0 mDataState=1 RoamInd=1 DefRoamInd=1 EmergOnly=false
01-18 14:24:33.270 I/CTMSimSignalCluster(  600): setMobileDataIndicators isRoam=false
01-18 14:24:33.270 I/CTMSimSignalCluster(  600): setMobileDataIndicators dataConnect=false
01-18 14:24:33.270 I/CTMSimSignalCluster(  600): voice radio technology is0 isGSM = false isRoam= false
01-18 14:24:33.270 I/CTMSimSignalCluster(  600): voice radio technology is0 isGSM = false isRoam= false
01-18 14:24:33.270 I/CTMSimSignalCluster(  600): setMobileDataIndicators mMobileStrengthId[0]=com.android.systemui:drawable/stat_sys_signal_cdma_null mMobileStrengthId[1]=com.android.systemui:drawable/stat_sys_signal_cdma_null
01-18 14:24:33.270 I/CTMSimSignalCluster(  600): getAcitivyTypeIconId type=2 inout=0 subscription0
01-18 14:24:33.270 I/CTMSimSignalCluster(  600): SetMobileDataIndicators MNoSimIconVisiable 0=true
01-18 14:24:33.270 I/twfx    (  600): data activity sub= 0 refreshViews OVER ALMOST
01-18 14:24:33.590 I/twfx    (  600): data activity sub= 0 refreshViews
01-18 14:24:33.590 I/twfx    (  600): data activity sub= 0 refreshViews mLastDataDirectionOverlayIconIdArray[subscription]=2130838070
01-18 14:24:33.590 I/twfx    (  600): data activity sub= 0 refreshViews TRUE
01-18 14:24:33.600 I/CTMSimSignalCluster(  600): setMobileDataIndicators subscription=0
01-18 14:24:33.600 I/CTMSimSignalCluster(  600): setMobileDataIndicators strengthIcon 0=com.android.systemui:drawable/stat_sys_signal_null
01-18 14:24:33.600 I/CTMSimSignalCluster(  600): setMobileDataIndicators visible=true
01-18 14:24:33.600 I/CTMSimSignalCluster(  600): setMobileDataIndicators simServiceState=1 home null null 00000  Unknown CSS not supported 0 0 mDataState=1 RoamInd=1 DefRoamInd=1 EmergOnly=false
01-18 14:24:33.610 I/CTMSimSignalCluster(  600): setMobileDataIndicators isRoam=false
01-18 14:24:33.610 I/CTMSimSignalCluster(  600): setMobileDataIndicators dataConnect=false
01-18 14:24:33.610 I/CTMSimSignalCluster(  600): voice radio technology is0 isGSM = false isRoam= false
01-18 14:24:33.610 I/CTMSimSignalCluster(  600): voice radio technology is0 isGSM = false isRoam= false
01-18 14:24:33.620 I/CTMSimSignalCluster(  600): setMobileDataIndicators mMobileStrengthId[0]=com.android.systemui:drawable/stat_sys_signal_cdma_null mMobileStrengthId[1]=com.android.systemui:drawable/stat_sys_signal_cdma_null
01-18 14:24:33.620 I/CTMSimSignalCluster(  600): getAcitivyTypeIconId type=2 inout=0 subscription0
01-18 14:24:33.620 I/CTMSimSignalCluster(  600): SetMobileDataIndicators MNoSimIconVisiable 0=true
01-18 14:24:33.630 I/twfx    (  600): data activity sub= 0 refreshViews TRUE
01-18 14:24:33.630 I/CTMSimSignalCluster(  600): setMobileDataIndicators subscription=0
01-18 14:24:33.630 I/CTMSimSignalCluster(  600): setMobileDataIndicators strengthIcon 0=com.android.systemui:drawable/stat_sys_signal_null
01-18 14:24:33.630 I/CTMSimSignalCluster(  600): setMobileDataIndicators visible=true
01-18 14:24:33.630 I/CTMSimSignalCluster(  600): setMobileDataIndicators simServiceState=1 home null null 00000  Unknown CSS not supported 0 0 mDataState=1 RoamInd=1 DefRoamInd=1 EmergOnly=false
01-18 14:24:33.630 I/CTMSimSignalCluster(  600): setMobileDataIndicators isRoam=false
01-18 14:24:33.630 I/CTMSimSignalCluster(  600): setMobileDataIndicators dataConnect=false
01-18 14:24:33.630 I/CTMSimSignalCluster(  600): voice radio technology is0 isGSM = false isRoam= false
01-18 14:24:33.630 I/CTMSimSignalCluster(  600): voice radio technology is0 isGSM = false isRoam= false
01-18 14:24:33.630 I/CTMSimSignalCluster(  600): setMobileDataIndicators mMobileStrengthId[0]=com.android.systemui:drawable/stat_sys_signal_cdma_null mMobileStrengthId[1]=com.android.systemui:drawable/stat_sys_signal_cdma_null
01-18 14:24:33.630 I/CTMSimSignalCluster(  600): getAcitivyTypeIconId type=2 inout=0 subscription0
01-18 14:24:33.630 I/CTMSimSignalCluster(  600): SetMobileDataIndicators MNoSimIconVisiable 0=true
01-18 14:24:33.640 I/twfx    (  600): data activity sub= 0 refreshViews OVER ALMOST
01-18 14:24:33.640 I/twfx    (  600): data activity sub= 0 refreshViews last activity mLastDataDirectionOverlayIconId=2130838070 true sub=0
01-18 14:24:34.590 I/twfx    (  600): data activity sub= 0 refreshViews
01-18 14:24:34.590 I/twfx    (  600): data activity sub= 0 refreshViews mLastDataDirectionOverlayIconIdArray[subscription]=2130838071
01-18 14:24:34.590 I/twfx    (  600): data activity sub= 0 refreshViews TRUE
01-18 14:24:34.600 I/CTMSimSignalCluster(  600): setMobileDataIndicators subscription=0
01-18 14:24:34.600 I/CTMSimSignalCluster(  600): setMobileDataIndicators strengthIcon 0=com.android.systemui:drawable/stat_sys_signal_null
01-18 14:24:34.600 I/CTMSimSignalCluster(  600): setMobileDataIndicators visible=true
01-18 14:24:34.600 I/CTMSimSignalCluster(  600): setMobileDataIndicators simServiceState=1 home null null 00000  Unknown CSS not supported 0 0 mDataState=1 RoamInd=1 DefRoamInd=1 EmergOnly=false
01-18 14:24:34.610 I/CTMSimSignalCluster(  600): setMobileDataIndicators isRoam=false
01-18 14:24:34.610 I/CTMSimSignalCluster(  600): setMobileDataIndicators dataConnect=false
01-18 14:24:34.610 I/CTMSimSignalCluster(  600): voice radio technology is0 isGSM = false isRoam= false
01-18 14:24:34.610 I/CTMSimSignalCluster(  600): voice radio technology is0 isGSM = false isRoam= false
01-18 14:24:34.620 I/CTMSimSignalCluster(  600): setMobileDataIndicators mMobileStrengthId[0]=com.android.systemui:drawable/stat_sys_signal_cdma_null mMobileStrengthId[1]=com.android.systemui:drawable/stat_sys_signal_cdma_null
01-18 14:24:34.620 I/CTMSimSignalCluster(  600): getAcitivyTypeIconId type=2 inout=0 subscription0
01-18 14:24:34.620 I/CTMSimSignalCluster(  600): SetMobileDataIndicators MNoSimIconVisiable 0=true
01-18 14:24:34.620 I/twfx    (  600): data activity sub= 0 refreshViews TRUE
01-18 14:24:34.620 I/CTMSimSignalCluster(  600): setMobileDataIndicators subscription=0
01-18 14:24:34.620 I/CTMSimSignalCluster(  600): setMobileDataIndicators strengthIcon 0=com.android.systemui:drawable/stat_sys_signal_null
01-18 14:24:34.620 I/CTMSimSignalCluster(  600): setMobileDataIndicators visible=true
01-18 14:24:34.620 I/CTMSimSignalCluster(  600): setMobileDataIndicators simServiceState=1 home null null 00000  Unknown CSS not supported 0 0 mDataState=1 RoamInd=1 DefRoamInd=1 EmergOnly=false
01-18 14:24:34.620 I/CTMSimSignalCluster(  600): setMobileDataIndicators isRoam=false
01-18 14:24:34.620 I/CTMSimSignalCluster(  600): setMobileDataIndicators dataConnect=false
01-18 14:24:34.630 I/CTMSimSignalCluster(  600): voice radio technology is0 isGSM = false isRoam= false
01-18 14:24:34.630 I/CTMSimSignalCluster(  600): voice radio technology is0 isGSM = false isRoam= false
01-18 14:24:34.630 I/CTMSimSignalCluster(  600): setMobileDataIndicators mMobileStrengthId[0]=com.android.systemui:drawable/stat_sys_signal_cdma_null mMobileStrengthId[1]=com.android.systemui:drawable/stat_sys_signal_cdma_null
01-18 14:24:34.630 I/CTMSimSignalCluster(  600): getAcitivyTypeIconId type=2 inout=0 subscription0
01-18 14:24:34.630 I/CTMSimSignalCluster(  600): SetMobileDataIndicators MNoSimIconVisiable 0=true
01-18 14:24:34.630 I/twfx    (  600): data activity sub= 0 refreshViews OVER ALMOST
01-18 14:24:34.630 I/twfx    (  600): data activity sub= 0 refreshViews last activity mLastDataDirectionOverlayIconId=2130838071 true sub=0
01-18 14:24:36.240 D/StateMachine(  481): handleMessage: E msg.what=131155
01-18 14:24:36.240 D/StateMachine(  481): processMsg: ConnectedState
01-18 14:24:36.240 D/WifiStateMachine(  481): ConnectedState{ what=131155 when=-6ms arg1=6 }
01-18 14:24:36.250 D/StateMachine(  481): processMsg: L2ConnectedState
01-18 14:24:36.250 D/WifiStateMachine(  481): L2ConnectedState{ what=131155 when=-13ms arg1=6 }
01-18 14:24:36.250 D/wpa_supplicant(  771): wpa_s 0x409865a0 cmd SIGNAL_POLL
01-18 14:24:36.260 D/wpa_supplicant(  771): nl80211: survey data missing!
01-18 14:24:36.270 D/StateMachine(  481): handleMessage: X
01-18 14:24:36.270 D/StatusBar.NetworkController(  600): updateWifiState intent:Intent { act=android.net.wifi.RSSI_CHANGED flg=0x8000010 (has extras) }
01-18 14:24:36.270 D/StatusBar.NetworkController(  600): in updateWifiIcons, mWifiConnected: true, mDataAndWifiStacked: false, mWifiLevel: 2
01-18 14:24:36.270 D/StatusBar.NetworkController(  600): lz mWifiSsid:431
01-18 14:24:36.270 D/StatusBar.NetworkController(  600): in updateWifiIcons, mFmcState: 0
01-18 14:24:36.280 I/twfx    (  600): data activity sub= 0 refreshViews
01-18 14:24:36.280 I/twfx    (  600): data activity sub= 0 refreshViews mLastDataDirectionOverlayIconIdArray[subscription]=0
01-18 14:24:36.280 I/twfx    (  600): data activity sub= 0 refreshViews TRUE
01-18 14:24:36.280 I/CTMSimSignalCluster(  600): setMobileDataIndicators subscription=0
01-18 14:24:36.280 I/CTMSimSignalCluster(  600): setMobileDataIndicators strengthIcon 0=com.android.systemui:drawable/stat_sys_signal_null
01-18 14:24:36.280 I/CTMSimSignalCluster(  600): setMobileDataIndicators visible=true
01-18 14:24:36.280 I/CTMSimSignalCluster(  600): setMobileDataIndicators simServiceState=1 home null null 00000  Unknown CSS not supported 0 0 mDataState=1 RoamInd=1 DefRoamInd=1 EmergOnly=false
