01-01 19:52:12.969 I/CTMSimSignalCluster(  605): SetMobileDataIndicators MNoSimIconVisiable 0=true
01-01 19:52:12.969 I/twfx    (  605): data activity sub= 0 refreshViews OVER ALMOST
01-01 19:52:12.969 I/twfx    (  605): data activity sub= 0 refreshViews last activity mLastDataDirectionOverlayIconId=0 true sub=0
01-01 19:52:12.979 D/dalvikvm(  652): WAIT_FOR_CONCURRENT_GC blocked 0ms
01-01 19:52:13.029 D/dalvikvm(  652): GC_EXPLICIT freed 238K, 11% free 9358K/10503K, paused 2ms+4ms, total 48ms
01-01 19:52:13.359 D/dalvikvm(  518): WAIT_FOR_CONCURRENT_GC blocked 0ms
01-01 19:52:13.459 D/dalvikvm(  518): GC_EXPLICIT freed 113K, 49% free 13020K/25351K, paused 4ms+8ms, total 100ms
01-01 19:52:13.819 D/dalvikvm(  652): GC_CONCURRENT freed 224K, 10% free 9519K/10503K, paused 12ms+5ms, total 46ms
01-01 19:52:13.869 D/dalvikvm(  518): WAIT_FOR_CONCURRENT_GC blocked 0ms
01-01 19:52:13.959 D/dalvikvm(  518): GC_EXPLICIT freed 110K, 49% free 13021K/25351K, paused 3ms+7ms, total 89ms
01-01 19:52:13.959 I/twfx    (  605): data activity sub= 0 refreshViews
01-01 19:52:13.969 I/twfx    (  605): data activity sub= 0 refreshViews mLastDataDirectionOverlayIconIdArray[subscription]=2130838071
01-01 19:52:13.969 I/twfx    (  605): data activity sub= 0 refreshViews TRUE
01-01 19:52:13.969 I/CTMSimSignalCluster(  605): setMobileDataIndicators subscription=0
01-01 19:52:13.969 I/CTMSimSignalCluster(  605): setMobileDataIndicators strengthIcon 0=com.android.systemui:drawable/stat_sys_signal_null
01-01 19:52:13.969 I/CTMSimSignalCluster(  605): setMobileDataIndicators visible=true
01-01 19:52:13.969 I/CTMSimSignalCluster(  605): setMobileDataIndicators simServiceState=1 home null null 00000  Unknown CSS not supported 0 0 mDataState=1 RoamInd=1 DefRoamInd=1 EmergOnly=false
01-01 19:52:13.969 I/CTMSimSignalCluster(  605): setMobileDataIndicators isRoam=false
01-01 19:52:13.969 I/CTMSimSignalCluster(  605): setMobileDataIndicators dataConnect=false
01-01 19:52:13.969 I/CTMSimSignalCluster(  605): voice radio technology is0 isGSM = false isRoam= false
01-01 19:52:13.969 I/CTMSimSignalCluster(  605): voice radio technology is0 isGSM = false isRoam= false
01-01 19:52:13.969 I/CTMSimSignalCluster(  605): setMobileDataIndicators mMobileStrengthId[0]=com.android.systemui:drawable/stat_sys_signal_cdma_null mMobileStrengthId[1]=com.android.systemui:drawable/stat_sys_signal_cdma_null
01-01 19:52:13.969 I/CTMSimSignalCluster(  605): getAcitivyTypeIconId type=2 inout=0 subscription0
01-01 19:52:13.969 I/CTMSimSignalCluster(  605): SetMobileDataIndicators MNoSimIconVisiable 0=true
01-01 19:52:13.969 I/twfx    (  605): data activity sub= 0 refreshViews TRUE
01-01 19:52:13.969 I/CTMSimSignalCluster(  605): setMobileDataIndicators subscription=0
01-01 19:52:13.969 I/CTMSimSignalCluster(  605): setMobileDataIndicators strengthIcon 0=com.android.systemui:drawable/stat_sys_signal_null
01-01 19:52:13.969 I/CTMSimSignalCluster(  605): setMobileDataIndicators visible=true
01-01 19:52:13.969 I/CTMSimSignalCluster(  605): setMobileDataIndicators simServiceState=1 home null null 00000  Unknown CSS not supported 0 0 mDataState=1 RoamInd=1 DefRoamInd=1 EmergOnly=false
01-01 19:52:13.969 I/CTMSimSignalCluster(  605): setMobileDataIndicators isRoam=false
01-01 19:52:13.969 I/CTMSimSignalCluster(  605): setMobileDataIndicators dataConnect=false
01-01 19:52:13.969 I/CTMSimSignalCluster(  605): voice radio technology is0 isGSM = false isRoam= false
01-01 19:52:13.969 I/CTMSimSignalCluster(  605): voice radio technology is0 isGSM = false isRoam= false
01-01 19:52:13.969 I/CTMSimSignalCluster(  605): setMobileDataIndicators mMobileStrengthId[0]=com.android.systemui:drawable/stat_sys_signal_cdma_null mMobileStrengthId[1]=com.android.systemui:drawable/stat_sys_signal_cdma_null
01-01 19:52:13.969 I/CTMSimSignalCluster(  605): getAcitivyTypeIconId type=2 inout=0 subscription0
01-01 19:52:13.969 I/CTMSimSignalCluster(  605): SetMobileDataIndicators MNoSimIconVisiable 0=true
01-01 19:52:13.969 I/twfx    (  605): data activity sub= 0 refreshViews OVER ALMOST
01-01 19:52:13.969 I/twfx    (  605): data activity sub= 0 refreshViews last activity mLastDataDirectionOverlayIconId=2130838071 true sub=0
01-01 19:52:14.069 D/dalvikvm(  652): WAIT_FOR_CONCURRENT_GC blocked 0ms
01-01 19:52:14.109 D/dalvikvm(  652): GC_EXPLICIT freed 237K, 11% free 9359K/10503K, paused 2ms+3ms, total 41ms
01-01 19:52:14.409 D/dalvikvm(  518): WAIT_FOR_CONCURRENT_GC blocked 0ms
01-01 19:52:14.499 D/dalvikvm(  518): GC_EXPLICIT freed 111K, 49% free 13020K/25351K, paused 3ms+7ms, total 90ms
01-01 19:52:14.709 D/wpa_supplicant(  760): RTM_NEWLINK: operstate=1 ifi_flags=0x11043 ([UP][RUNNING][LOWER_UP])
01-01 19:52:14.709 D/wpa_supplicant(  760): RTM_NEWLINK, IFLA_IFNAME: Interface 'wlan0' added
01-01 19:52:14.709 D/wpa_supplicant(  760): nl80211: if_removed already cleared - ignore event
01-01 19:52:14.879 D/dalvikvm(  652): GC_CONCURRENT freed 225K, 10% free 9519K/10503K, paused 12ms+5ms, total 46ms
01-01 19:52:14.939 D/dalvikvm(  518): WAIT_FOR_CONCURRENT_GC blocked 0ms
01-01 19:52:14.969 I/twfx    (  605): data activity sub= 0 refreshViews
01-01 19:52:14.969 I/twfx    (  605): data activity sub= 0 refreshViews mLastDataDirectionOverlayIconIdArray[subscription]=2130838070
01-01 19:52:14.969 I/twfx    (  605): data activity sub= 0 refreshViews TRUE
01-01 19:52:14.969 I/CTMSimSignalCluster(  605): setMobileDataIndicators subscription=0
01-01 19:52:14.969 I/CTMSimSignalCluster(  605): setMobileDataIndicators strengthIcon 0=com.android.systemui:drawable/stat_sys_signal_null
01-01 19:52:14.969 I/CTMSimSignalCluster(  605): setMobileDataIndicators visible=true
01-01 19:52:14.969 I/CTMSimSignalCluster(  605): setMobileDataIndicators simServiceState=1 home null null 00000  Unknown CSS not supported 0 0 mDataState=1 RoamInd=1 DefRoamInd=1 EmergOnly=false
01-01 19:52:14.969 I/CTMSimSignalCluster(  605): setMobileDataIndicators isRoam=false
01-01 19:52:14.969 I/CTMSimSignalCluster(  605): setMobileDataIndicators dataConnect=false
01-01 19:52:14.969 I/CTMSimSignalCluster(  605): voice radio technology is0 isGSM = false isRoam= false
01-01 19:52:14.969 I/CTMSimSignalCluster(  605): voice radio technology is0 isGSM = false isRoam= false
01-01 19:52:14.969 I/CTMSimSignalCluster(  605): setMobileDataIndicators mMobileStrengthId[0]=com.android.systemui:drawable/stat_sys_signal_cdma_null mMobileStrengthId[1]=com.android.systemui:drawable/stat_sys_signal_cdma_null
01-01 19:52:14.969 I/CTMSimSignalCluster(  605): getAcitivyTypeIconId type=2 inout=0 subscription0
01-01 19:52:14.969 I/CTMSimSignalCluster(  605): SetMobileDataIndicators MNoSimIconVisiable 0=true
01-01 19:52:14.969 I/twfx    (  605): data activity sub= 0 refreshViews TRUE
01-01 19:52:14.969 I/CTMSimSignalCluster(  605): setMobileDataIndicators subscription=0
01-01 19:52:14.969 I/CTMSimSignalCluster(  605): setMobileDataIndicators strengthIcon 0=com.android.systemui:drawable/stat_sys_signal_null
01-01 19:52:14.969 I/CTMSimSignalCluster(  605): setMobileDataIndicators visible=true
01-01 19:52:14.969 I/CTMSimSignalCluster(  605): setMobileDataIndicators simServiceState=1 home null null 00000  Unknown CSS not supported 0 0 mDataState=1 RoamInd=1 DefRoamInd=1 EmergOnly=false
01-01 19:52:14.969 I/CTMSimSignalCluster(  605): setMobileDataIndicators isRoam=false
01-01 19:52:14.969 I/CTMSimSignalCluster(  605): setMobileDataIndicators dataConnect=false
01-01 19:52:14.969 I/CTMSimSignalCluster(  605): voice radio technology is0 isGSM = false isRoam= false
01-01 19:52:14.969 I/CTMSimSignalCluster(  605): voice radio technology is0 isGSM = false isRoam= false
01-01 19:52:14.969 I/CTMSimSignalCluster(  605): setMobileDataIndicators mMobileStrengthId[0]=com.android.systemui:drawable/stat_sys_signal_cdma_null mMobileStrengthId[1]=com.android.systemui:drawable/stat_sys_signal_cdma_null
01-01 19:52:14.969 I/CTMSimSignalCluster(  605): getAcitivyTypeIconId type=2 inout=0 subscription0
01-01 19:52:14.969 I/CTMSimSignalCluster(  605): SetMobileDataIndicators MNoSimIconVisiable 0=true
01-01 19:52:14.969 I/twfx    (  605): data activity sub= 0 refreshViews OVER ALMOST
01-01 19:52:14.969 I/twfx    (  605): data activity sub= 0 refreshViews last activity mLastDataDirectionOverlayIconId=2130838070 true sub=0
01-01 19:52:15.029 D/StateMachine(  518): handleMessage: E msg.what=131155
01-01 19:52:15.029 D/StateMachine(  518): processMsg: ConnectedState
01-01 19:52:15.029 D/WifiStateMachine(  518): ConnectedState{ what=131155 when=-3ms arg1=2 }
01-01 19:52:15.029 D/StateMachine(  518): processMsg: L2ConnectedState
01-01 19:52:15.029 D/WifiStateMachine(  518): L2ConnectedState{ what=131155 when=-3ms arg1=2 }
01-01 19:52:15.029 D/wpa_supplicant(  760): wpa_s 0x40df35a0 cmd SIGNAL_POLL
01-01 19:52:15.039 D/wpa_supplicant(  760): nl80211: survey data missing!
01-01 19:52:15.039 D/StateMachine(  518): handleMessage: X
01-01 19:52:15.059 D/dalvikvm(  518): GC_EXPLICIT freed 114K, 49% free 13022K/25351K, paused 3ms+10ms, total 116ms
01-01 19:52:15.059 D/PowerManager(  766): GTALK_CONN [acquire]
01-01 19:52:15.069 E/GTalkService(  766): connectionClosed: no XMPPConnection - That's strange!
01-01 19:52:15.079 D/PowerManager(  766): GTALK_CONN [release]
01-01 19:52:15.079 D/PowerManager(  766): GTALK_ASYNC_CONN_com.google.android.gsf.gtalkservice.AndroidEndpoint [release]
01-01 19:52:15.139 D/dalvikvm(  652): WAIT_FOR_CONCURRENT_GC blocked 0ms
01-01 19:52:15.179 D/dalvikvm(  652): GC_EXPLICIT freed 238K, 11% free 9358K/10503K, paused 2ms+3ms, total 40ms
01-01 19:52:15.519 D/dalvikvm(  518): WAIT_FOR_CONCURRENT_GC blocked 0ms
01-01 19:52:15.599 D/dalvikvm(  518): GC_EXPLICIT freed 117K, 49% free 13020K/25351K, paused 3ms+7ms, total 87ms
01-01 19:52:15.979 D/dalvikvm(  652): GC_CONCURRENT freed 224K, 10% free 9518K/10503K, paused 12ms+6ms, total 46ms
01-01 19:52:16.029 D/dalvikvm(  518): WAIT_FOR_CONCURRENT_GC blocked 0ms
01-01 19:52:16.119 D/dalvikvm(  518): GC_EXPLICIT freed 110K, 49% free 13021K/25351K, paused 4ms+8ms, total 91ms
01-01 19:52:16.209 D/dalvikvm(  652): WAIT_FOR_CONCURRENT_GC blocked 0ms
01-01 19:52:16.259 D/dalvikvm(  652): GC_EXPLICIT freed 238K, 11% free 9359K/10503K, paused 2ms+3ms, total 49ms
01-01 19:52:16.589 D/dalvikvm(  518): WAIT_FOR_CONCURRENT_GC blocked 0ms
01-01 19:52:16.679 D/dalvikvm(  518): GC_EXPLICIT freed 111K, 49% free 13020K/25351K, paused 3ms+7ms, total 90ms
01-01 19:52:16.969 I/twfx    (  605): data activity sub= 0 refreshViews
01-01 19:52:16.969 I/twfx    (  605): data activity sub= 0 refreshViews mLastDataDirectionOverlayIconIdArray[subscription]=2130838071
01-01 19:52:16.969 I/twfx    (  605): data activity sub= 0 refreshViews TRUE
01-01 19:52:16.969 I/CTMSimSignalCluster(  605): setMobileDataIndicators subscription=0
01-01 19:52:16.969 I/CTMSimSignalCluster(  605): setMobileDataIndicators strengthIcon 0=com.android.systemui:drawable/stat_sys_signal_null
01-01 19:52:16.969 I/CTMSimSignalCluster(  605): setMobileDataIndicators visible=true
01-01 19:52:16.969 I/CTMSimSignalCluster(  605): setMobileDataIndicators simServiceState=1 home null null 00000  Unknown CSS not supported 0 0 mDataState=1 RoamInd=1 DefRoamInd=1 EmergOnly=false
01-01 19:52:16.969 I/CTMSimSignalCluster(  605): setMobileDataIndicators isRoam=false
01-01 19:52:16.969 I/CTMSimSignalCluster(  605): setMobileDataIndicators dataConnect=false
01-01 19:52:16.969 I/CTMSimSignalCluster(  605): voice radio technology is0 isGSM = false isRoam= false
01-01 19:52:16.969 I/CTMSimSignalCluster(  605): voice radio technology is0 isGSM = false isRoam= false
01-01 19:52:16.969 I/CTMSimSignalCluster(  605): setMobileDataIndicators mMobileStrengthId[0]=com.android.systemui:drawable/stat_sys_signal_cdma_null mMobileStrengthId[1]=com.android.systemui:drawable/stat_sys_signal_cdma_null
01-01 19:52:16.969 I/CTMSimSignalCluster(  605): getAcitivyTypeIconId type=2 inout=0 subscription0
01-01 19:52:16.969 I/CTMSimSignalCluster(  605): SetMobileDataIndicators MNoSimIconVisiable 0=true
01-01 19:52:16.979 I/twfx    (  605): data activity sub= 0 refreshViews TRUE
01-01 19:52:16.979 I/CTMSimSignalCluster(  605): setMobileDataIndicators subscription=0
01-01 19:52:16.979 I/CTMSimSignalCluster(  605): setMobileDataIndicators strengthIcon 0=com.android.systemui:drawable/stat_sys_signal_null
01-01 19:52:16.979 I/CTMSimSignalCluster(  605): setMobileDataIndicators visible=true
01-01 19:52:16.979 I/CTMSimSignalCluster(  605): setMobileDataIndicators simServiceState=1 home null null 00000  Unknown CSS not supported 0 0 mDataState=1 RoamInd=1 DefRoamInd=1 EmergOnly=false
01-01 19:52:16.979 I/CTMSimSignalCluster(  605): setMobileDataIndicators isRoam=false
01-01 19:52:16.979 I/CTMSimSignalCluster(  605): setMobileDataIndicators dataConnect=false
01-01 19:52:16.979 I/CTMSimSignalCluster(  605): voice radio technology is0 isGSM = false isRoam= false
01-01 19:52:16.979 I/CTMSimSignalCluster(  605): voice radio technology is0 isGSM = false isRoam= false
01-01 19:52:16.979 I/CTMSimSignalCluster(  605): setMobileDataIndicators mMobileStrengthId[0]=com.android.systemui:drawable/stat_sys_signal_cdma_null mMobileStrengthId[1]=com.android.systemui:drawable/stat_sys_signal_cdma_null
01-01 19:52:16.979 I/CTMSimSignalCluster(  605): getAcitivyTypeIconId type=2 inout=0 subscription0
01-01 19:52:16.979 I/CTMSimSignalCluster(  605): SetMobileDataIndicators MNoSimIconVisiable 0=true
01-01 19:52:16.979 I/twfx    (  605): data activity sub= 0 refreshViews OVER ALMOST
01-01 19:52:16.979 I/twfx    (  605): data activity sub= 0 refreshViews last activity mLastDataDirectionOverlayIconId=2130838071 true sub=0
01-01 19:52:17.019 D/AppActive( 1996): 1/CORE now 1483271537026
01-01 19:52:17.089 D/dalvikvm(  652): GC_CONCURRENT freed 225K, 10% free 9518K/10503K, paused 14ms+16ms, total 63ms
01-01 19:52:17.139 D/dalvikvm(  518): WAIT_FOR_CONCURRENT_GC blocked 0ms
01-01 19:52:17.229 D/dalvikvm(  518): GC_EXPLICIT freed 110K, 49% free 13021K/25351K, paused 4ms+8ms, total 92ms
01-01 19:52:17.319 D/dalvikvm(  652): WAIT_FOR_CONCURRENT_GC blocked 0ms
01-01 19:52:17.359 D/dalvikvm(  652): GC_EXPLICIT freed 239K, 11% free 9358K/10503K, paused 2ms+3ms, total 41ms
01-01 19:52:17.679 D/dalvikvm(  518): WAIT_FOR_CONCURRENT_GC blocked 0ms
01-01 19:52:17.789 D/dalvikvm(  518): GC_EXPLICIT freed 115K, 49% free 13020K/25351K, paused 3ms+9ms, total 109ms
01-01 19:52:18.049 D/StateMachine(  518): handleMessage: E msg.what=131155
01-01 19:52:18.049 D/StateMachine(  518): processMsg: ConnectedState
01-01 19:52:18.049 D/WifiStateMachine(  518): ConnectedState{ what=131155 when=-1ms arg1=2 }
01-01 19:52:18.049 D/StateMachine(  518): processMsg: L2ConnectedState
01-01 19:52:18.049 D/WifiStateMachine(  518): L2ConnectedState{ what=131155 when=-1ms arg1=2 }
01-01 19:52:18.049 D/wpa_supplicant(  760): wpa_s 0x40df35a0 cmd SIGNAL_POLL
01-01 19:52:18.049 D/wpa_supplicant(  760): nl80211: survey data missing!
01-01 19:52:18.049 D/StateMachine(  518): handleMessage: X
01-01 19:52:18.079 D/StatusBar.MSimNetworkController(  605): updateDataIcon NETWORK_TYPE_UNKNOWN hide dataicon
01-01 19:52:18.079 D/StatusBar.MSimNetworkController(  605): signalTest no card in  subscription=0
01-01 19:52:18.089 D/StatusBar.MSimNetworkController(  605): signalTest no card in  subscription=1
01-01 19:52:18.089 D/StatusBar.NetworkController(  605): in updateWifiIcons, mWifiConnected: true, mDataAndWifiStacked: false, mWifiLevel: 2
01-01 19:52:18.089 D/StatusBar.NetworkController(  605): in updateWifiIcons, mFmcState: 0
01-01 19:52:18.089 I/twfx    (  605): data activity sub= 0 refreshViews
01-01 19:52:18.089 I/twfx    (  605): data activity sub= 0 refreshViews mLastDataDirectionOverlayIconIdArray[subscription]=0
01-01 19:52:18.089 I/twfx    (  605): data activity sub= 0 refreshViews OVER ALMOST
01-01 19:52:18.189 D/dalvikvm(  652): GC_CONCURRENT freed 226K, 10% free 9518K/10503K, paused 12ms+6ms, total 45ms
01-01 19:52:18.239 D/dalvikvm(  518): WAIT_FOR_CONCURRENT_GC blocked 0ms
01-01 19:52:18.339 D/dalvikvm(  518): GC_EXPLICIT freed 119K, 49% free 13019K/25351K, paused 4ms+7ms, total 98ms
01-01 19:52:18.419 D/dalvikvm(  652): WAIT_FOR_CONCURRENT_GC blocked 0ms
01-01 19:52:18.469 D/dalvikvm(  652): GC_EXPLICIT freed 237K, 11% free 9358K/10503K, paused 3ms+3ms, total 42ms
01-01 19:52:18.789 D/dalvikvm(  518): WAIT_FOR_CONCURRENT_GC blocked 0ms
01-01 19:52:18.879 D/dalvikvm(  518): GC_EXPLICIT freed 112K, 49% free 13018K/25351K, paused 3ms+7ms, total 91ms
01-01 19:52:18.969 I/twfx    (  605): data activity sub= 0 refreshViews
01-01 19:52:18.969 I/twfx    (  605): data activity sub= 0 refreshViews mLastDataDirectionOverlayIconIdArray[subscription]=0
01-01 19:52:18.969 I/twfx    (  605): data activity sub= 0 refreshViews TRUE
01-01 19:52:18.969 I/CTMSimSignalCluster(  605): setMobileDataIndicators subscription=0
01-01 19:52:18.969 I/CTMSimSignalCluster(  605): setMobileDataIndicators strengthIcon 0=com.android.systemui:drawable/stat_sys_signal_null
01-01 19:52:18.969 I/CTMSimSignalCluster(  605): setMobileDataIndicators visible=true
01-01 19:52:18.969 I/CTMSimSignalCluster(  605): setMobileDataIndicators simServiceState=1 home null null 00000  Unknown CSS not supported 0 0 mDataState=1 RoamInd=1 DefRoamInd=1 EmergOnly=false
01-01 19:52:18.969 I/CTMSimSignalCluster(  605): setMobileDataIndicators isRoam=false
01-01 19:52:18.969 I/CTMSimSignalCluster(  605): setMobileDataIndicators dataConnect=false
01-01 19:52:18.969 I/CTMSimSignalCluster(  605): voice radio technology is0 isGSM = false isRoam= false
01-01 19:52:18.969 I/CTMSimSignalCluster(  605): voice radio technology is0 isGSM = false isRoam= false
01-01 19:52:18.979 I/CTMSimSignalCluster(  605): setMobileDataIndicators mMobileStrengthId[0]=com.android.systemui:drawable/stat_sys_signal_cdma_null mMobileStrengthId[1]=com.android.systemui:drawable/stat_sys_signal_cdma_null
01-01 19:52:18.979 I/CTMSimSignalCluster(  605): getAcitivyTypeIconId type=2 inout=0 subscription0
01-01 19:52:18.979 I/CTMSimSignalCluster(  605): SetMobileDataIndicators MNoSimIconVisiable 0=true
01-01 19:52:18.979 I/twfx    (  605): data activity sub= 0 refreshViews TRUE
01-01 19:52:18.979 I/CTMSimSignalCluster(  605): setMobileDataIndicators subscription=0
01-01 19:52:18.979 I/CTMSimSignalCluster(  605): setMobileDataIndicators strengthIcon 0=com.android.systemui:drawable/stat_sys_signal_null
01-01 19:52:18.979 I/CTMSimSignalCluster(  605): setMobileDataIndicators visible=true
01-01 19:52:18.979 I/CTMSimSignalCluster(  605): setMobileDataIndicators simServiceState=1 home null null 00000  Unknown CSS not supported 0 0 mDataState=1 RoamInd=1 DefRoamInd=1 EmergOnly=false
01-01 19:52:18.979 I/CTMSimSignalCluster(  605): setMobileDataIndicators isRoam=false
01-01 19:52:18.979 I/CTMSimSignalCluster(  605): setMobileDataIndicators dataConnect=false
01-01 19:52:18.979 I/CTMSimSignalCluster(  605): voice radio technology is0 isGSM = false isRoam= false
01-01 19:52:18.979 I/CTMSimSignalCluster(  605): voice radio technology is0 isGSM = false isRoam= false
01-01 19:52:18.979 I/CTMSimSignalCluster(  605): setMobileDataIndicators mMobileStrengthId[0]=com.android.systemui:drawable/stat_sys_signal_cdma_null mMobileStrengthId[1]=com.android.systemui:drawable/stat_sys_signal_cdma_null
01-01 19:52:18.979 I/CTMSimSignalCluster(  605): getAcitivyTypeIconId type=2 inout=0 subscription0
01-01 19:52:18.979 I/CTMSimSignalCluster(  605): SetMobileDataIndicators MNoSimIconVisiable 0=true
01-01 19:52:18.979 I/twfx    (  605): data activity sub= 0 refreshViews OVER ALMOST
01-01 19:52:18.979 I/twfx    (  605): data activity sub= 0 refreshViews last activity mLastDataDirectionOverlayIconId=0 true sub=0
01-01 19:52:19.299 D/dalvikvm(  652): GC_CONCURRENT freed 224K, 10% free 9518K/10503K, paused 12ms+6ms, total 51ms
01-01 19:52:19.349 D/dalvikvm(  518): WAIT_FOR_CONCURRENT_GC blocked 0ms
01-01 19:52:19.449 D/dalvikvm(  518): GC_EXPLICIT freed 112K, 49% free 13018K/25351K, paused 3ms+8ms, total 98ms
01-01 19:52:19.539 D/dalvikvm(  652): WAIT_FOR_CONCURRENT_GC blocked 0ms
01-01 19:52:19.579 D/dalvikvm(  652): GC_EXPLICIT freed 238K, 11% free 9359K/10503K, paused 2ms+3ms, total 40ms
01-01 19:52:19.719 D/wpa_supplicant(  760): RTM_NEWLINK: operstate=1 ifi_flags=0x11043 ([UP][RUNNING][LOWER_UP])
01-01 19:52:19.719 D/wpa_supplicant(  760): RTM_NEWLINK, IFLA_IFNAME: Interface 'wlan0' added
01-01 19:52:19.719 D/wpa_supplicant(  760): nl80211: if_removed already cleared - ignore event
01-01 19:52:19.899 D/dalvikvm(  518): WAIT_FOR_CONCURRENT_GC blocked 0ms
01-01 19:52:19.979 I/twfx    (  605): data activity sub= 0 refreshViews
01-01 19:52:19.979 I/twfx    (  605): data activity sub= 0 refreshViews mLastDataDirectionOverlayIconIdArray[subscription]=2130838071
01-01 19:52:19.979 I/twfx    (  605): data activity sub= 0 refreshViews TRUE
01-01 19:52:19.979 I/CTMSimSignalCluster(  605): setMobileDataIndicators subscription=0
01-01 19:52:19.979 I/CTMSimSignalCluster(  605): setMobileDataIndicators strengthIcon 0=com.android.systemui:drawable/stat_sys_signal_null
01-01 19:52:19.979 I/CTMSimSignalCluster(  605): setMobileDataIndicators visible=true
01-01 19:52:19.979 I/CTMSimSignalCluster(  605): setMobileDataIndicators simServiceState=1 home null null 00000  Unknown CSS not supported 0 0 mDataState=1 RoamInd=1 DefRoamInd=1 EmergOnly=false
01-01 19:52:19.979 I/CTMSimSignalCluster(  605): setMobileDataIndicators isRoam=false
01-01 19:52:19.979 I/CTMSimSignalCluster(  605): setMobileDataIndicators dataConnect=false
01-01 19:52:19.979 I/CTMSimSignalCluster(  605): voice radio technology is0 isGSM = false isRoam= false
01-01 19:52:19.979 I/CTMSimSignalCluster(  605): voice radio technology is0 isGSM = false isRoam= false
01-01 19:52:19.979 I/CTMSimSignalCluster(  605): setMobileDataIndicators mMobileStrengthId[0]=com.android.systemui:drawable/stat_sys_signal_cdma_null mMobileStrengthId[1]=com.android.systemui:drawable/stat_sys_signal_cdma_null
01-01 19:52:19.979 I/CTMSimSignalCluster(  605): getAcitivyTypeIconId type=2 inout=0 subscription0
01-01 19:52:19.979 I/CTMSimSignalCluster(  605): SetMobileDataIndicators MNoSimIconVisiable 0=true
01-01 19:52:19.989 I/twfx    (  605): data activity sub= 0 refreshViews TRUE
01-01 19:52:19.989 I/CTMSimSignalCluster(  605): setMobileDataIndicators subscription=0
01-01 19:52:19.989 I/CTMSimSignalCluster(  605): setMobileDataIndicators strengthIcon 0=com.android.systemui:drawable/stat_sys_signal_null
01-01 19:52:19.989 I/CTMSimSignalCluster(  605): setMobileDataIndicators visible=true
01-01 19:52:19.989 I/CTMSimSignalCluster(  605): setMobileDataIndicators simServiceState=1 home null null 00000  Unknown CSS not supported 0 0 mDataState=1 RoamInd=1 DefRoamInd=1 EmergOnly=false
01-01 19:52:19.989 I/CTMSimSignalCluster(  605): setMobileDataIndicators isRoam=false
01-01 19:52:19.989 I/CTMSimSignalCluster(  605): setMobileDataIndicators dataConnect=false
01-01 19:52:19.989 I/CTMSimSignalCluster(  605): voice radio technology is0 isGSM = false isRoam= false
01-01 19:52:19.989 I/CTMSimSignalCluster(  605): voice radio technology is0 isGSM = false isRoam= false
01-01 19:52:19.989 I/CTMSimSignalCluster(  605): setMobileDataIndicators mMobileStrengthId[0]=com.android.systemui:drawable/stat_sys_signal_cdma_null mMobileStrengthId[1]=com.android.systemui:drawable/stat_sys_signal_cdma_null
01-01 19:52:19.989 I/CTMSimSignalCluster(  605): getAcitivyTypeIconId type=2 inout=0 subscription0
01-01 19:52:19.989 I/CTMSimSignalCluster(  605): SetMobileDataIndicators MNoSimIconVisiable 0=true
01-01 19:52:19.989 I/twfx    (  605): data activity sub= 0 refreshViews OVER ALMOST
01-01 19:52:19.989 I/twfx    (  605): data activity sub= 0 refreshViews last activity mLastDataDirectionOverlayIconId=2130838071 true sub=0
01-01 19:52:19.999 D/dalvikvm(  518): GC_EXPLICIT freed 112K, 49% free 13018K/25351K, paused 3ms+16ms, total 97ms
01-01 19:52:20.399 D/dalvikvm(  652): GC_CONCURRENT freed 226K, 10% free 9519K/10503K, paused 12ms+5ms, total 47ms
01-01 19:52:20.459 D/dalvikvm(  518): WAIT_FOR_CONCURRENT_GC blocked 0ms
01-01 19:52:20.549 D/dalvikvm(  518): GC_EXPLICIT freed 110K, 49% free 13019K/25351K, paused 4ms+8ms, total 90ms
01-01 19:52:20.619 D/dalvikvm(  652): WAIT_FOR_CONCURRENT_GC blocked 0ms
01-01 19:52:20.669 D/dalvikvm(  652): GC_EXPLICIT freed 238K, 11% free 9358K/10503K, paused 4ms+3ms, total 43ms
01-01 19:52:21.009 D/dalvikvm(  518): WAIT_FOR_CONCURRENT_GC blocked 0ms
01-01 19:52:21.049 D/StateMachine(  518): handleMessage: E msg.what=131155
01-01 19:52:21.049 D/StateMachine(  518): processMsg: ConnectedState
01-01 19:52:21.049 D/WifiStateMachine(  518): ConnectedState{ what=131155 when=-4ms arg1=2 }
01-01 19:52:21.049 D/StateMachine(  518): processMsg: L2ConnectedState
01-01 19:52:21.049 D/WifiStateMachine(  518): L2ConnectedState{ what=131155 when=-4ms arg1=2 }
01-01 19:52:21.049 D/wpa_supplicant(  760): wpa_s 0x40df35a0 cmd SIGNAL_POLL
01-01 19:52:21.059 D/wpa_supplicant(  760): nl80211: survey data missing!
01-01 19:52:21.059 D/StateMachine(  518): handleMessage: X
01-01 19:52:21.099 D/dalvikvm(  518): GC_EXPLICIT freed 114K, 49% free 13018K/25351K, paused 4ms+8ms, total 95ms
01-01 19:52:21.499 D/dalvikvm(  652): GC_CONCURRENT freed 224K, 10% free 9518K/10503K, paused 12ms+5ms, total 45ms
01-01 19:52:21.559 D/dalvikvm(  518): WAIT_FOR_CONCURRENT_GC blocked 0ms
01-01 19:52:21.649 D/dalvikvm(  518): GC_EXPLICIT freed 112K, 49% free 13018K/25351K, paused 3ms+8ms, total 89ms
01-01 19:52:21.729 D/dalvikvm(  652): WAIT_FOR_CONCURRENT_GC blocked 0ms
01-01 19:52:21.769 D/dalvikvm(  652): GC_EXPLICIT freed 238K, 11% free 9359K/10503K, paused 2ms+4ms, total 41ms
01-01 19:52:21.989 I/twfx    (  605): data activity sub= 0 refreshViews
01-01 19:52:21.989 I/twfx    (  605): data activity sub= 0 refreshViews mLastDataDirectionOverlayIconIdArray[subscription]=2130838070
01-01 19:52:21.989 I/twfx    (  605): data activity sub= 0 refreshViews TRUE
01-01 19:52:21.989 I/CTMSimSignalCluster(  605): setMobileDataIndicators subscription=0
01-01 19:52:21.989 I/CTMSimSignalCluster(  605): setMobileDataIndicators strengthIcon 0=com.android.systemui:drawable/stat_sys_signal_null
01-01 19:52:21.989 I/CTMSimSignalCluster(  605): setMobileDataIndicators visible=true
01-01 19:52:21.989 I/CTMSimSignalCluster(  605): setMobileDataIndicators simServiceState=1 home null null 00000  Unknown CSS not supported 0 0 mDataState=1 RoamInd=1 DefRoamInd=1 EmergOnly=false
01-01 19:52:21.989 I/CTMSimSignalCluster(  605): setMobileDataIndicators isRoam=false
01-01 19:52:21.989 I/CTMSimSignalCluster(  605): setMobileDataIndicators dataConnect=false
01-01 19:52:21.989 I/CTMSimSignalCluster(  605): voice radio technology is0 isGSM = false isRoam= false
01-01 19:52:21.989 I/CTMSimSignalCluster(  605): voice radio technology is0 isGSM = false isRoam= false
01-01 19:52:21.989 I/CTMSimSignalCluster(  605): setMobileDataIndicators mMobileStrengthId[0]=com.android.systemui:drawable/stat_sys_signal_cdma_null mMobileStrengthId[1]=com.android.systemui:drawable/stat_sys_signal_cdma_null
01-01 19:52:21.999 I/CTMSimSignalCluster(  605): getAcitivyTypeIconId type=2 inout=0 subscription0
01-01 19:52:21.999 I/CTMSimSignalCluster(  605): SetMobileDataIndicators MNoSimIconVisiable 0=true
01-01 19:52:22.019 I/twfx    (  605): data activity sub= 0 refreshViews TRUE
01-01 19:52:22.019 I/CTMSimSignalCluster(  605): setMobileDataIndicators subscription=0
01-01 19:52:22.019 I/CTMSimSignalCluster(  605): setMobileDataIndicators strengthIcon 0=com.android.systemui:drawable/stat_sys_signal_null
01-01 19:52:22.019 I/CTMSimSignalCluster(  605): setMobileDataIndicators visible=true
01-01 19:52:22.019 I/CTMSimSignalCluster(  605): setMobileDataIndicators simServiceState=1 home null null 00000  Unknown CSS not supported 0 0 mDataState=1 RoamInd=1 DefRoamInd=1 EmergOnly=false
01-01 19:52:22.019 I/CTMSimSignalCluster(  605): setMobileDataIndicators isRoam=false
01-01 19:52:22.019 I/CTMSimSignalCluster(  605): setMobileDataIndicators dataConnect=false
01-01 19:52:22.019 I/CTMSimSignalCluster(  605): voice radio technology is0 isGSM = false isRoam= false
01-01 19:52:22.019 I/CTMSimSignalCluster(  605): voice radio technology is0 isGSM = false isRoam= false
01-01 19:52:22.019 I/CTMSimSignalCluster(  605): setMobileDataIndicators mMobileStrengthId[0]=com.android.systemui:drawable/stat_sys_signal_cdma_null mMobileStrengthId[1]=com.android.systemui:drawable/stat_sys_signal_cdma_null
01-01 19:52:22.019 I/CTMSimSignalCluster(  605): getAcitivyTypeIconId type=2 inout=0 subscription0
01-01 19:52:22.019 I/CTMSimSignalCluster(  605): SetMobileDataIndicators MNoSimIconVisiable 0=true
01-01 19:52:22.029 I/twfx    (  605): data activity sub= 0 refreshViews OVER ALMOST
01-01 19:52:22.029 I/twfx    (  605): data activity sub= 0 refreshViews last activity mLastDataDirectionOverlayIconId=2130838070 true sub=0
01-01 19:52:22.209 D/dalvikvm(  518): WAIT_FOR_CONCURRENT_GC blocked 0ms
01-01 19:52:22.309 D/dalvikvm(  518): GC_EXPLICIT freed 113K, 49% free 13017K/25351K, paused 3ms+7ms, total 95ms
01-01 19:52:22.749 D/PowerManager(  686): RILJ [acquire]
01-01 19:52:22.759 D/PowerManager(  686): RILJ [release]
01-01 19:52:22.819 D/dalvikvm(  652): GC_CONCURRENT freed 225K, 10% free 9518K/10503K, paused 12ms+13ms, total 82ms
01-01 19:52:22.859 D/dalvikvm(  518): WAIT_FOR_CONCURRENT_GC blocked 0ms
01-01 19:52:22.949 D/dalvikvm(  518): GC_EXPLICIT freed 109K, 49% free 13017K/25351K, paused 4ms+7ms, total 87ms
01-01 19:52:22.989 I/twfx    (  605): data activity sub= 0 refreshViews
01-01 19:52:22.989 I/twfx    (  605): data activity sub= 0 refreshViews mLastDataDirectionOverlayIconIdArray[subscription]=2130838071
01-01 19:52:22.989 I/twfx    (  605): data activity sub= 0 refreshViews TRUE
01-01 19:52:22.989 I/CTMSimSignalCluster(  605): setMobileDataIndicators subscription=0
01-01 19:52:22.989 I/CTMSimSignalCluster(  605): setMobileDataIndicators strengthIcon 0=com.android.systemui:drawable/stat_sys_signal_null
01-01 19:52:22.989 I/CTMSimSignalCluster(  605): setMobileDataIndicators visible=true
01-01 19:52:22.989 I/CTMSimSignalCluster(  605): setMobileDataIndicators simServiceState=1 home null null 00000  Unknown CSS not supported 0 0 mDataState=1 RoamInd=1 DefRoamInd=1 EmergOnly=false
01-01 19:52:22.989 I/CTMSimSignalCluster(  605): setMobileDataIndicators isRoam=false
01-01 19:52:22.989 I/CTMSimSignalCluster(  605): setMobileDataIndicators dataConnect=false
01-01 19:52:22.989 I/CTMSimSignalCluster(  605): voice radio technology is0 isGSM = false isRoam= false
01-01 19:52:22.989 I/CTMSimSignalCluster(  605): voice radio technology is0 isGSM = false isRoam= false
01-01 19:52:22.989 I/CTMSimSignalCluster(  605): setMobileDataIndicators mMobileStrengthId[0]=com.android.systemui:drawable/stat_sys_signal_cdma_null mMobileStrengthId[1]=com.android.systemui:drawable/stat_sys_signal_cdma_null
01-01 19:52:22.989 I/CTMSimSignalCluster(  605): getAcitivyTypeIconId type=2 inout=0 subscription0
01-01 19:52:22.989 I/CTMSimSignalCluster(  605): SetMobileDataIndicators MNoSimIconVisiable 0=true
01-01 19:52:22.999 I/twfx    (  605): data activity sub= 0 refreshViews TRUE
01-01 19:52:22.999 I/CTMSimSignalCluster(  605): setMobileDataIndicators subscription=0
01-01 19:52:22.999 I/CTMSimSignalCluster(  605): setMobileDataIndicators strengthIcon 0=com.android.systemui:drawable/stat_sys_signal_null
01-01 19:52:22.999 I/CTMSimSignalCluster(  605): setMobileDataIndicators visible=true
01-01 19:52:22.999 I/CTMSimSignalCluster(  605): setMobileDataIndicators simServiceState=1 home null null 00000  Unknown CSS not supported 0 0 mDataState=1 RoamInd=1 DefRoamInd=1 EmergOnly=false
01-01 19:52:22.999 I/CTMSimSignalCluster(  605): setMobileDataIndicators isRoam=false
01-01 19:52:22.999 I/CTMSimSignalCluster(  605): setMobileDataIndicators dataConnect=false
01-01 19:52:22.999 I/CTMSimSignalCluster(  605): voice radio technology is0 isGSM = false isRoam= false
01-01 19:52:22.999 I/CTMSimSignalCluster(  605): voice radio technology is0 isGSM = false isRoam= false
01-01 19:52:22.999 I/CTMSimSignalCluster(  605): setMobileDataIndicators mMobileStrengthId[0]=com.android.systemui:drawable/stat_sys_signal_cdma_null mMobileStrengthId[1]=com.android.systemui:drawable/stat_sys_signal_cdma_null
01-01 19:52:22.999 I/CTMSimSignalCluster(  605): getAcitivyTypeIconId type=2 inout=0 subscription0
01-01 19:52:22.999 I/CTMSimSignalCluster(  605): SetMobileDataIndicators MNoSimIconVisiable 0=true
01-01 19:52:22.999 I/twfx    (  605): data activity sub= 0 refreshViews OVER ALMOST
01-01 19:52:22.999 I/twfx    (  605): data activity sub= 0 refreshViews last activity mLastDataDirectionOverlayIconId=2130838071 true sub=0
01-01 19:52:23.049 D/dalvikvm(  652): WAIT_FOR_CONCURRENT_GC blocked 0ms
01-01 19:52:23.089 D/dalvikvm(  652): GC_EXPLICIT freed 238K, 11% free 9359K/10503K, paused 2ms+3ms, total 40ms
01-01 19:52:23.389 D/dalvikvm(  518): WAIT_FOR_CONCURRENT_GC blocked 0ms
01-01 19:52:23.489 D/dalvikvm(  518): GC_EXPLICIT freed 113K, 49% free 13017K/25351K, paused 4ms+8ms, total 97ms
01-01 19:52:23.929 D/dalvikvm(  652): GC_CONCURRENT freed 226K, 10% free 9519K/10503K, paused 12ms+6ms, total 53ms
01-01 19:52:23.989 D/dalvikvm(  518): WAIT_FOR_CONCURRENT_GC blocked 0ms
01-01 19:52:23.989 I/twfx    (  605): data activity sub= 0 refreshViews
01-01 19:52:23.989 I/twfx    (  605): data activity sub= 0 refreshViews mLastDataDirectionOverlayIconIdArray[subscription]=0
01-01 19:52:23.989 I/twfx    (  605): data activity sub= 0 refreshViews TRUE
01-01 19:52:23.989 I/CTMSimSignalCluster(  605): setMobileDataIndicators subscription=0
01-01 19:52:23.999 I/CTMSimSignalCluster(  605): setMobileDataIndicators strengthIcon 0=com.android.systemui:drawable/stat_sys_signal_null
01-01 19:52:23.999 I/CTMSimSignalCluster(  605): setMobileDataIndicators visible=true
01-01 19:52:23.999 I/CTMSimSignalCluster(  605): setMobileDataIndicators simServiceState=1 home null null 00000  Unknown CSS not supported 0 0 mDataState=1 RoamInd=1 DefRoamInd=1 EmergOnly=false
01-01 19:52:23.999 I/CTMSimSignalCluster(  605): setMobileDataIndicators isRoam=false
01-01 19:52:23.999 I/CTMSimSignalCluster(  605): setMobileDataIndicators dataConnect=false
01-01 19:52:23.999 I/CTMSimSignalCluster(  605): voice radio technology is0 isGSM = false isRoam= false
01-01 19:52:23.999 I/CTMSimSignalCluster(  605): voice radio technology is0 isGSM = false isRoam= false
01-01 19:52:23.999 I/CTMSimSignalCluster(  605): setMobileDataIndicators mMobileStrengthId[0]=com.android.systemui:drawable/stat_sys_signal_cdma_null mMobileStrengthId[1]=com.android.systemui:drawable/stat_sys_signal_cdma_null
01-01 19:52:23.999 I/CTMSimSignalCluster(  605): getAcitivyTypeIconId type=2 inout=0 subscription0
01-01 19:52:23.999 I/CTMSimSignalCluster(  605): SetMobileDataIndicators MNoSimIconVisiable 0=true
01-01 19:52:24.009 I/twfx    (  605): data activity sub= 0 refreshViews TRUE
01-01 19:52:24.009 I/CTMSimSignalCluster(  605): setMobileDataIndicators subscription=0
01-01 19:52:24.009 I/CTMSimSignalCluster(  605): setMobileDataIndicators strengthIcon 0=com.android.systemui:drawable/stat_sys_signal_null
01-01 19:52:24.009 I/CTMSimSignalCluster(  605): setMobileDataIndicators visible=true
01-01 19:52:24.009 I/CTMSimSignalCluster(  605): setMobileDataIndicators simServiceState=1 home null null 00000  Unknown CSS not supported 0 0 mDataState=1 RoamInd=1 DefRoamInd=1 EmergOnly=false
01-01 19:52:24.009 I/CTMSimSignalCluster(  605): setMobileDataIndicators isRoam=false
01-01 19:52:24.009 I/CTMSimSignalCluster(  605): setMobileDataIndicators dataConnect=false
01-01 19:52:24.009 I/CTMSimSignalCluster(  605): voice radio technology is0 isGSM = false isRoam= false
01-01 19:52:24.009 I/CTMSimSignalCluster(  605): voice radio technology is0 isGSM = false isRoam= false
01-01 19:52:24.009 I/CTMSimSignalCluster(  605): setMobileDataIndicators mMobileStrengthId[0]=com.android.systemui:drawable/stat_sys_signal_cdma_null mMobileStrengthId[1]=com.android.systemui:drawable/stat_sys_signal_cdma_null
01-01 19:52:24.009 I/CTMSimSignalCluster(  605): getAcitivyTypeIconId type=2 inout=0 subscription0
01-01 19:52:24.009 I/CTMSimSignalCluster(  605): SetMobileDataIndicators MNoSimIconVisiable 0=true
01-01 19:52:24.019 I/twfx    (  605): data activity sub= 0 refreshViews OVER ALMOST
01-01 19:52:24.019 I/twfx    (  605): data activity sub= 0 refreshViews last activity mLastDataDirectionOverlayIconId=0 true sub=0
01-01 19:52:24.049 D/dalvikvm(  605): GC_CONCURRENT freed 732K, 30% free 10363K/14663K, paused 3ms+3ms, total 52ms
01-01 19:52:24.059 D/StateMachine(  518): handleMessage: E msg.what=131155
01-01 19:52:24.059 D/StateMachine(  518): processMsg: ConnectedState
01-01 19:52:24.059 D/WifiStateMachine(  518): ConnectedState{ what=131155 when=-3ms arg1=2 }
01-01 19:52:24.059 D/StateMachine(  518): processMsg: L2ConnectedState
01-01 19:52:24.059 D/WifiStateMachine(  518): L2ConnectedState{ what=131155 when=-3ms arg1=2 }
01-01 19:52:24.059 D/wpa_supplicant(  760): wpa_s 0x40df35a0 cmd SIGNAL_POLL
01-01 19:52:24.069 D/wpa_supplicant(  760): nl80211: survey data missing!
01-01 19:52:24.069 D/StateMachine(  518): handleMessage: X
01-01 19:52:24.099 D/dalvikvm(  518): GC_EXPLICIT freed 114K, 49% free 13017K/25351K, paused 4ms+7ms, total 115ms
01-01 19:52:24.179 D/dalvikvm(  652): WAIT_FOR_CONCURRENT_GC blocked 0ms
01-01 19:52:24.219 D/dalvikvm(  652): GC_EXPLICIT freed 237K, 11% free 9359K/10503K, paused 3ms+3ms, total 39ms
01-01 19:52:24.239 E/ThermalDaemon( 1098): CPU[1] offline
01-01 19:52:24.549 D/dalvikvm(  518): WAIT_FOR_CONCURRENT_GC blocked 0ms
01-01 19:52:24.639 D/dalvikvm(  518): GC_EXPLICIT freed 112K, 49% free 13017K/25351K, paused 3ms+9ms, total 90ms
01-01 19:52:24.989 I/twfx    (  605): data activity sub= 0 refreshViews
01-01 19:52:24.989 I/twfx    (  605): data activity sub= 0 refreshViews mLastDataDirectionOverlayIconIdArray[subscription]=2130838070
01-01 19:52:24.989 I/twfx    (  605): data activity sub= 0 refreshViews TRUE
01-01 19:52:24.999 I/CTMSimSignalCluster(  605): setMobileDataIndicators subscription=0
01-01 19:52:24.999 I/CTMSimSignalCluster(  605): setMobileDataIndicators strengthIcon 0=com.android.systemui:drawable/stat_sys_signal_null
01-01 19:52:24.999 I/CTMSimSignalCluster(  605): setMobileDataIndicators visible=true
01-01 19:52:24.999 I/CTMSimSignalCluster(  605): setMobileDataIndicators simServiceState=1 home null null 00000  Unknown CSS not supported 0 0 mDataState=1 RoamInd=1 DefRoamInd=1 EmergOnly=false
01-01 19:52:24.999 I/CTMSimSignalCluster(  605): setMobileDataIndicators isRoam=false
01-01 19:52:24.999 I/CTMSimSignalCluster(  605): setMobileDataIndicators dataConnect=false
01-01 19:52:24.999 I/CTMSimSignalCluster(  605): voice radio technology is0 isGSM = false isRoam= false
01-01 19:52:24.999 I/CTMSimSignalCluster(  605): voice radio technology is0 isGSM = false isRoam= false
01-01 19:52:24.999 I/CTMSimSignalCluster(  605): setMobileDataIndicators mMobileStrengthId[0]=com.android.systemui:drawable/stat_sys_signal_cdma_null mMobileStrengthId[1]=com.android.systemui:drawable/stat_sys_signal_cdma_null
01-01 19:52:24.999 I/CTMSimSignalCluster(  605): getAcitivyTypeIconId type=2 inout=0 subscription0
01-01 19:52:24.999 I/CTMSimSignalCluster(  605): SetMobileDataIndicators MNoSimIconVisiable 0=true
01-01 19:52:25.009 I/twfx    (  605): data activity sub= 0 refreshViews TRUE
01-01 19:52:25.009 I/CTMSimSignalCluster(  605): setMobileDataIndicators subscription=0
01-01 19:52:25.009 I/CTMSimSignalCluster(  605): setMobileDataIndicators strengthIcon 0=com.android.systemui:drawable/stat_sys_signal_null
01-01 19:52:25.009 I/CTMSimSignalCluster(  605): setMobileDataIndicators visible=true
01-01 19:52:25.009 I/CTMSimSignalCluster(  605): setMobileDataIndicators simServiceState=1 home null null 00000  Unknown CSS not supported 0 0 mDataState=1 RoamInd=1 DefRoamInd=1 EmergOnly=false
01-01 19:52:25.009 I/CTMSimSignalCluster(  605): setMobileDataIndicators isRoam=false
01-01 19:52:25.009 I/CTMSimSignalCluster(  605): setMobileDataIndicators dataConnect=false
01-01 19:52:25.009 I/CTMSimSignalCluster(  605): voice radio technology is0 isGSM = false isRoam= false
01-01 19:52:25.009 I/CTMSimSignalCluster(  605): voice radio technology is0 isGSM = false isRoam= false
01-01 19:52:25.009 I/CTMSimSignalCluster(  605): setMobileDataIndicators mMobileStrengthId[0]=com.android.systemui:drawable/stat_sys_signal_cdma_null mMobileStrengthId[1]=com.android.systemui:drawable/stat_sys_signal_cdma_null
01-01 19:52:25.009 I/CTMSimSignalCluster(  605): getAcitivyTypeIconId type=2 inout=0 subscription0
01-01 19:52:25.009 I/CTMSimSignalCluster(  605): SetMobileDataIndicators MNoSimIconVisiable 0=true
01-01 19:52:25.019 I/twfx    (  605): data activity sub= 0 refreshViews OVER ALMOST
01-01 19:52:25.019 I/twfx    (  605): data activity sub= 0 refreshViews last activity mLastDataDirectionOverlayIconId=2130838070 true sub=0
01-01 19:52:25.059 D/dalvikvm(  652): GC_CONCURRENT freed 225K, 10% free 9519K/10503K, paused 41ms+6ms, total 79ms
01-01 19:52:25.109 D/dalvikvm(  518): WAIT_FOR_CONCURRENT_GC blocked 0ms
01-01 19:52:25.129 V/battery (  518): ACTION_BATTERY_CHANGED isbattery overheat =false
01-01 19:52:25.129 V/battery (  518): handleBatteryUpdate batteryUpdateInteresting=false
01-01 19:52:25.219 D/dalvikvm(  518): GC_EXPLICIT freed 125K, 49% free 13021K/25351K, paused 4ms+7ms, total 106ms
01-01 19:52:25.299 D/dalvikvm(  652): WAIT_FOR_CONCURRENT_GC blocked 0ms
01-01 19:52:25.349 D/dalvikvm(  652): GC_EXPLICIT freed 238K, 11% free 9358K/10503K, paused 2ms+3ms, total 47ms
01-01 19:52:25.679 D/dalvikvm(  518): WAIT_FOR_CONCURRENT_GC blocked 0ms
01-01 19:52:25.769 D/dalvikvm(  518): GC_EXPLICIT freed 115K, 49% free 13019K/25351K, paused 3ms+7ms, total 88ms
01-01 19:52:25.989 I/twfx    (  605): data activity sub= 0 refreshViews
01-01 19:52:25.989 I/twfx    (  605): data activity sub= 0 refreshViews mLastDataDirectionOverlayIconIdArray[subscription]=2130838071
01-01 19:52:25.999 I/twfx    (  605): data activity sub= 0 refreshViews TRUE
01-01 19:52:25.999 I/CTMSimSignalCluster(  605): setMobileDataIndicators subscription=0
01-01 19:52:25.999 I/CTMSimSignalCluster(  605): setMobileDataIndicators strengthIcon 0=com.android.systemui:drawable/stat_sys_signal_null
01-01 19:52:25.999 I/CTMSimSignalCluster(  605): setMobileDataIndicators visible=true
01-01 19:52:25.999 I/CTMSimSignalCluster(  605): setMobileDataIndicators simServiceState=1 home null null 00000  Unknown CSS not supported 0 0 mDataState=1 RoamInd=1 DefRoamInd=1 EmergOnly=false
01-01 19:52:25.999 I/CTMSimSignalCluster(  605): setMobileDataIndicators isRoam=false
01-01 19:52:25.999 I/CTMSimSignalCluster(  605): setMobileDataIndicators dataConnect=false
01-01 19:52:25.999 I/CTMSimSignalCluster(  605): voice radio technology is0 isGSM = false isRoam= false
01-01 19:52:25.999 I/CTMSimSignalCluster(  605): voice radio technology is0 isGSM = false isRoam= false
01-01 19:52:25.999 I/CTMSimSignalCluster(  605): setMobileDataIndicators mMobileStrengthId[0]=com.android.systemui:drawable/stat_sys_signal_cdma_null mMobileStrengthId[1]=com.android.systemui:drawable/stat_sys_signal_cdma_null
01-01 19:52:25.999 I/CTMSimSignalCluster(  605): getAcitivyTypeIconId type=2 inout=0 subscription0
01-01 19:52:25.999 I/CTMSimSignalCluster(  605): SetMobileDataIndicators MNoSimIconVisiable 0=true
01-01 19:52:26.009 I/twfx    (  605): data activity sub= 0 refreshViews TRUE
01-01 19:52:26.009 I/CTMSimSignalCluster(  605): setMobileDataIndicators subscription=0
01-01 19:52:26.009 I/CTMSimSignalCluster(  605): setMobileDataIndicators strengthIcon 0=com.android.systemui:drawable/stat_sys_signal_null
01-01 19:52:26.009 I/CTMSimSignalCluster(  605): setMobileDataIndicators visible=true
01-01 19:52:26.009 I/CTMSimSignalCluster(  605): setMobileDataIndicators simServiceState=1 home null null 00000  Unknown CSS not supported 0 0 mDataState=1 RoamInd=1 DefRoamInd=1 EmergOnly=false
01-01 19:52:26.009 I/CTMSimSignalCluster(  605): setMobileDataIndicators isRoam=false
01-01 19:52:26.009 I/CTMSimSignalCluster(  605): setMobileDataIndicators dataConnect=false
01-01 19:52:26.009 I/CTMSimSignalCluster(  605): voice radio technology is0 isGSM = false isRoam= false
01-01 19:52:26.009 I/CTMSimSignalCluster(  605): voice radio technology is0 isGSM = false isRoam= false
01-01 19:52:26.009 I/CTMSimSignalCluster(  605): setMobileDataIndicators mMobileStrengthId[0]=com.android.systemui:drawable/stat_sys_signal_cdma_null mMobileStrengthId[1]=com.android.systemui:drawable/stat_sys_signal_cdma_null
01-01 19:52:26.009 I/CTMSimSignalCluster(  605): getAcitivyTypeIconId type=2 inout=0 subscription0
01-01 19:52:26.009 I/CTMSimSignalCluster(  605): SetMobileDataIndicators MNoSimIconVisiable 0=true
01-01 19:52:26.009 I/twfx    (  605): data activity sub= 0 refreshViews OVER ALMOST
01-01 19:52:26.009 I/twfx    (  605): data activity sub= 0 refreshViews last activity mLastDataDirectionOverlayIconId=2130838071 true sub=0
01-01 19:52:26.179 D/dalvikvm(  652): GC_CONCURRENT freed 224K, 10% free 9518K/10503K, paused 11ms+5ms, total 42ms
01-01 19:52:26.239 D/dalvikvm(  518): WAIT_FOR_CONCURRENT_GC blocked 0ms
01-01 19:52:26.329 D/dalvikvm(  518): GC_EXPLICIT freed 110K, 49% free 13019K/25351K, paused 3ms+7ms, total 88ms
01-01 19:52:26.419 D/dalvikvm(  652): WAIT_FOR_CONCURRENT_GC blocked 0ms
01-01 19:52:26.469 D/dalvikvm(  652): GC_EXPLICIT freed 239K, 11% free 9359K/10503K, paused 4ms+3ms, total 44ms
01-01 19:52:26.779 D/dalvikvm(  518): WAIT_FOR_CONCURRENT_GC blocked 0ms
01-01 19:52:26.869 D/dalvikvm(  518): GC_EXPLICIT freed 111K, 49% free 13019K/25351K, paused 3ms+8ms, total 90ms
01-01 19:52:27.069 D/StateMachine(  518): handleMessage: E msg.what=131155
01-01 19:52:27.069 D/StateMachine(  518): processMsg: ConnectedState
01-01 19:52:27.069 D/WifiStateMachine(  518): ConnectedState{ what=131155 when=-4ms arg1=2 }
01-01 19:52:27.069 D/StateMachine(  518): processMsg: L2ConnectedState
01-01 19:52:27.069 D/WifiStateMachine(  518): L2ConnectedState{ what=131155 when=-5ms arg1=2 }
01-01 19:52:27.069 D/wpa_supplicant(  760): wpa_s 0x40df35a0 cmd SIGNAL_POLL
01-01 19:52:27.079 D/wpa_supplicant(  760): nl80211: survey data missing!
01-01 19:52:27.079 D/StateMachine(  518): handleMessage: X
01-01 19:52:27.259 D/dalvikvm(  652): GC_CONCURRENT freed 225K, 10% free 9518K/10503K, paused 12ms+4ms, total 46ms
01-01 19:52:27.299 D/dalvikvm(  518): WAIT_FOR_CONCURRENT_GC blocked 0ms
01-01 19:52:27.399 D/dalvikvm(  518): GC_EXPLICIT freed 114K, 49% free 13019K/25351K, paused 4ms+8ms, total 99ms
01-01 19:52:27.499 D/dalvikvm(  652): WAIT_FOR_CONCURRENT_GC blocked 0ms
01-01 19:52:27.539 D/dalvikvm(  652): GC_EXPLICIT freed 238K, 11% free 9359K/10503K, paused 2ms+3ms, total 41ms
01-01 19:52:27.879 D/dalvikvm(  518): WAIT_FOR_CONCURRENT_GC blocked 0ms
01-01 19:52:27.969 D/dalvikvm(  518): GC_EXPLICIT freed 116K, 49% free 13019K/25351K, paused 3ms+7ms, total 91ms
01-01 19:52:27.999 I/twfx    (  605): data activity sub= 0 refreshViews
01-01 19:52:27.999 I/twfx    (  605): data activity sub= 0 refreshViews mLastDataDirectionOverlayIconIdArray[subscription]=0
01-01 19:52:27.999 I/twfx    (  605): data activity sub= 0 refreshViews TRUE
01-01 19:52:27.999 I/CTMSimSignalCluster(  605): setMobileDataIndicators subscription=0
01-01 19:52:27.999 I/CTMSimSignalCluster(  605): setMobileDataIndicators strengthIcon 0=com.android.systemui:drawable/stat_sys_signal_null
01-01 19:52:27.999 I/CTMSimSignalCluster(  605): setMobileDataIndicators visible=true
01-01 19:52:27.999 I/CTMSimSignalCluster(  605): setMobileDataIndicators simServiceState=1 home null null 00000  Unknown CSS not supported 0 0 mDataState=1 RoamInd=1 DefRoamInd=1 EmergOnly=false
01-01 19:52:27.999 I/CTMSimSignalCluster(  605): setMobileDataIndicators isRoam=false
01-01 19:52:27.999 I/CTMSimSignalCluster(  605): setMobileDataIndicators dataConnect=false
01-01 19:52:27.999 I/CTMSimSignalCluster(  605): voice radio technology is0 isGSM = false isRoam= false
01-01 19:52:27.999 I/CTMSimSignalCluster(  605): voice radio technology is0 isGSM = false isRoam= false
01-01 19:52:27.999 I/CTMSimSignalCluster(  605): setMobileDataIndicators mMobileStrengthId[0]=com.android.systemui:drawable/stat_sys_signal_cdma_null mMobileStrengthId[1]=com.android.systemui:drawable/stat_sys_signal_cdma_null
01-01 19:52:28.009 I/CTMSimSignalCluster(  605): getAcitivyTypeIconId type=2 inout=0 subscription0
01-01 19:52:28.009 I/CTMSimSignalCluster(  605): SetMobileDataIndicators MNoSimIconVisiable 0=true
01-01 19:52:28.009 I/twfx    (  605): data activity sub= 0 refreshViews TRUE
01-01 19:52:28.009 I/CTMSimSignalCluster(  605): setMobileDataIndicators subscription=0
01-01 19:52:28.009 I/CTMSimSignalCluster(  605): setMobileDataIndicators strengthIcon 0=com.android.systemui:drawable/stat_sys_signal_null
01-01 19:52:28.009 I/CTMSimSignalCluster(  605): setMobileDataIndicators visible=true
01-01 19:52:28.009 I/CTMSimSignalCluster(  605): setMobileDataIndicators simServiceState=1 home null null 00000  Unknown CSS not supported 0 0 mDataState=1 RoamInd=1 DefRoamInd=1 EmergOnly=false
01-01 19:52:28.009 I/CTMSimSignalCluster(  605): setMobileDataIndicators isRoam=false
01-01 19:52:28.009 I/CTMSimSignalCluster(  605): setMobileDataIndicators dataConnect=false
01-01 19:52:28.009 I/CTMSimSignalCluster(  605): voice radio technology is0 isGSM = false isRoam= false
01-01 19:52:28.009 I/CTMSimSignalCluster(  605): voice radio technology is0 isGSM = false isRoam= false
