01-18 14:23:48.470 I/CTMSimSignalCluster(  600): setMobileDataIndicators dataConnect=false
01-18 14:23:48.470 I/CTMSimSignalCluster(  600): voice radio technology is0 isGSM = false isRoam= false
01-18 14:23:48.470 I/CTMSimSignalCluster(  600): voice radio technology is0 isGSM = false isRoam= false
01-18 14:23:48.470 I/CTMSimSignalCluster(  600): setMobileDataIndicators mMobileStrengthId[0]=com.android.systemui:drawable/stat_sys_signal_cdma_null mMobileStrengthId[1]=com.android.systemui:drawable/stat_sys_signal_cdma_null
01-18 14:23:48.470 I/CTMSimSignalCluster(  600): getAcitivyTypeIconId type=2 inout=0 subscription0
01-18 14:23:48.470 I/CTMSimSignalCluster(  600): SetMobileDataIndicators MNoSimIconVisiable 0=true
01-18 14:23:48.470 I/twfx    (  600): data activity sub= 0 refreshViews OVER ALMOST
01-18 14:23:48.470 I/twfx    (  600): data activity sub= 0 refreshViews last activity mLastDataDirectionOverlayIconId=2130838070 true sub=0
01-18 14:23:49.450 I/twfx    (  600): data activity sub= 0 refreshViews
01-18 14:23:49.450 I/twfx    (  600): data activity sub= 0 refreshViews mLastDataDirectionOverlayIconIdArray[subscription]=2130838071
01-18 14:23:49.450 I/twfx    (  600): data activity sub= 0 refreshViews TRUE
01-18 14:23:49.460 I/CTMSimSignalCluster(  600): setMobileDataIndicators subscription=0
01-18 14:23:49.460 I/CTMSimSignalCluster(  600): setMobileDataIndicators strengthIcon 0=com.android.systemui:drawable/stat_sys_signal_null
01-18 14:23:49.460 I/CTMSimSignalCluster(  600): setMobileDataIndicators visible=true
01-18 14:23:49.460 I/CTMSimSignalCluster(  600): setMobileDataIndicators simServiceState=1 home null null 00000  Unknown CSS not supported 0 0 mDataState=1 RoamInd=1 DefRoamInd=1 EmergOnly=false
01-18 14:23:49.460 I/CTMSimSignalCluster(  600): setMobileDataIndicators isRoam=false
01-18 14:23:49.460 I/CTMSimSignalCluster(  600): setMobileDataIndicators dataConnect=false
01-18 14:23:49.460 I/CTMSimSignalCluster(  600): voice radio technology is0 isGSM = false isRoam= false
01-18 14:23:49.460 I/CTMSimSignalCluster(  600): voice radio technology is0 isGSM = false isRoam= false
01-18 14:23:49.460 I/CTMSimSignalCluster(  600): setMobileDataIndicators mMobileStrengthId[0]=com.android.systemui:drawable/stat_sys_signal_cdma_null mMobileStrengthId[1]=com.android.systemui:drawable/stat_sys_signal_cdma_null
01-18 14:23:49.460 I/CTMSimSignalCluster(  600): getAcitivyTypeIconId type=2 inout=0 subscription0
01-18 14:23:49.460 I/CTMSimSignalCluster(  600): SetMobileDataIndicators MNoSimIconVisiable 0=true
01-18 14:23:49.470 I/twfx    (  600): data activity sub= 0 refreshViews TRUE
01-18 14:23:49.470 I/CTMSimSignalCluster(  600): setMobileDataIndicators subscription=0
01-18 14:23:49.470 I/CTMSimSignalCluster(  600): setMobileDataIndicators strengthIcon 0=com.android.systemui:drawable/stat_sys_signal_null
01-18 14:23:49.470 I/CTMSimSignalCluster(  600): setMobileDataIndicators visible=true
01-18 14:23:49.470 I/CTMSimSignalCluster(  600): setMobileDataIndicators simServiceState=1 home null null 00000  Unknown CSS not supported 0 0 mDataState=1 RoamInd=1 DefRoamInd=1 EmergOnly=false
01-18 14:23:49.470 I/CTMSimSignalCluster(  600): setMobileDataIndicators isRoam=false
01-18 14:23:49.470 I/CTMSimSignalCluster(  600): setMobileDataIndicators dataConnect=false
01-18 14:23:49.470 I/CTMSimSignalCluster(  600): voice radio technology is0 isGSM = false isRoam= false
01-18 14:23:49.470 I/CTMSimSignalCluster(  600): voice radio technology is0 isGSM = false isRoam= false
01-18 14:23:49.470 I/CTMSimSignalCluster(  600): setMobileDataIndicators mMobileStrengthId[0]=com.android.systemui:drawable/stat_sys_signal_cdma_null mMobileStrengthId[1]=com.android.systemui:drawable/stat_sys_signal_cdma_null
01-18 14:23:49.470 I/CTMSimSignalCluster(  600): getAcitivyTypeIconId type=2 inout=0 subscription0
01-18 14:23:49.470 I/CTMSimSignalCluster(  600): SetMobileDataIndicators MNoSimIconVisiable 0=true
01-18 14:23:49.480 I/twfx    (  600): data activity sub= 0 refreshViews OVER ALMOST
01-18 14:23:49.480 I/twfx    (  600): data activity sub= 0 refreshViews last activity mLastDataDirectionOverlayIconId=2130838071 true sub=0
01-18 14:23:50.980 D/StateMachine(  481): handleMessage: E msg.what=131155
01-18 14:23:50.980 D/StateMachine(  481): processMsg: ConnectedState
01-18 14:23:50.980 D/WifiStateMachine(  481): ConnectedState{ what=131155 when=-4ms arg1=6 }
01-18 14:23:50.980 D/StateMachine(  481): processMsg: L2ConnectedState
01-18 14:23:50.990 D/WifiStateMachine(  481): L2ConnectedState{ what=131155 when=-4ms arg1=6 }
01-18 14:23:50.990 D/wpa_supplicant(  771): wpa_s 0x409865a0 cmd SIGNAL_POLL
01-18 14:23:50.990 D/wpa_supplicant(  771): nl80211: survey data missing!
01-18 14:23:50.990 D/StateMachine(  481): handleMessage: X
01-18 14:23:51.460 I/twfx    (  600): data activity sub= 0 refreshViews
01-18 14:23:51.460 I/twfx    (  600): data activity sub= 0 refreshViews mLastDataDirectionOverlayIconIdArray[subscription]=0
01-18 14:23:51.460 I/twfx    (  600): data activity sub= 0 refreshViews TRUE
01-18 14:23:51.460 I/CTMSimSignalCluster(  600): setMobileDataIndicators subscription=0
01-18 14:23:51.460 I/CTMSimSignalCluster(  600): setMobileDataIndicators strengthIcon 0=com.android.systemui:drawable/stat_sys_signal_null
01-18 14:23:51.460 I/CTMSimSignalCluster(  600): setMobileDataIndicators visible=true
01-18 14:23:51.460 I/CTMSimSignalCluster(  600): setMobileDataIndicators simServiceState=1 home null null 00000  Unknown CSS not supported 0 0 mDataState=1 RoamInd=1 DefRoamInd=1 EmergOnly=false
01-18 14:23:51.460 I/CTMSimSignalCluster(  600): setMobileDataIndicators isRoam=false
01-18 14:23:51.460 I/CTMSimSignalCluster(  600): setMobileDataIndicators dataConnect=false
01-18 14:23:51.460 I/CTMSimSignalCluster(  600): voice radio technology is0 isGSM = false isRoam= false
01-18 14:23:51.460 I/CTMSimSignalCluster(  600): voice radio technology is0 isGSM = false isRoam= false
01-18 14:23:51.470 I/CTMSimSignalCluster(  600): setMobileDataIndicators mMobileStrengthId[0]=com.android.systemui:drawable/stat_sys_signal_cdma_null mMobileStrengthId[1]=com.android.systemui:drawable/stat_sys_signal_cdma_null
01-18 14:23:51.470 I/CTMSimSignalCluster(  600): getAcitivyTypeIconId type=2 inout=0 subscription0
01-18 14:23:51.470 I/CTMSimSignalCluster(  600): SetMobileDataIndicators MNoSimIconVisiable 0=true
01-18 14:23:51.470 I/twfx    (  600): data activity sub= 0 refreshViews TRUE
01-18 14:23:51.470 I/CTMSimSignalCluster(  600): setMobileDataIndicators subscription=0
01-18 14:23:51.470 I/CTMSimSignalCluster(  600): setMobileDataIndicators strengthIcon 0=com.android.systemui:drawable/stat_sys_signal_null
01-18 14:23:51.470 I/CTMSimSignalCluster(  600): setMobileDataIndicators visible=true
01-18 14:23:51.470 I/CTMSimSignalCluster(  600): setMobileDataIndicators simServiceState=1 home null null 00000  Unknown CSS not supported 0 0 mDataState=1 RoamInd=1 DefRoamInd=1 EmergOnly=false
01-18 14:23:51.470 I/CTMSimSignalCluster(  600): setMobileDataIndicators isRoam=false
01-18 14:23:51.470 I/CTMSimSignalCluster(  600): setMobileDataIndicators dataConnect=false
01-18 14:23:51.470 I/CTMSimSignalCluster(  600): voice radio technology is0 isGSM = false isRoam= false
01-18 14:23:51.480 I/CTMSimSignalCluster(  600): voice radio technology is0 isGSM = false isRoam= false
01-18 14:23:51.480 I/CTMSimSignalCluster(  600): setMobileDataIndicators mMobileStrengthId[0]=com.android.systemui:drawable/stat_sys_signal_cdma_null mMobileStrengthId[1]=com.android.systemui:drawable/stat_sys_signal_cdma_null
01-18 14:23:51.480 I/CTMSimSignalCluster(  600): getAcitivyTypeIconId type=2 inout=0 subscription0
01-18 14:23:51.480 I/CTMSimSignalCluster(  600): SetMobileDataIndicators MNoSimIconVisiable 0=true
01-18 14:23:51.480 I/twfx    (  600): data activity sub= 0 refreshViews OVER ALMOST
01-18 14:23:51.480 I/twfx    (  600): data activity sub= 0 refreshViews last activity mLastDataDirectionOverlayIconId=0 true sub=0
01-18 14:23:51.880 D/wpa_supplicant(  771): nl80211: Event message available
01-18 14:23:51.880 D/wpa_supplicant(  771): RSN: Ignored PMKID candidate without preauth flag
01-18 14:23:52.600 D/PowerManager(  680): RILJ [acquire]
01-18 14:23:52.610 D/PowerManager(  680): RILJ [release]
01-18 14:23:53.460 I/twfx    (  600): data activity sub= 0 refreshViews
01-18 14:23:53.470 I/twfx    (  600): data activity sub= 0 refreshViews mLastDataDirectionOverlayIconIdArray[subscription]=2130838071
01-18 14:23:53.470 I/twfx    (  600): data activity sub= 0 refreshViews TRUE
01-18 14:23:53.470 I/CTMSimSignalCluster(  600): setMobileDataIndicators subscription=0
01-18 14:23:53.470 I/CTMSimSignalCluster(  600): setMobileDataIndicators strengthIcon 0=com.android.systemui:drawable/stat_sys_signal_null
01-18 14:23:53.470 I/CTMSimSignalCluster(  600): setMobileDataIndicators visible=true
01-18 14:23:53.470 I/CTMSimSignalCluster(  600): setMobileDataIndicators simServiceState=1 home null null 00000  Unknown CSS not supported 0 0 mDataState=1 RoamInd=1 DefRoamInd=1 EmergOnly=false
01-18 14:23:53.470 I/CTMSimSignalCluster(  600): setMobileDataIndicators isRoam=false
01-18 14:23:53.470 I/CTMSimSignalCluster(  600): setMobileDataIndicators dataConnect=false
01-18 14:23:53.470 I/CTMSimSignalCluster(  600): voice radio technology is0 isGSM = false isRoam= false
01-18 14:23:53.470 I/CTMSimSignalCluster(  600): voice radio technology is0 isGSM = false isRoam= false
01-18 14:23:53.470 I/CTMSimSignalCluster(  600): setMobileDataIndicators mMobileStrengthId[0]=com.android.systemui:drawable/stat_sys_signal_cdma_null mMobileStrengthId[1]=com.android.systemui:drawable/stat_sys_signal_cdma_null
01-18 14:23:53.470 I/CTMSimSignalCluster(  600): getAcitivyTypeIconId type=2 inout=0 subscription0
01-18 14:23:53.470 I/CTMSimSignalCluster(  600): SetMobileDataIndicators MNoSimIconVisiable 0=true
01-18 14:23:53.480 I/twfx    (  600): data activity sub= 0 refreshViews TRUE
01-18 14:23:53.480 I/CTMSimSignalCluster(  600): setMobileDataIndicators subscription=0
01-18 14:23:53.480 I/CTMSimSignalCluster(  600): setMobileDataIndicators strengthIcon 0=com.android.systemui:drawable/stat_sys_signal_null
01-18 14:23:53.480 I/CTMSimSignalCluster(  600): setMobileDataIndicators visible=true
01-18 14:23:53.480 I/CTMSimSignalCluster(  600): setMobileDataIndicators simServiceState=1 home null null 00000  Unknown CSS not supported 0 0 mDataState=1 RoamInd=1 DefRoamInd=1 EmergOnly=false
01-18 14:23:53.480 I/CTMSimSignalCluster(  600): setMobileDataIndicators isRoam=false
01-18 14:23:53.480 I/CTMSimSignalCluster(  600): setMobileDataIndicators dataConnect=false
01-18 14:23:53.480 I/CTMSimSignalCluster(  600): voice radio technology is0 isGSM = false isRoam= false
01-18 14:23:53.480 I/CTMSimSignalCluster(  600): voice radio technology is0 isGSM = false isRoam= false
01-18 14:23:53.480 I/CTMSimSignalCluster(  600): setMobileDataIndicators mMobileStrengthId[0]=com.android.systemui:drawable/stat_sys_signal_cdma_null mMobileStrengthId[1]=com.android.systemui:drawable/stat_sys_signal_cdma_null
01-18 14:23:53.480 I/CTMSimSignalCluster(  600): getAcitivyTypeIconId type=2 inout=0 subscription0
01-18 14:23:53.480 I/CTMSimSignalCluster(  600): SetMobileDataIndicators MNoSimIconVisiable 0=true
01-18 14:23:53.490 I/twfx    (  600): data activity sub= 0 refreshViews OVER ALMOST
01-18 14:23:53.490 I/twfx    (  600): data activity sub= 0 refreshViews last activity mLastDataDirectionOverlayIconId=2130838071 true sub=0
01-18 14:23:54.000 D/StateMachine(  481): handleMessage: E msg.what=131155
01-18 14:23:54.000 D/StateMachine(  481): processMsg: ConnectedState
01-18 14:23:54.000 D/WifiStateMachine(  481): ConnectedState{ what=131155 when=-4ms arg1=6 }
01-18 14:23:54.000 D/StateMachine(  481): processMsg: L2ConnectedState
01-18 14:23:54.000 D/WifiStateMachine(  481): L2ConnectedState{ what=131155 when=-4ms arg1=6 }
01-18 14:23:54.000 D/wpa_supplicant(  771): wpa_s 0x409865a0 cmd SIGNAL_POLL
01-18 14:23:54.000 D/wpa_supplicant(  771): nl80211: survey data missing!
01-18 14:23:54.000 D/StateMachine(  481): handleMessage: X
01-18 14:23:54.470 I/twfx    (  600): data activity sub= 0 refreshViews
01-18 14:23:54.470 I/twfx    (  600): data activity sub= 0 refreshViews mLastDataDirectionOverlayIconIdArray[subscription]=0
01-18 14:23:54.470 I/twfx    (  600): data activity sub= 0 refreshViews TRUE
01-18 14:23:54.470 I/CTMSimSignalCluster(  600): setMobileDataIndicators subscription=0
01-18 14:23:54.470 I/CTMSimSignalCluster(  600): setMobileDataIndicators strengthIcon 0=com.android.systemui:drawable/stat_sys_signal_null
01-18 14:23:54.470 I/CTMSimSignalCluster(  600): setMobileDataIndicators visible=true
01-18 14:23:54.470 I/CTMSimSignalCluster(  600): setMobileDataIndicators simServiceState=1 home null null 00000  Unknown CSS not supported 0 0 mDataState=1 RoamInd=1 DefRoamInd=1 EmergOnly=false
01-18 14:23:54.470 I/CTMSimSignalCluster(  600): setMobileDataIndicators isRoam=false
01-18 14:23:54.470 I/CTMSimSignalCluster(  600): setMobileDataIndicators dataConnect=false
01-18 14:23:54.470 I/CTMSimSignalCluster(  600): voice radio technology is0 isGSM = false isRoam= false
01-18 14:23:54.470 I/CTMSimSignalCluster(  600): voice radio technology is0 isGSM = false isRoam= false
01-18 14:23:54.470 I/CTMSimSignalCluster(  600): setMobileDataIndicators mMobileStrengthId[0]=com.android.systemui:drawable/stat_sys_signal_cdma_null mMobileStrengthId[1]=com.android.systemui:drawable/stat_sys_signal_cdma_null
01-18 14:23:54.480 I/CTMSimSignalCluster(  600): getAcitivyTypeIconId type=2 inout=0 subscription0
01-18 14:23:54.480 I/CTMSimSignalCluster(  600): SetMobileDataIndicators MNoSimIconVisiable 0=true
01-18 14:23:54.480 I/twfx    (  600): data activity sub= 0 refreshViews TRUE
01-18 14:23:54.480 I/CTMSimSignalCluster(  600): setMobileDataIndicators subscription=0
01-18 14:23:54.480 I/CTMSimSignalCluster(  600): setMobileDataIndicators strengthIcon 0=com.android.systemui:drawable/stat_sys_signal_null
01-18 14:23:54.480 I/CTMSimSignalCluster(  600): setMobileDataIndicators visible=true
01-18 14:23:54.480 I/CTMSimSignalCluster(  600): setMobileDataIndicators simServiceState=1 home null null 00000  Unknown CSS not supported 0 0 mDataState=1 RoamInd=1 DefRoamInd=1 EmergOnly=false
01-18 14:23:54.480 I/CTMSimSignalCluster(  600): setMobileDataIndicators isRoam=false
01-18 14:23:54.480 I/CTMSimSignalCluster(  600): setMobileDataIndicators dataConnect=false
01-18 14:23:54.480 I/CTMSimSignalCluster(  600): voice radio technology is0 isGSM = false isRoam= false
01-18 14:23:54.480 I/CTMSimSignalCluster(  600): voice radio technology is0 isGSM = false isRoam= false
01-18 14:23:54.480 I/CTMSimSignalCluster(  600): setMobileDataIndicators mMobileStrengthId[0]=com.android.systemui:drawable/stat_sys_signal_cdma_null mMobileStrengthId[1]=com.android.systemui:drawable/stat_sys_signal_cdma_null
01-18 14:23:54.490 I/CTMSimSignalCluster(  600): getAcitivyTypeIconId type=2 inout=0 subscription0
01-18 14:23:54.490 I/CTMSimSignalCluster(  600): SetMobileDataIndicators MNoSimIconVisiable 0=true
01-18 14:23:54.490 I/twfx    (  600): data activity sub= 0 refreshViews OVER ALMOST
01-18 14:23:54.490 I/twfx    (  600): data activity sub= 0 refreshViews last activity mLastDataDirectionOverlayIconId=0 true sub=0
01-18 14:23:55.080 D/dalvikvm( 1674): GC_CONCURRENT freed 506K, 9% free 9286K/10119K, paused 21ms+2ms, total 76ms
01-18 14:23:55.470 I/twfx    (  600): data activity sub= 0 refreshViews
01-18 14:23:55.470 I/twfx    (  600): data activity sub= 0 refreshViews mLastDataDirectionOverlayIconIdArray[subscription]=2130838071
01-18 14:23:55.470 I/twfx    (  600): data activity sub= 0 refreshViews TRUE
01-18 14:23:55.480 I/CTMSimSignalCluster(  600): setMobileDataIndicators subscription=0
01-18 14:23:55.480 I/CTMSimSignalCluster(  600): setMobileDataIndicators strengthIcon 0=com.android.systemui:drawable/stat_sys_signal_null
01-18 14:23:55.480 I/CTMSimSignalCluster(  600): setMobileDataIndicators visible=true
01-18 14:23:55.480 I/CTMSimSignalCluster(  600): setMobileDataIndicators simServiceState=1 home null null 00000  Unknown CSS not supported 0 0 mDataState=1 RoamInd=1 DefRoamInd=1 EmergOnly=false
01-18 14:23:55.480 I/CTMSimSignalCluster(  600): setMobileDataIndicators isRoam=false
01-18 14:23:55.480 I/CTMSimSignalCluster(  600): setMobileDataIndicators dataConnect=false
01-18 14:23:55.480 I/CTMSimSignalCluster(  600): voice radio technology is0 isGSM = false isRoam= false
01-18 14:23:55.480 I/CTMSimSignalCluster(  600): voice radio technology is0 isGSM = false isRoam= false
01-18 14:23:55.480 I/CTMSimSignalCluster(  600): setMobileDataIndicators mMobileStrengthId[0]=com.android.systemui:drawable/stat_sys_signal_cdma_null mMobileStrengthId[1]=com.android.systemui:drawable/stat_sys_signal_cdma_null
01-18 14:23:55.480 I/CTMSimSignalCluster(  600): getAcitivyTypeIconId type=2 inout=0 subscription0
01-18 14:23:55.480 I/CTMSimSignalCluster(  600): SetMobileDataIndicators MNoSimIconVisiable 0=true
01-18 14:23:55.490 I/twfx    (  600): data activity sub= 0 refreshViews TRUE
01-18 14:23:55.490 I/CTMSimSignalCluster(  600): setMobileDataIndicators subscription=0
01-18 14:23:55.490 I/CTMSimSignalCluster(  600): setMobileDataIndicators strengthIcon 0=com.android.systemui:drawable/stat_sys_signal_null
01-18 14:23:55.490 I/CTMSimSignalCluster(  600): setMobileDataIndicators visible=true
01-18 14:23:55.490 I/CTMSimSignalCluster(  600): setMobileDataIndicators simServiceState=1 home null null 00000  Unknown CSS not supported 0 0 mDataState=1 RoamInd=1 DefRoamInd=1 EmergOnly=false
01-18 14:23:55.490 I/CTMSimSignalCluster(  600): setMobileDataIndicators isRoam=false
01-18 14:23:55.490 I/CTMSimSignalCluster(  600): setMobileDataIndicators dataConnect=false
01-18 14:23:55.490 I/CTMSimSignalCluster(  600): voice radio technology is0 isGSM = false isRoam= false
01-18 14:23:55.490 I/CTMSimSignalCluster(  600): voice radio technology is0 isGSM = false isRoam= false
01-18 14:23:55.490 I/CTMSimSignalCluster(  600): setMobileDataIndicators mMobileStrengthId[0]=com.android.systemui:drawable/stat_sys_signal_cdma_null mMobileStrengthId[1]=com.android.systemui:drawable/stat_sys_signal_cdma_null
01-18 14:23:55.490 I/CTMSimSignalCluster(  600): getAcitivyTypeIconId type=2 inout=0 subscription0
01-18 14:23:55.490 I/CTMSimSignalCluster(  600): SetMobileDataIndicators MNoSimIconVisiable 0=true
01-18 14:23:55.500 I/twfx    (  600): data activity sub= 0 refreshViews OVER ALMOST
01-18 14:23:55.500 I/twfx    (  600): data activity sub= 0 refreshViews last activity mLastDataDirectionOverlayIconId=2130838071 true sub=0
01-18 14:23:56.470 I/twfx    (  600): data activity sub= 0 refreshViews
01-18 14:23:56.470 I/twfx    (  600): data activity sub= 0 refreshViews mLastDataDirectionOverlayIconIdArray[subscription]=2130838072
01-18 14:23:56.470 I/twfx    (  600): data activity sub= 0 refreshViews TRUE
01-18 14:23:56.480 I/CTMSimSignalCluster(  600): setMobileDataIndicators subscription=0
01-18 14:23:56.480 I/CTMSimSignalCluster(  600): setMobileDataIndicators strengthIcon 0=com.android.systemui:drawable/stat_sys_signal_null
01-18 14:23:56.480 I/CTMSimSignalCluster(  600): setMobileDataIndicators visible=true
01-18 14:23:56.480 I/CTMSimSignalCluster(  600): setMobileDataIndicators simServiceState=1 home null null 00000  Unknown CSS not supported 0 0 mDataState=1 RoamInd=1 DefRoamInd=1 EmergOnly=false
01-18 14:23:56.480 I/CTMSimSignalCluster(  600): setMobileDataIndicators isRoam=false
01-18 14:23:56.480 I/CTMSimSignalCluster(  600): setMobileDataIndicators dataConnect=false
01-18 14:23:56.480 I/CTMSimSignalCluster(  600): voice radio technology is0 isGSM = false isRoam= false
01-18 14:23:56.480 I/CTMSimSignalCluster(  600): voice radio technology is0 isGSM = false isRoam= false
01-18 14:23:56.480 I/CTMSimSignalCluster(  600): setMobileDataIndicators mMobileStrengthId[0]=com.android.systemui:drawable/stat_sys_signal_cdma_null mMobileStrengthId[1]=com.android.systemui:drawable/stat_sys_signal_cdma_null
01-18 14:23:56.480 I/CTMSimSignalCluster(  600): getAcitivyTypeIconId type=2 inout=0 subscription0
01-18 14:23:56.480 I/CTMSimSignalCluster(  600): SetMobileDataIndicators MNoSimIconVisiable 0=true
01-18 14:23:56.490 I/twfx    (  600): data activity sub= 0 refreshViews TRUE
01-18 14:23:56.490 I/CTMSimSignalCluster(  600): setMobileDataIndicators subscription=0
01-18 14:23:56.490 I/CTMSimSignalCluster(  600): setMobileDataIndicators strengthIcon 0=com.android.systemui:drawable/stat_sys_signal_null
01-18 14:23:56.490 I/CTMSimSignalCluster(  600): setMobileDataIndicators visible=true
01-18 14:23:56.490 I/CTMSimSignalCluster(  600): setMobileDataIndicators simServiceState=1 home null null 00000  Unknown CSS not supported 0 0 mDataState=1 RoamInd=1 DefRoamInd=1 EmergOnly=false
01-18 14:23:56.490 I/CTMSimSignalCluster(  600): setMobileDataIndicators isRoam=false
01-18 14:23:56.490 I/CTMSimSignalCluster(  600): setMobileDataIndicators dataConnect=false
01-18 14:23:56.490 I/CTMSimSignalCluster(  600): voice radio technology is0 isGSM = false isRoam= false
01-18 14:23:56.490 I/CTMSimSignalCluster(  600): voice radio technology is0 isGSM = false isRoam= false
01-18 14:23:56.490 I/CTMSimSignalCluster(  600): setMobileDataIndicators mMobileStrengthId[0]=com.android.systemui:drawable/stat_sys_signal_cdma_null mMobileStrengthId[1]=com.android.systemui:drawable/stat_sys_signal_cdma_null
01-18 14:23:56.490 I/CTMSimSignalCluster(  600): getAcitivyTypeIconId type=2 inout=0 subscription0
01-18 14:23:56.490 I/CTMSimSignalCluster(  600): SetMobileDataIndicators MNoSimIconVisiable 0=true
01-18 14:23:56.500 I/twfx    (  600): data activity sub= 0 refreshViews OVER ALMOST
01-18 14:23:56.500 I/twfx    (  600): data activity sub= 0 refreshViews last activity mLastDataDirectionOverlayIconId=2130838072 true sub=0
01-18 14:23:57.010 D/StateMachine(  481): handleMessage: E msg.what=131155
01-18 14:23:57.010 D/StateMachine(  481): processMsg: ConnectedState
01-18 14:23:57.010 D/WifiStateMachine(  481): ConnectedState{ what=131155 when=-3ms arg1=6 }
01-18 14:23:57.010 D/StateMachine(  481): processMsg: L2ConnectedState
01-18 14:23:57.010 D/WifiStateMachine(  481): L2ConnectedState{ what=131155 when=-4ms arg1=6 }
01-18 14:23:57.010 D/wpa_supplicant(  771): wpa_s 0x409865a0 cmd SIGNAL_POLL
01-18 14:23:57.010 D/wpa_supplicant(  771): nl80211: survey data missing!
01-18 14:23:57.020 D/StatusBar.NetworkController(  600): updateWifiState intent:Intent { act=android.net.wifi.RSSI_CHANGED flg=0x8000010 (has extras) }
01-18 14:23:57.020 D/StatusBar.NetworkController(  600): in updateWifiIcons, mWifiConnected: true, mDataAndWifiStacked: false, mWifiLevel: 3
01-18 14:23:57.020 D/StatusBar.NetworkController(  600): lz mWifiSsid:431
01-18 14:23:57.020 D/StatusBar.NetworkController(  600): in updateWifiIcons, mFmcState: 0
01-18 14:23:57.020 I/twfx    (  600): data activity sub= 0 refreshViews
01-18 14:23:57.020 I/twfx    (  600): data activity sub= 0 refreshViews mLastDataDirectionOverlayIconIdArray[subscription]=2130838070
01-18 14:23:57.020 I/twfx    (  600): data activity sub= 0 refreshViews TRUE
01-18 14:23:57.020 D/StateMachine(  481): handleMessage: X
01-18 14:23:57.020 I/CTMSimSignalCluster(  600): setMobileDataIndicators subscription=0
01-18 14:23:57.020 I/CTMSimSignalCluster(  600): setMobileDataIndicators strengthIcon 0=com.android.systemui:drawable/stat_sys_signal_null
01-18 14:23:57.020 I/CTMSimSignalCluster(  600): setMobileDataIndicators visible=true
01-18 14:23:57.020 I/CTMSimSignalCluster(  600): setMobileDataIndicators simServiceState=1 home null null 00000  Unknown CSS not supported 0 0 mDataState=1 RoamInd=1 DefRoamInd=1 EmergOnly=false
01-18 14:23:57.020 I/CTMSimSignalCluster(  600): setMobileDataIndicators isRoam=false
01-18 14:23:57.020 I/CTMSimSignalCluster(  600): setMobileDataIndicators dataConnect=false
01-18 14:23:57.020 I/CTMSimSignalCluster(  600): voice radio technology is0 isGSM = false isRoam= false
01-18 14:23:57.030 I/CTMSimSignalCluster(  600): voice radio technology is0 isGSM = false isRoam= false
01-18 14:23:57.030 I/CTMSimSignalCluster(  600): setMobileDataIndicators mMobileStrengthId[0]=com.android.systemui:drawable/stat_sys_signal_cdma_null mMobileStrengthId[1]=com.android.systemui:drawable/stat_sys_signal_cdma_null
01-18 14:23:57.030 I/CTMSimSignalCluster(  600): getAcitivyTypeIconId type=2 inout=0 subscription0
01-18 14:23:57.030 I/CTMSimSignalCluster(  600): SetMobileDataIndicators MNoSimIconVisiable 0=true
01-18 14:23:57.030 I/twfx    (  600): data activity sub= 0 refreshViews TRUE
01-18 14:23:57.030 I/CTMSimSignalCluster(  600): setMobileDataIndicators subscription=0
01-18 14:23:57.030 I/CTMSimSignalCluster(  600): setMobileDataIndicators strengthIcon 0=com.android.systemui:drawable/stat_sys_signal_null
01-18 14:23:57.030 I/CTMSimSignalCluster(  600): setMobileDataIndicators visible=true
01-18 14:23:57.030 I/CTMSimSignalCluster(  600): setMobileDataIndicators simServiceState=1 home null null 00000  Unknown CSS not supported 0 0 mDataState=1 RoamInd=1 DefRoamInd=1 EmergOnly=false
01-18 14:23:57.030 I/CTMSimSignalCluster(  600): setMobileDataIndicators isRoam=false
01-18 14:23:57.030 I/CTMSimSignalCluster(  600): setMobileDataIndicators dataConnect=false
01-18 14:23:57.030 I/CTMSimSignalCluster(  600): voice radio technology is0 isGSM = false isRoam= false
01-18 14:23:57.040 I/CTMSimSignalCluster(  600): voice radio technology is0 isGSM = false isRoam= false
01-18 14:23:57.040 I/CTMSimSignalCluster(  600): setMobileDataIndicators mMobileStrengthId[0]=com.android.systemui:drawable/stat_sys_signal_cdma_null mMobileStrengthId[1]=com.android.systemui:drawable/stat_sys_signal_cdma_null
01-18 14:23:57.040 I/CTMSimSignalCluster(  600): getAcitivyTypeIconId type=2 inout=0 subscription0
01-18 14:23:57.040 I/CTMSimSignalCluster(  600): SetMobileDataIndicators MNoSimIconVisiable 0=true
01-18 14:23:57.040 I/twfx    (  600): data activity sub= 0 refreshViews OVER ALMOST
01-18 14:23:57.480 I/twfx    (  600): data activity sub= 0 refreshViews
01-18 14:23:57.480 I/twfx    (  600): data activity sub= 0 refreshViews mLastDataDirectionOverlayIconIdArray[subscription]=2130838070
01-18 14:23:57.480 I/twfx    (  600): data activity sub= 0 refreshViews TRUE
01-18 14:23:57.480 I/CTMSimSignalCluster(  600): setMobileDataIndicators subscription=0
01-18 14:23:57.480 I/CTMSimSignalCluster(  600): setMobileDataIndicators strengthIcon 0=com.android.systemui:drawable/stat_sys_signal_null
01-18 14:23:57.480 I/CTMSimSignalCluster(  600): setMobileDataIndicators visible=true
01-18 14:23:57.480 I/CTMSimSignalCluster(  600): setMobileDataIndicators simServiceState=1 home null null 00000  Unknown CSS not supported 0 0 mDataState=1 RoamInd=1 DefRoamInd=1 EmergOnly=false
01-18 14:23:57.480 I/CTMSimSignalCluster(  600): setMobileDataIndicators isRoam=false
01-18 14:23:57.480 I/CTMSimSignalCluster(  600): setMobileDataIndicators dataConnect=false
01-18 14:23:57.480 I/CTMSimSignalCluster(  600): voice radio technology is0 isGSM = false isRoam= false
01-18 14:23:57.480 I/CTMSimSignalCluster(  600): voice radio technology is0 isGSM = false isRoam= false
01-18 14:23:57.480 I/CTMSimSignalCluster(  600): setMobileDataIndicators mMobileStrengthId[0]=com.android.systemui:drawable/stat_sys_signal_cdma_null mMobileStrengthId[1]=com.android.systemui:drawable/stat_sys_signal_cdma_null
01-18 14:23:57.480 I/CTMSimSignalCluster(  600): getAcitivyTypeIconId type=2 inout=0 subscription0
01-18 14:23:57.480 I/CTMSimSignalCluster(  600): SetMobileDataIndicators MNoSimIconVisiable 0=true
01-18 14:23:57.490 I/twfx    (  600): data activity sub= 0 refreshViews TRUE
01-18 14:23:57.490 I/CTMSimSignalCluster(  600): setMobileDataIndicators subscription=0
01-18 14:23:57.490 I/CTMSimSignalCluster(  600): setMobileDataIndicators strengthIcon 0=com.android.systemui:drawable/stat_sys_signal_null
01-18 14:23:57.490 I/CTMSimSignalCluster(  600): setMobileDataIndicators visible=true
01-18 14:23:57.490 I/CTMSimSignalCluster(  600): setMobileDataIndicators simServiceState=1 home null null 00000  Unknown CSS not supported 0 0 mDataState=1 RoamInd=1 DefRoamInd=1 EmergOnly=false
01-18 14:23:57.490 I/CTMSimSignalCluster(  600): setMobileDataIndicators isRoam=false
01-18 14:23:57.490 I/CTMSimSignalCluster(  600): setMobileDataIndicators dataConnect=false
01-18 14:23:57.490 I/CTMSimSignalCluster(  600): voice radio technology is0 isGSM = false isRoam= false
01-18 14:23:57.490 I/CTMSimSignalCluster(  600): voice radio technology is0 isGSM = false isRoam= false
01-18 14:23:57.490 I/CTMSimSignalCluster(  600): setMobileDataIndicators mMobileStrengthId[0]=com.android.systemui:drawable/stat_sys_signal_cdma_null mMobileStrengthId[1]=com.android.systemui:drawable/stat_sys_signal_cdma_null
01-18 14:23:57.490 I/CTMSimSignalCluster(  600): getAcitivyTypeIconId type=2 inout=0 subscription0
01-18 14:23:57.490 I/CTMSimSignalCluster(  600): SetMobileDataIndicators MNoSimIconVisiable 0=true
01-18 14:23:57.500 I/twfx    (  600): data activity sub= 0 refreshViews OVER ALMOST
01-18 14:23:57.500 I/twfx    (  600): data activity sub= 0 refreshViews last activity mLastDataDirectionOverlayIconId=2130838070 true sub=0
01-18 14:23:57.730 V/battery (  481): ACTION_BATTERY_CHANGED isbattery overheat =false
01-18 14:23:57.730 V/battery (  481): handleBatteryUpdate batteryUpdateInteresting=false
01-18 14:23:58.480 I/twfx    (  600): data activity sub= 0 refreshViews
01-18 14:23:58.480 I/twfx    (  600): data activity sub= 0 refreshViews mLastDataDirectionOverlayIconIdArray[subscription]=2130838071
01-18 14:23:58.480 I/twfx    (  600): data activity sub= 0 refreshViews TRUE
01-18 14:23:58.480 I/CTMSimSignalCluster(  600): setMobileDataIndicators subscription=0
01-18 14:23:58.480 I/CTMSimSignalCluster(  600): setMobileDataIndicators strengthIcon 0=com.android.systemui:drawable/stat_sys_signal_null
01-18 14:23:58.480 I/CTMSimSignalCluster(  600): setMobileDataIndicators visible=true
01-18 14:23:58.480 I/CTMSimSignalCluster(  600): setMobileDataIndicators simServiceState=1 home null null 00000  Unknown CSS not supported 0 0 mDataState=1 RoamInd=1 DefRoamInd=1 EmergOnly=false
01-18 14:23:58.480 I/CTMSimSignalCluster(  600): setMobileDataIndicators isRoam=false
01-18 14:23:58.480 I/CTMSimSignalCluster(  600): setMobileDataIndicators dataConnect=false
01-18 14:23:58.480 I/CTMSimSignalCluster(  600): voice radio technology is0 isGSM = false isRoam= false
01-18 14:23:58.480 I/CTMSimSignalCluster(  600): voice radio technology is0 isGSM = false isRoam= false
01-18 14:23:58.480 I/CTMSimSignalCluster(  600): setMobileDataIndicators mMobileStrengthId[0]=com.android.systemui:drawable/stat_sys_signal_cdma_null mMobileStrengthId[1]=com.android.systemui:drawable/stat_sys_signal_cdma_null
01-18 14:23:58.490 I/CTMSimSignalCluster(  600): getAcitivyTypeIconId type=2 inout=0 subscription0
01-18 14:23:58.490 I/CTMSimSignalCluster(  600): SetMobileDataIndicators MNoSimIconVisiable 0=true
01-18 14:23:58.490 I/twfx    (  600): data activity sub= 0 refreshViews TRUE
01-18 14:23:58.490 I/CTMSimSignalCluster(  600): setMobileDataIndicators subscription=0
01-18 14:23:58.490 I/CTMSimSignalCluster(  600): setMobileDataIndicators strengthIcon 0=com.android.systemui:drawable/stat_sys_signal_null
01-18 14:23:58.490 I/CTMSimSignalCluster(  600): setMobileDataIndicators visible=true
01-18 14:23:58.490 I/CTMSimSignalCluster(  600): setMobileDataIndicators simServiceState=1 home null null 00000  Unknown CSS not supported 0 0 mDataState=1 RoamInd=1 DefRoamInd=1 EmergOnly=false
01-18 14:23:58.490 I/CTMSimSignalCluster(  600): setMobileDataIndicators isRoam=false
01-18 14:23:58.490 I/CTMSimSignalCluster(  600): setMobileDataIndicators dataConnect=false
01-18 14:23:58.490 I/CTMSimSignalCluster(  600): voice radio technology is0 isGSM = false isRoam= false
01-18 14:23:58.490 I/CTMSimSignalCluster(  600): voice radio technology is0 isGSM = false isRoam= false
01-18 14:23:58.490 I/CTMSimSignalCluster(  600): setMobileDataIndicators mMobileStrengthId[0]=com.android.systemui:drawable/stat_sys_signal_cdma_null mMobileStrengthId[1]=com.android.systemui:drawable/stat_sys_signal_cdma_null
01-18 14:23:58.500 I/CTMSimSignalCluster(  600): getAcitivyTypeIconId type=2 inout=0 subscription0
01-18 14:23:58.500 I/CTMSimSignalCluster(  600): SetMobileDataIndicators MNoSimIconVisiable 0=true
01-18 14:23:58.500 I/twfx    (  600): data activity sub= 0 refreshViews OVER ALMOST
01-18 14:23:58.500 I/twfx    (  600): data activity sub= 0 refreshViews last activity mLastDataDirectionOverlayIconId=2130838071 true sub=0
01-18 14:23:59.840 V/battery (  481): ACTION_BATTERY_CHANGED isbattery overheat =false
01-18 14:23:59.840 V/battery (  481): handleBatteryUpdate batteryUpdateInteresting=true
01-18 14:23:59.840 W/NotificationManagerService(  481):   r=NotificationRecord{418fe280 pkg=android id=1040479 tag=null score=-10} mSoundNotification=null
01-18 14:23:59.840 D/NotificationManagerService(  481): (mSoundNotification == r)--->false
01-18 14:23:59.840 D/NotificationManagerService(  481): r.id==0--->false
01-18 14:23:59.840 D/NotificationManagerService(  481):  "com.android.calendar".equals(r.pkg))--->false
01-18 14:23:59.850 W/NotificationManagerService(  481):   r=NotificationRecord{418deb18 pkg=android id=1040481 tag=null score=-10} mSoundNotification=null
01-18 14:23:59.850 D/NotificationManagerService(  481): (mSoundNotification == r)--->false
01-18 14:23:59.850 D/NotificationManagerService(  481): r.id==0--->false
01-18 14:23:59.850 D/NotificationManagerService(  481):  "com.android.calendar".equals(r.pkg))--->false
01-18 14:23:59.850 D/UsbDeviceManager(  481): isStaticFuntion functions=charge
01-18 14:23:59.860 E/twfx    (  600): toShow i=0
01-18 14:23:59.860 E/twfx    (  600): toShow i=1
01-18 14:23:59.870 E/twfx    (  600): toShow i=0
01-18 14:23:59.880 D/Environment(  600): getPhoneStorageDirectory.change=1
01-18 14:23:59.880 D/Environment(  600): getExternalStorageSdDirectory change=1
01-18 14:23:59.880 D/Environment(  600): persist.sys.primary.storage =sd
01-18 14:23:59.880 D/Environment(  600): getPhoneStorageDirectory.change=1
01-18 14:24:00.000 D/PowerManager(  481): AlarmManager [acquire]
01-18 14:24:00.020 D/clock   (  600): onReceive action=android.intent.action.TIME_TICK
01-18 14:24:00.020 D/clock   (  600): updateClock time=14:24
01-18 14:24:00.030 D/StateMachine(  481): handleMessage: E msg.what=131155
01-18 14:24:00.030 D/StateMachine(  481): processMsg: ConnectedState
01-18 14:24:00.030 D/WifiStateMachine(  481): ConnectedState{ what=131155 when=-4ms arg1=6 }
01-18 14:24:00.030 D/StateMachine(  481): processMsg: L2ConnectedState
01-18 14:24:00.030 D/WifiStateMachine(  481): L2ConnectedState{ what=131155 when=-4ms arg1=6 }
01-18 14:24:00.030 D/wpa_supplicant(  771): wpa_s 0x409865a0 cmd SIGNAL_POLL
01-18 14:24:00.030 D/wpa_supplicant(  771): nl80211: survey data missing!
01-18 14:24:00.030 D/StateMachine(  481): handleMessage: X
01-18 14:24:00.040 D/clock   (  600): onReceive action=android.intent.action.TIME_TICK
01-18 14:24:00.040 D/clock   (  600): updateClock time=14:24
01-18 14:24:00.060 D/PowerManager(  481): AlarmManager [release]
01-18 14:24:00.480 I/twfx    (  600): data activity sub= 0 refreshViews
01-18 14:24:00.490 I/twfx    (  600): data activity sub= 0 refreshViews mLastDataDirectionOverlayIconIdArray[subscription]=2130838070
01-18 14:24:00.490 I/twfx    (  600): data activity sub= 0 refreshViews TRUE
01-18 14:24:00.490 I/CTMSimSignalCluster(  600): setMobileDataIndicators subscription=0
01-18 14:24:00.490 I/CTMSimSignalCluster(  600): setMobileDataIndicators strengthIcon 0=com.android.systemui:drawable/stat_sys_signal_null
01-18 14:24:00.490 I/CTMSimSignalCluster(  600): setMobileDataIndicators visible=true
01-18 14:24:00.490 I/CTMSimSignalCluster(  600): setMobileDataIndicators simServiceState=1 home null null 00000  Unknown CSS not supported 0 0 mDataState=1 RoamInd=1 DefRoamInd=1 EmergOnly=false
01-18 14:24:00.490 I/CTMSimSignalCluster(  600): setMobileDataIndicators isRoam=false
01-18 14:24:00.490 I/CTMSimSignalCluster(  600): setMobileDataIndicators dataConnect=false
01-18 14:24:00.490 I/CTMSimSignalCluster(  600): voice radio technology is0 isGSM = false isRoam= false
01-18 14:24:00.490 I/CTMSimSignalCluster(  600): voice radio technology is0 isGSM = false isRoam= false
01-18 14:24:00.490 I/CTMSimSignalCluster(  600): setMobileDataIndicators mMobileStrengthId[0]=com.android.systemui:drawable/stat_sys_signal_cdma_null mMobileStrengthId[1]=com.android.systemui:drawable/stat_sys_signal_cdma_null
01-18 14:24:00.490 I/CTMSimSignalCluster(  600): getAcitivyTypeIconId type=2 inout=0 subscription0
01-18 14:24:00.490 I/CTMSimSignalCluster(  600): SetMobileDataIndicators MNoSimIconVisiable 0=true
01-18 14:24:00.500 I/twfx    (  600): data activity sub= 0 refreshViews TRUE
01-18 14:24:00.500 I/CTMSimSignalCluster(  600): setMobileDataIndicators subscription=0
01-18 14:24:00.500 I/CTMSimSignalCluster(  600): setMobileDataIndicators strengthIcon 0=com.android.systemui:drawable/stat_sys_signal_null
01-18 14:24:00.500 I/CTMSimSignalCluster(  600): setMobileDataIndicators visible=true
01-18 14:24:00.500 I/CTMSimSignalCluster(  600): setMobileDataIndicators simServiceState=1 home null null 00000  Unknown CSS not supported 0 0 mDataState=1 RoamInd=1 DefRoamInd=1 EmergOnly=false
01-18 14:24:00.500 I/CTMSimSignalCluster(  600): setMobileDataIndicators isRoam=false
01-18 14:24:00.500 I/CTMSimSignalCluster(  600): setMobileDataIndicators dataConnect=false
01-18 14:24:00.500 I/CTMSimSignalCluster(  600): voice radio technology is0 isGSM = false isRoam= false
01-18 14:24:00.500 I/CTMSimSignalCluster(  600): voice radio technology is0 isGSM = false isRoam= false
01-18 14:24:00.500 I/CTMSimSignalCluster(  600): setMobileDataIndicators mMobileStrengthId[0]=com.android.systemui:drawable/stat_sys_signal_cdma_null mMobileStrengthId[1]=com.android.systemui:drawable/stat_sys_signal_cdma_null
01-18 14:24:00.500 I/CTMSimSignalCluster(  600): getAcitivyTypeIconId type=2 inout=0 subscription0
01-18 14:24:00.500 I/CTMSimSignalCluster(  600): SetMobileDataIndicators MNoSimIconVisiable 0=true
01-18 14:24:00.510 I/twfx    (  600): data activity sub= 0 refreshViews OVER ALMOST
01-18 14:24:00.510 I/twfx    (  600): data activity sub= 0 refreshViews last activity mLastDataDirectionOverlayIconId=2130838070 true sub=0
01-18 14:24:01.490 I/twfx    (  600): data activity sub= 0 refreshViews
01-18 14:24:01.490 I/twfx    (  600): data activity sub= 0 refreshViews mLastDataDirectionOverlayIconIdArray[subscription]=2130838071
01-18 14:24:01.490 I/twfx    (  600): data activity sub= 0 refreshViews TRUE
01-18 14:24:01.490 I/CTMSimSignalCluster(  600): setMobileDataIndicators subscription=0
01-18 14:24:01.490 I/CTMSimSignalCluster(  600): setMobileDataIndicators strengthIcon 0=com.android.systemui:drawable/stat_sys_signal_null
01-18 14:24:01.490 I/CTMSimSignalCluster(  600): setMobileDataIndicators visible=true
01-18 14:24:01.490 I/CTMSimSignalCluster(  600): setMobileDataIndicators simServiceState=1 home null null 00000  Unknown CSS not supported 0 0 mDataState=1 RoamInd=1 DefRoamInd=1 EmergOnly=false
01-18 14:24:01.490 I/CTMSimSignalCluster(  600): setMobileDataIndicators isRoam=false
01-18 14:24:01.490 I/CTMSimSignalCluster(  600): setMobileDataIndicators dataConnect=false
01-18 14:24:01.490 I/CTMSimSignalCluster(  600): voice radio technology is0 isGSM = false isRoam= false
01-18 14:24:01.490 I/CTMSimSignalCluster(  600): voice radio technology is0 isGSM = false isRoam= false
01-18 14:24:01.490 I/CTMSimSignalCluster(  600): setMobileDataIndicators mMobileStrengthId[0]=com.android.systemui:drawable/stat_sys_signal_cdma_null mMobileStrengthId[1]=com.android.systemui:drawable/stat_sys_signal_cdma_null
01-18 14:24:01.500 I/CTMSimSignalCluster(  600): getAcitivyTypeIconId type=2 inout=0 subscription0
01-18 14:24:01.500 I/CTMSimSignalCluster(  600): SetMobileDataIndicators MNoSimIconVisiable 0=true
01-18 14:24:01.500 I/twfx    (  600): data activity sub= 0 refreshViews TRUE
01-18 14:24:01.500 I/CTMSimSignalCluster(  600): setMobileDataIndicators subscription=0
01-18 14:24:01.500 I/CTMSimSignalCluster(  600): setMobileDataIndicators strengthIcon 0=com.android.systemui:drawable/stat_sys_signal_null
01-18 14:24:01.500 I/CTMSimSignalCluster(  600): setMobileDataIndicators visible=true
01-18 14:24:01.500 I/CTMSimSignalCluster(  600): setMobileDataIndicators simServiceState=1 home null null 00000  Unknown CSS not supported 0 0 mDataState=1 RoamInd=1 DefRoamInd=1 EmergOnly=false
01-18 14:24:01.500 I/CTMSimSignalCluster(  600): setMobileDataIndicators isRoam=false
01-18 14:24:01.500 I/CTMSimSignalCluster(  600): setMobileDataIndicators dataConnect=false
01-18 14:24:01.500 I/CTMSimSignalCluster(  600): voice radio technology is0 isGSM = false isRoam= false
01-18 14:24:01.500 I/CTMSimSignalCluster(  600): voice radio technology is0 isGSM = false isRoam= false
01-18 14:24:01.510 I/CTMSimSignalCluster(  600): setMobileDataIndicators mMobileStrengthId[0]=com.android.systemui:drawable/stat_sys_signal_cdma_null mMobileStrengthId[1]=com.android.systemui:drawable/stat_sys_signal_cdma_null
01-18 14:24:01.510 I/CTMSimSignalCluster(  600): getAcitivyTypeIconId type=2 inout=0 subscription0
01-18 14:24:01.510 I/CTMSimSignalCluster(  600): SetMobileDataIndicators MNoSimIconVisiable 0=true
01-18 14:24:01.510 I/twfx    (  600): data activity sub= 0 refreshViews OVER ALMOST
01-18 14:24:01.510 I/twfx    (  600): data activity sub= 0 refreshViews last activity mLastDataDirectionOverlayIconId=2130838071 true sub=0
01-18 14:24:02.200 D/wpa_supplicant(  771): RTM_NEWLINK: operstate=1 ifi_flags=0x11043 ([UP][RUNNING][LOWER_UP])
01-18 14:24:02.200 D/wpa_supplicant(  771): RTM_NEWLINK, IFLA_IFNAME: Interface 'wlan0' added
01-18 14:24:02.200 D/wpa_supplicant(  771): nl80211: if_removed already cleared - ignore event
01-18 14:24:02.490 I/twfx    (  600): data activity sub= 0 refreshViews
01-18 14:24:02.490 I/twfx    (  600): data activity sub= 0 refreshViews mLastDataDirectionOverlayIconIdArray[subscription]=0
01-18 14:24:02.490 I/twfx    (  600): data activity sub= 0 refreshViews TRUE
01-18 14:24:02.500 I/CTMSimSignalCluster(  600): setMobileDataIndicators subscription=0
01-18 14:24:02.500 I/CTMSimSignalCluster(  600): setMobileDataIndicators strengthIcon 0=com.android.systemui:drawable/stat_sys_signal_null
01-18 14:24:02.500 I/CTMSimSignalCluster(  600): setMobileDataIndicators visible=true
01-18 14:24:02.500 I/CTMSimSignalCluster(  600): setMobileDataIndicators simServiceState=1 home null null 00000  Unknown CSS not supported 0 0 mDataState=1 RoamInd=1 DefRoamInd=1 EmergOnly=false
01-18 14:24:02.500 I/CTMSimSignalCluster(  600): setMobileDataIndicators isRoam=false
01-18 14:24:02.500 I/CTMSimSignalCluster(  600): setMobileDataIndicators dataConnect=false
01-18 14:24:02.500 I/CTMSimSignalCluster(  600): voice radio technology is0 isGSM = false isRoam= false
01-18 14:24:02.500 I/CTMSimSignalCluster(  600): voice radio technology is0 isGSM = false isRoam= false
01-18 14:24:02.500 I/CTMSimSignalCluster(  600): setMobileDataIndicators mMobileStrengthId[0]=com.android.systemui:drawable/stat_sys_signal_cdma_null mMobileStrengthId[1]=com.android.systemui:drawable/stat_sys_signal_cdma_null
01-18 14:24:02.500 I/CTMSimSignalCluster(  600): getAcitivyTypeIconId type=2 inout=0 subscription0
01-18 14:24:02.500 I/CTMSimSignalCluster(  600): SetMobileDataIndicators MNoSimIconVisiable 0=true
01-18 14:24:02.510 I/twfx    (  600): data activity sub= 0 refreshViews TRUE
01-18 14:24:02.510 I/CTMSimSignalCluster(  600): setMobileDataIndicators subscription=0
01-18 14:24:02.510 I/CTMSimSignalCluster(  600): setMobileDataIndicators strengthIcon 0=com.android.systemui:drawable/stat_sys_signal_null
01-18 14:24:02.510 I/CTMSimSignalCluster(  600): setMobileDataIndicators visible=true
01-18 14:24:02.510 I/CTMSimSignalCluster(  600): setMobileDataIndicators simServiceState=1 home null null 00000  Unknown CSS not supported 0 0 mDataState=1 RoamInd=1 DefRoamInd=1 EmergOnly=false
01-18 14:24:02.510 I/CTMSimSignalCluster(  600): setMobileDataIndicators isRoam=false
01-18 14:24:02.510 I/CTMSimSignalCluster(  600): setMobileDataIndicators dataConnect=false
01-18 14:24:02.510 I/CTMSimSignalCluster(  600): voice radio technology is0 isGSM = false isRoam= false
01-18 14:24:02.510 I/CTMSimSignalCluster(  600): voice radio technology is0 isGSM = false isRoam= false
01-18 14:24:02.510 I/CTMSimSignalCluster(  600): setMobileDataIndicators mMobileStrengthId[0]=com.android.systemui:drawable/stat_sys_signal_cdma_null mMobileStrengthId[1]=com.android.systemui:drawable/stat_sys_signal_cdma_null
01-18 14:24:02.510 I/CTMSimSignalCluster(  600): getAcitivyTypeIconId type=2 inout=0 subscription0
01-18 14:24:02.510 I/CTMSimSignalCluster(  600): SetMobileDataIndicators MNoSimIconVisiable 0=true
01-18 14:24:02.520 I/twfx    (  600): data activity sub= 0 refreshViews OVER ALMOST
01-18 14:24:02.520 I/twfx    (  600): data activity sub= 0 refreshViews last activity mLastDataDirectionOverlayIconId=0 true sub=0
01-18 14:24:02.610 D/PowerManager(  680): RILJ [acquire]
01-18 14:24:02.620 D/PowerManager(  680): RILJ [release]
01-18 14:24:03.040 D/StateMachine(  481): handleMessage: E msg.what=131155
01-18 14:24:03.040 D/StateMachine(  481): processMsg: ConnectedState
01-18 14:24:03.040 D/WifiStateMachine(  481): ConnectedState{ what=131155 when=-3ms arg1=6 }
01-18 14:24:03.040 D/StateMachine(  481): processMsg: L2ConnectedState
01-18 14:24:03.040 D/WifiStateMachine(  481): L2ConnectedState{ what=131155 when=-4ms arg1=6 }
01-18 14:24:03.040 D/wpa_supplicant(  771): wpa_s 0x409865a0 cmd SIGNAL_POLL
01-18 14:24:03.040 D/wpa_supplicant(  771): nl80211: survey data missing!
01-18 14:24:03.040 D/StateMachine(  481): handleMessage: X
01-18 14:24:03.400 V/battery (  481): ACTION_BATTERY_CHANGED isbattery overheat =false
01-18 14:24:03.400 V/battery (  481): handleBatteryUpdate batteryUpdateInteresting=true
01-18 14:24:03.490 I/twfx    (  600): data activity sub= 0 refreshViews
01-18 14:24:03.490 I/twfx    (  600): data activity sub= 0 refreshViews mLastDataDirectionOverlayIconIdArray[subscription]=2130838070
01-18 14:24:03.490 I/twfx    (  600): data activity sub= 0 refreshViews TRUE
01-18 14:24:03.500 I/CTMSimSignalCluster(  600): setMobileDataIndicators subscription=0
01-18 14:24:03.500 I/CTMSimSignalCluster(  600): setMobileDataIndicators strengthIcon 0=com.android.systemui:drawable/stat_sys_signal_null
01-18 14:24:03.500 I/CTMSimSignalCluster(  600): setMobileDataIndicators visible=true
01-18 14:24:03.500 I/CTMSimSignalCluster(  600): setMobileDataIndicators simServiceState=1 home null null 00000  Unknown CSS not supported 0 0 mDataState=1 RoamInd=1 DefRoamInd=1 EmergOnly=false
01-18 14:24:03.500 I/CTMSimSignalCluster(  600): setMobileDataIndicators isRoam=false
01-18 14:24:03.500 I/CTMSimSignalCluster(  600): setMobileDataIndicators dataConnect=false
01-18 14:24:03.500 I/CTMSimSignalCluster(  600): voice radio technology is0 isGSM = false isRoam= false
01-18 14:24:03.500 I/CTMSimSignalCluster(  600): voice radio technology is0 isGSM = false isRoam= false
01-18 14:24:03.500 I/CTMSimSignalCluster(  600): setMobileDataIndicators mMobileStrengthId[0]=com.android.systemui:drawable/stat_sys_signal_cdma_null mMobileStrengthId[1]=com.android.systemui:drawable/stat_sys_signal_cdma_null
01-18 14:24:03.500 I/CTMSimSignalCluster(  600): getAcitivyTypeIconId type=2 inout=0 subscription0
01-18 14:24:03.500 I/CTMSimSignalCluster(  600): SetMobileDataIndicators MNoSimIconVisiable 0=true
01-18 14:24:03.510 I/twfx    (  600): data activity sub= 0 refreshViews TRUE
01-18 14:24:03.510 I/CTMSimSignalCluster(  600): setMobileDataIndicators subscription=0
01-18 14:24:03.510 I/CTMSimSignalCluster(  600): setMobileDataIndicators strengthIcon 0=com.android.systemui:drawable/stat_sys_signal_null
01-18 14:24:03.510 I/CTMSimSignalCluster(  600): setMobileDataIndicators visible=true
01-18 14:24:03.510 I/CTMSimSignalCluster(  600): setMobileDataIndicators simServiceState=1 home null null 00000  Unknown CSS not supported 0 0 mDataState=1 RoamInd=1 DefRoamInd=1 EmergOnly=false
01-18 14:24:03.510 I/CTMSimSignalCluster(  600): setMobileDataIndicators isRoam=false
01-18 14:24:03.510 I/CTMSimSignalCluster(  600): setMobileDataIndicators dataConnect=false
01-18 14:24:03.510 I/CTMSimSignalCluster(  600): voice radio technology is0 isGSM = false isRoam= false
01-18 14:24:03.510 I/CTMSimSignalCluster(  600): voice radio technology is0 isGSM = false isRoam= false
01-18 14:24:03.510 I/CTMSimSignalCluster(  600): setMobileDataIndicators mMobileStrengthId[0]=com.android.systemui:drawable/stat_sys_signal_cdma_null mMobileStrengthId[1]=com.android.systemui:drawable/stat_sys_signal_cdma_null
01-18 14:24:03.510 I/CTMSimSignalCluster(  600): getAcitivyTypeIconId type=2 inout=0 subscription0
01-18 14:24:03.510 I/CTMSimSignalCluster(  600): SetMobileDataIndicators MNoSimIconVisiable 0=true
01-18 14:24:03.520 I/twfx    (  600): data activity sub= 0 refreshViews OVER ALMOST
01-18 14:24:03.520 I/twfx    (  600): data activity sub= 0 refreshViews last activity mLastDataDirectionOverlayIconId=2130838070 true sub=0
01-18 14:24:03.670 V/battery (  481): ACTION_BATTERY_CHANGED isbattery overheat =false
01-18 14:24:03.670 V/battery (  481): handleBatteryUpdate batteryUpdateInteresting=false
01-18 14:24:03.880 D/twfx    (  481): Disabled Notification sound useDefaultSound =false
