01-01 19:51:42.859 D/dalvikvm(  652): GC_CONCURRENT freed 397K, 12% free 9310K/10503K, paused 12ms+12ms, total 65ms
01-01 19:51:42.869 I/twfx    (  605): data activity sub= 0 refreshViews
01-01 19:51:42.869 I/twfx    (  605): data activity sub= 0 refreshViews mLastDataDirectionOverlayIconIdArray[subscription]=0
01-01 19:51:42.869 I/twfx    (  605): data activity sub= 0 refreshViews TRUE
01-01 19:51:42.869 I/CTMSimSignalCluster(  605): setMobileDataIndicators subscription=0
01-01 19:51:42.869 I/CTMSimSignalCluster(  605): setMobileDataIndicators strengthIcon 0=com.android.systemui:drawable/stat_sys_signal_null
01-01 19:51:42.869 I/CTMSimSignalCluster(  605): setMobileDataIndicators visible=true
01-01 19:51:42.869 I/CTMSimSignalCluster(  605): setMobileDataIndicators simServiceState=1 home null null 00000  Unknown CSS not supported 0 0 mDataState=1 RoamInd=1 DefRoamInd=1 EmergOnly=false
01-01 19:51:42.869 I/CTMSimSignalCluster(  605): setMobileDataIndicators isRoam=false
01-01 19:51:42.869 I/CTMSimSignalCluster(  605): setMobileDataIndicators dataConnect=false
01-01 19:51:42.869 I/CTMSimSignalCluster(  605): voice radio technology is0 isGSM = false isRoam= false
01-01 19:51:42.869 I/CTMSimSignalCluster(  605): voice radio technology is0 isGSM = false isRoam= false
01-01 19:51:42.869 I/CTMSimSignalCluster(  605): setMobileDataIndicators mMobileStrengthId[0]=com.android.systemui:drawable/stat_sys_signal_cdma_null mMobileStrengthId[1]=com.android.systemui:drawable/stat_sys_signal_cdma_null
01-01 19:51:42.879 I/CTMSimSignalCluster(  605): getAcitivyTypeIconId type=2 inout=0 subscription0
01-01 19:51:42.879 I/CTMSimSignalCluster(  605): SetMobileDataIndicators MNoSimIconVisiable 0=true
01-01 19:51:42.879 I/twfx    (  605): data activity sub= 0 refreshViews TRUE
01-01 19:51:42.879 I/CTMSimSignalCluster(  605): setMobileDataIndicators subscription=0
01-01 19:51:42.879 I/CTMSimSignalCluster(  605): setMobileDataIndicators strengthIcon 0=com.android.systemui:drawable/stat_sys_signal_null
01-01 19:51:42.879 I/CTMSimSignalCluster(  605): setMobileDataIndicators visible=true
01-01 19:51:42.879 I/CTMSimSignalCluster(  605): setMobileDataIndicators simServiceState=1 home null null 00000  Unknown CSS not supported 0 0 mDataState=1 RoamInd=1 DefRoamInd=1 EmergOnly=false
01-01 19:51:42.879 I/CTMSimSignalCluster(  605): setMobileDataIndicators isRoam=false
01-01 19:51:42.879 I/CTMSimSignalCluster(  605): setMobileDataIndicators dataConnect=false
01-01 19:51:42.879 I/CTMSimSignalCluster(  605): voice radio technology is0 isGSM = false isRoam= false
01-01 19:51:42.879 I/CTMSimSignalCluster(  605): voice radio technology is0 isGSM = false isRoam= false
01-01 19:51:42.879 I/CTMSimSignalCluster(  605): setMobileDataIndicators mMobileStrengthId[0]=com.android.systemui:drawable/stat_sys_signal_cdma_null mMobileStrengthId[1]=com.android.systemui:drawable/stat_sys_signal_cdma_null
01-01 19:51:42.889 I/CTMSimSignalCluster(  605): getAcitivyTypeIconId type=2 inout=0 subscription0
01-01 19:51:42.889 I/CTMSimSignalCluster(  605): SetMobileDataIndicators MNoSimIconVisiable 0=true
01-01 19:51:42.889 I/twfx    (  605): data activity sub= 0 refreshViews OVER ALMOST
01-01 19:51:42.889 I/twfx    (  605): data activity sub= 0 refreshViews last activity mLastDataDirectionOverlayIconId=0 true sub=0
01-01 19:51:44.069 D/CosineC ( 3157): CosineService.onDestroy
01-01 19:51:44.169 D/CosineD ( 1470): fork 3202
01-01 19:51:44.169 D/CosineD ( 3202): argv
01-01 19:51:44.169 D/CosineD ( 3202): app_process
01-01 19:51:44.169 D/CosineD ( 3202): /system/bin
01-01 19:51:44.169 D/CosineD ( 3202): com.android.commands.am.Am
01-01 19:51:44.169 D/CosineD ( 3202): broadcast
01-01 19:51:44.169 D/CosineD ( 3202): --user
01-01 19:51:44.169 D/CosineD ( 3202): 0
01-01 19:51:44.169 D/CosineD ( 3202): -n
01-01 19:51:44.169 D/CosineD ( 3202): im.yixin/com.netease.cosine.target.CosineReceiver
01-01 19:51:44.169 D/CosineD ( 3202): exec
01-01 19:51:44.879 I/twfx    (  605): data activity sub= 0 refreshViews
01-01 19:51:44.879 I/twfx    (  605): data activity sub= 0 refreshViews mLastDataDirectionOverlayIconIdArray[subscription]=2130838071
01-01 19:51:44.879 I/twfx    (  605): data activity sub= 0 refreshViews TRUE
01-01 19:51:44.879 I/CTMSimSignalCluster(  605): setMobileDataIndicators subscription=0
01-01 19:51:44.879 I/CTMSimSignalCluster(  605): setMobileDataIndicators strengthIcon 0=com.android.systemui:drawable/stat_sys_signal_null
01-01 19:51:44.879 I/CTMSimSignalCluster(  605): setMobileDataIndicators visible=true
01-01 19:51:44.879 I/CTMSimSignalCluster(  605): setMobileDataIndicators simServiceState=1 home null null 00000  Unknown CSS not supported 0 0 mDataState=1 RoamInd=1 DefRoamInd=1 EmergOnly=false
01-01 19:51:44.879 I/CTMSimSignalCluster(  605): setMobileDataIndicators isRoam=false
01-01 19:51:44.879 I/CTMSimSignalCluster(  605): setMobileDataIndicators dataConnect=false
01-01 19:51:44.879 I/CTMSimSignalCluster(  605): voice radio technology is0 isGSM = false isRoam= false
01-01 19:51:44.879 I/CTMSimSignalCluster(  605): voice radio technology is0 isGSM = false isRoam= false
01-01 19:51:44.879 I/CTMSimSignalCluster(  605): setMobileDataIndicators mMobileStrengthId[0]=com.android.systemui:drawable/stat_sys_signal_cdma_null mMobileStrengthId[1]=com.android.systemui:drawable/stat_sys_signal_cdma_null
01-01 19:51:44.879 I/CTMSimSignalCluster(  605): getAcitivyTypeIconId type=2 inout=0 subscription0
01-01 19:51:44.879 I/CTMSimSignalCluster(  605): SetMobileDataIndicators MNoSimIconVisiable 0=true
01-01 19:51:44.879 I/twfx    (  605): data activity sub= 0 refreshViews TRUE
01-01 19:51:44.879 I/CTMSimSignalCluster(  605): setMobileDataIndicators subscription=0
01-01 19:51:44.879 I/CTMSimSignalCluster(  605): setMobileDataIndicators strengthIcon 0=com.android.systemui:drawable/stat_sys_signal_null
01-01 19:51:44.879 I/CTMSimSignalCluster(  605): setMobileDataIndicators visible=true
01-01 19:51:44.879 I/CTMSimSignalCluster(  605): setMobileDataIndicators simServiceState=1 home null null 00000  Unknown CSS not supported 0 0 mDataState=1 RoamInd=1 DefRoamInd=1 EmergOnly=false
01-01 19:51:44.879 I/CTMSimSignalCluster(  605): setMobileDataIndicators isRoam=false
01-01 19:51:44.879 I/CTMSimSignalCluster(  605): setMobileDataIndicators dataConnect=false
01-01 19:51:44.879 I/CTMSimSignalCluster(  605): voice radio technology is0 isGSM = false isRoam= false
01-01 19:51:44.879 I/CTMSimSignalCluster(  605): voice radio technology is0 isGSM = false isRoam= false
01-01 19:51:44.879 I/CTMSimSignalCluster(  605): setMobileDataIndicators mMobileStrengthId[0]=com.android.systemui:drawable/stat_sys_signal_cdma_null mMobileStrengthId[1]=com.android.systemui:drawable/stat_sys_signal_cdma_null
01-01 19:51:44.879 I/CTMSimSignalCluster(  605): getAcitivyTypeIconId type=2 inout=0 subscription0
01-01 19:51:44.879 I/CTMSimSignalCluster(  605): SetMobileDataIndicators MNoSimIconVisiable 0=true
01-01 19:51:44.889 I/twfx    (  605): data activity sub= 0 refreshViews OVER ALMOST
01-01 19:51:44.889 I/twfx    (  605): data activity sub= 0 refreshViews last activity mLastDataDirectionOverlayIconId=2130838071 true sub=0
01-01 19:51:44.959 D/StateMachine(  518): handleMessage: E msg.what=131155
01-01 19:51:44.959 D/StateMachine(  518): processMsg: ConnectedState
01-01 19:51:44.959 D/WifiStateMachine(  518): ConnectedState{ what=131155 when=-4ms arg1=2 }
01-01 19:51:44.959 D/StateMachine(  518): processMsg: L2ConnectedState
01-01 19:51:44.959 D/WifiStateMachine(  518): L2ConnectedState{ what=131155 when=-4ms arg1=2 }
01-01 19:51:44.959 D/wpa_supplicant(  760): wpa_s 0x40df35a0 cmd SIGNAL_POLL
01-01 19:51:44.959 D/wpa_supplicant(  760): nl80211: survey data missing!
01-01 19:51:44.959 D/StateMachine(  518): handleMessage: X
01-01 19:51:45.099 D/dalvikvm(  652): GC_CONCURRENT freed 383K, 12% free 9311K/10503K, paused 12ms+4ms, total 55ms
01-01 19:51:45.619 E/Trace   ( 3219): error opening trace file: No such file or directory (2)
01-01 19:51:45.639 D/dalvikvm( 3219): WAIT_FOR_CONCURRENT_GC blocked 0ms
01-01 19:51:45.759 D/dalvikvm( 3219): GC_CONCURRENT freed 159K, 4% free 8194K/8519K, paused 12ms+2ms, total 41ms
01-01 19:51:45.759 D/dalvikvm( 3219): WAIT_FOR_CONCURRENT_GC blocked 4ms
01-01 19:51:45.849 D/dalvikvm( 3219): GC_CONCURRENT freed 146K, 4% free 8554K/8903K, paused 2ms+2ms, total 19ms
01-01 19:51:45.889 I/twfx    (  605): data activity sub= 0 refreshViews
01-01 19:51:45.889 I/twfx    (  605): data activity sub= 0 refreshViews mLastDataDirectionOverlayIconIdArray[subscription]=0
01-01 19:51:45.889 I/twfx    (  605): data activity sub= 0 refreshViews TRUE
01-01 19:51:45.889 I/CTMSimSignalCluster(  605): setMobileDataIndicators subscription=0
01-01 19:51:45.889 I/CTMSimSignalCluster(  605): setMobileDataIndicators strengthIcon 0=com.android.systemui:drawable/stat_sys_signal_null
01-01 19:51:45.889 I/CTMSimSignalCluster(  605): setMobileDataIndicators visible=true
01-01 19:51:45.889 I/CTMSimSignalCluster(  605): setMobileDataIndicators simServiceState=1 home null null 00000  Unknown CSS not supported 0 0 mDataState=1 RoamInd=1 DefRoamInd=1 EmergOnly=false
01-01 19:51:45.889 I/CTMSimSignalCluster(  605): setMobileDataIndicators isRoam=false
01-01 19:51:45.889 I/CTMSimSignalCluster(  605): setMobileDataIndicators dataConnect=false
01-01 19:51:45.889 I/CTMSimSignalCluster(  605): voice radio technology is0 isGSM = false isRoam= false
01-01 19:51:45.889 I/CTMSimSignalCluster(  605): voice radio technology is0 isGSM = false isRoam= false
01-01 19:51:45.889 I/CTMSimSignalCluster(  605): setMobileDataIndicators mMobileStrengthId[0]=com.android.systemui:drawable/stat_sys_signal_cdma_null mMobileStrengthId[1]=com.android.systemui:drawable/stat_sys_signal_cdma_null
01-01 19:51:45.889 I/CTMSimSignalCluster(  605): getAcitivyTypeIconId type=2 inout=0 subscription0
01-01 19:51:45.889 I/CTMSimSignalCluster(  605): SetMobileDataIndicators MNoSimIconVisiable 0=true
01-01 19:51:45.889 I/twfx    (  605): data activity sub= 0 refreshViews TRUE
01-01 19:51:45.889 I/CTMSimSignalCluster(  605): setMobileDataIndicators subscription=0
01-01 19:51:45.889 I/CTMSimSignalCluster(  605): setMobileDataIndicators strengthIcon 0=com.android.systemui:drawable/stat_sys_signal_null
01-01 19:51:45.889 I/CTMSimSignalCluster(  605): setMobileDataIndicators visible=true
01-01 19:51:45.889 I/CTMSimSignalCluster(  605): setMobileDataIndicators simServiceState=1 home null null 00000  Unknown CSS not supported 0 0 mDataState=1 RoamInd=1 DefRoamInd=1 EmergOnly=false
01-01 19:51:45.889 I/CTMSimSignalCluster(  605): setMobileDataIndicators isRoam=false
01-01 19:51:45.889 I/CTMSimSignalCluster(  605): setMobileDataIndicators dataConnect=false
01-01 19:51:45.889 I/CTMSimSignalCluster(  605): voice radio technology is0 isGSM = false isRoam= false
01-01 19:51:45.889 I/CTMSimSignalCluster(  605): voice radio technology is0 isGSM = false isRoam= false
01-01 19:51:45.889 I/CTMSimSignalCluster(  605): setMobileDataIndicators mMobileStrengthId[0]=com.android.systemui:drawable/stat_sys_signal_cdma_null mMobileStrengthId[1]=com.android.systemui:drawable/stat_sys_signal_cdma_null
01-01 19:51:45.889 I/CTMSimSignalCluster(  605): getAcitivyTypeIconId type=2 inout=0 subscription0
01-01 19:51:45.889 I/CTMSimSignalCluster(  605): SetMobileDataIndicators MNoSimIconVisiable 0=true
01-01 19:51:45.899 I/twfx    (  605): data activity sub= 0 refreshViews OVER ALMOST
01-01 19:51:45.899 I/twfx    (  605): data activity sub= 0 refreshViews last activity mLastDataDirectionOverlayIconId=0 true sub=0
01-01 19:51:45.959 D/dalvikvm( 3219): GC_CONCURRENT freed 150K, 5% free 8908K/9287K, paused 12ms+2ms, total 34ms
01-01 19:51:46.069 D/dalvikvm( 3219): GC_CONCURRENT freed 142K, 4% free 9272K/9607K, paused 13ms+2ms, total 38ms
01-01 19:51:46.069 D/dalvikvm( 3219): WAIT_FOR_CONCURRENT_GC blocked 10ms
01-01 19:51:46.089 D/dalvikvm(  652): GC_CONCURRENT freed 394K, 12% free 9310K/10503K, paused 3ms+2ms, total 48ms
01-01 19:51:46.189 D/dalvikvm( 3219): GC_CONCURRENT freed 159K, 4% free 9632K/9991K, paused 12ms+3ms, total 54ms
01-01 19:51:46.189 D/dalvikvm( 3219): WAIT_FOR_CONCURRENT_GC blocked 12ms
01-01 19:51:46.199 I/MultiDex( 3219): VM with version 1.6.0 does not have multidex support
01-01 19:51:46.199 I/MultiDex( 3219): install
01-01 19:51:46.209 I/MultiDex( 3219): MultiDexExtractor.load(/data/app/im.yixin-2.apk, false)
01-01 19:51:46.229 I/MultiDex( 3219): loading existing secondary dex files
01-01 19:51:46.229 I/MultiDex( 3219): load found 3 secondary dex files
01-01 19:51:46.249 I/MultiDex( 3219): install done
01-01 19:51:46.259 I/YXExternalStorage( 3219): 1/external path is: /storage/sdcard0, foldersReady: true
01-01 19:51:46.269 D/AppDir  ( 3219): 1/DATA /data/data/im.yixin
01-01 19:51:46.269 D/AppDir  ( 3219): 1/LIB /data/data/im.yixin/lib
01-01 19:51:46.269 D/AppDir  ( 3219): 1/CACHE /data/data/im.yixin/cache
01-01 19:51:46.269 D/AppDir  ( 3219): 1/APP-LIB /data/data/im.yixin/app_lib
01-01 19:51:46.269 D/AppDir  ( 3219): 1/APP-CACHE /data/data/im.yixin/app_cache
01-01 19:51:46.269 D/AppDir  ( 3219): 1/APP-DEX /data/data/im.yixin/app_dex
01-01 19:51:46.269 D/CosineT ( 3219): CosineReceiver.onReceive
01-01 19:51:46.279 I/CosineT ( 3219): Target.onReceive
01-01 19:51:46.289 I/CosineT ( 3219): startService Intent { cmp=im.yixin/com.netease.cosine.core.CosineService (has extras) }
01-01 19:51:46.299 I/CosineT ( 3219): sendBroadcast Intent { cmp=im.yixin/.service.watcher.CosineWatcher }
01-01 19:51:46.299 D/CosineC ( 3219): CosineService.onCreate
01-01 19:51:46.299 D/CosineC ( 3219): CosineService.onStartCommand
01-01 19:51:46.319 I/CoreGuard( 1996): 1/start from 4
01-01 19:51:46.329 D/dalvikvm( 3202): GC_CONCURRENT freed 100K, 81% free 510K/2560K, paused 1ms+1ms, total 11ms
01-01 19:51:46.579 E/ThermalDaemon( 1098): CPU[1] offline
01-01 19:51:46.909 I/twfx    (  605): data activity sub= 0 refreshViews
01-01 19:51:46.919 I/twfx    (  605): data activity sub= 0 refreshViews mLastDataDirectionOverlayIconIdArray[subscription]=2130838071
01-01 19:51:46.919 I/twfx    (  605): data activity sub= 0 refreshViews TRUE
01-01 19:51:46.919 I/CTMSimSignalCluster(  605): setMobileDataIndicators subscription=0
01-01 19:51:46.919 I/CTMSimSignalCluster(  605): setMobileDataIndicators strengthIcon 0=com.android.systemui:drawable/stat_sys_signal_null
01-01 19:51:46.919 I/CTMSimSignalCluster(  605): setMobileDataIndicators visible=true
01-01 19:51:46.919 I/CTMSimSignalCluster(  605): setMobileDataIndicators simServiceState=1 home null null 00000  Unknown CSS not supported 0 0 mDataState=1 RoamInd=1 DefRoamInd=1 EmergOnly=false
01-01 19:51:46.919 I/CTMSimSignalCluster(  605): setMobileDataIndicators isRoam=false
01-01 19:51:46.919 I/CTMSimSignalCluster(  605): setMobileDataIndicators dataConnect=false
01-01 19:51:46.919 I/CTMSimSignalCluster(  605): voice radio technology is0 isGSM = false isRoam= false
01-01 19:51:46.919 I/CTMSimSignalCluster(  605): voice radio technology is0 isGSM = false isRoam= false
01-01 19:51:46.919 I/CTMSimSignalCluster(  605): setMobileDataIndicators mMobileStrengthId[0]=com.android.systemui:drawable/stat_sys_signal_cdma_null mMobileStrengthId[1]=com.android.systemui:drawable/stat_sys_signal_cdma_null
01-01 19:51:46.929 I/CTMSimSignalCluster(  605): getAcitivyTypeIconId type=2 inout=0 subscription0
01-01 19:51:46.929 I/CTMSimSignalCluster(  605): SetMobileDataIndicators MNoSimIconVisiable 0=true
01-01 19:51:46.929 D/CoreGuard( 1996): 1/hasLastUid false manualQuit false
01-01 19:51:46.939 I/twfx    (  605): data activity sub= 0 refreshViews TRUE
01-01 19:51:46.939 I/CTMSimSignalCluster(  605): setMobileDataIndicators subscription=0
01-01 19:51:46.939 I/CTMSimSignalCluster(  605): setMobileDataIndicators strengthIcon 0=com.android.systemui:drawable/stat_sys_signal_null
01-01 19:51:46.939 I/CTMSimSignalCluster(  605): setMobileDataIndicators visible=true
01-01 19:51:46.939 I/CTMSimSignalCluster(  605): setMobileDataIndicators simServiceState=1 home null null 00000  Unknown CSS not supported 0 0 mDataState=1 RoamInd=1 DefRoamInd=1 EmergOnly=false
01-01 19:51:46.939 I/CTMSimSignalCluster(  605): setMobileDataIndicators isRoam=false
01-01 19:51:46.939 I/CTMSimSignalCluster(  605): setMobileDataIndicators dataConnect=false
01-01 19:51:46.939 I/CTMSimSignalCluster(  605): voice radio technology is0 isGSM = false isRoam= false
01-01 19:51:46.939 I/CTMSimSignalCluster(  605): voice radio technology is0 isGSM = false isRoam= false
01-01 19:51:46.939 I/CTMSimSignalCluster(  605): setMobileDataIndicators mMobileStrengthId[0]=com.android.systemui:drawable/stat_sys_signal_cdma_null mMobileStrengthId[1]=com.android.systemui:drawable/stat_sys_signal_cdma_null
01-01 19:51:46.939 I/CTMSimSignalCluster(  605): getAcitivyTypeIconId type=2 inout=0 subscription0
01-01 19:51:46.939 I/CTMSimSignalCluster(  605): SetMobileDataIndicators MNoSimIconVisiable 0=true
01-01 19:51:46.939 D/CoreGuard( 1996): 1/hasLastUid false manualQuit false
01-01 19:51:46.949 I/twfx    (  605): data activity sub= 0 refreshViews OVER ALMOST
01-01 19:51:46.949 I/twfx    (  605): data activity sub= 0 refreshViews last activity mLastDataDirectionOverlayIconId=2130838071 true sub=0
01-01 19:51:47.379 D/dalvikvm(  652): GC_CONCURRENT freed 384K, 12% free 9311K/10503K, paused 13ms+12ms, total 47ms
01-01 19:51:47.509 D/PowerManager(  518): AlarmManager [acquire]
01-01 19:51:47.529 D/PowerManager(  518): AlarmManager [release]
01-01 19:51:47.589 I/baidu_location_service( 2872): cell sim2 cell is valid
01-01 19:51:47.619 D/dalvikvm(  686): GC_CONCURRENT freed 374K, 8% free 8541K/9223K, paused 12ms+2ms, total 53ms
01-01 19:51:47.949 D/dalvikvm(  652): GC_CONCURRENT freed 383K, 12% free 9312K/10503K, paused 25ms+2ms, total 61ms
01-01 19:51:47.959 D/StateMachine(  518): handleMessage: E msg.what=131155
01-01 19:51:47.959 D/StateMachine(  518): processMsg: ConnectedState
01-01 19:51:47.959 D/WifiStateMachine(  518): ConnectedState{ what=131155 when=-4ms arg1=2 }
01-01 19:51:47.959 D/StateMachine(  518): processMsg: L2ConnectedState
01-01 19:51:47.959 D/WifiStateMachine(  518): L2ConnectedState{ what=131155 when=-4ms arg1=2 }
01-01 19:51:47.959 D/wpa_supplicant(  760): wpa_s 0x40df35a0 cmd SIGNAL_POLL
01-01 19:51:47.969 D/wpa_supplicant(  760): nl80211: survey data missing!
01-01 19:51:47.969 D/StateMachine(  518): handleMessage: X
01-01 19:51:48.379 D/dalvikvm(  652): GC_CONCURRENT freed 385K, 12% free 9310K/10503K, paused 12ms+2ms, total 35ms
01-01 19:51:48.769 D/dalvikvm(  652): GC_CONCURRENT freed 398K, 12% free 9311K/10503K, paused 12ms+2ms, total 45ms
01-01 19:51:48.919 I/twfx    (  605): data activity sub= 0 refreshViews
01-01 19:51:48.919 I/twfx    (  605): data activity sub= 0 refreshViews mLastDataDirectionOverlayIconIdArray[subscription]=0
01-01 19:51:48.919 I/twfx    (  605): data activity sub= 0 refreshViews TRUE
01-01 19:51:48.919 I/CTMSimSignalCluster(  605): setMobileDataIndicators subscription=0
01-01 19:51:48.919 I/CTMSimSignalCluster(  605): setMobileDataIndicators strengthIcon 0=com.android.systemui:drawable/stat_sys_signal_null
01-01 19:51:48.919 I/CTMSimSignalCluster(  605): setMobileDataIndicators visible=true
01-01 19:51:48.919 I/CTMSimSignalCluster(  605): setMobileDataIndicators simServiceState=1 home null null 00000  Unknown CSS not supported 0 0 mDataState=1 RoamInd=1 DefRoamInd=1 EmergOnly=false
01-01 19:51:48.919 I/CTMSimSignalCluster(  605): setMobileDataIndicators isRoam=false
01-01 19:51:48.919 I/CTMSimSignalCluster(  605): setMobileDataIndicators dataConnect=false
01-01 19:51:48.919 I/CTMSimSignalCluster(  605): voice radio technology is0 isGSM = false isRoam= false
01-01 19:51:48.919 I/CTMSimSignalCluster(  605): voice radio technology is0 isGSM = false isRoam= false
01-01 19:51:48.919 I/CTMSimSignalCluster(  605): setMobileDataIndicators mMobileStrengthId[0]=com.android.systemui:drawable/stat_sys_signal_cdma_null mMobileStrengthId[1]=com.android.systemui:drawable/stat_sys_signal_cdma_null
01-01 19:51:48.919 I/CTMSimSignalCluster(  605): getAcitivyTypeIconId type=2 inout=0 subscription0
01-01 19:51:48.919 I/CTMSimSignalCluster(  605): SetMobileDataIndicators MNoSimIconVisiable 0=true
01-01 19:51:48.919 I/twfx    (  605): data activity sub= 0 refreshViews TRUE
01-01 19:51:48.919 I/CTMSimSignalCluster(  605): setMobileDataIndicators subscription=0
01-01 19:51:48.919 I/CTMSimSignalCluster(  605): setMobileDataIndicators strengthIcon 0=com.android.systemui:drawable/stat_sys_signal_null
01-01 19:51:48.919 I/CTMSimSignalCluster(  605): setMobileDataIndicators visible=true
01-01 19:51:48.919 I/CTMSimSignalCluster(  605): setMobileDataIndicators simServiceState=1 home null null 00000  Unknown CSS not supported 0 0 mDataState=1 RoamInd=1 DefRoamInd=1 EmergOnly=false
01-01 19:51:48.919 I/CTMSimSignalCluster(  605): setMobileDataIndicators isRoam=false
01-01 19:51:48.919 I/CTMSimSignalCluster(  605): setMobileDataIndicators dataConnect=false
01-01 19:51:48.919 I/CTMSimSignalCluster(  605): voice radio technology is0 isGSM = false isRoam= false
01-01 19:51:48.919 I/CTMSimSignalCluster(  605): voice radio technology is0 isGSM = false isRoam= false
01-01 19:51:48.919 I/CTMSimSignalCluster(  605): setMobileDataIndicators mMobileStrengthId[0]=com.android.systemui:drawable/stat_sys_signal_cdma_null mMobileStrengthId[1]=com.android.systemui:drawable/stat_sys_signal_cdma_null
01-01 19:51:48.919 I/CTMSimSignalCluster(  605): getAcitivyTypeIconId type=2 inout=0 subscription0
01-01 19:51:48.919 I/CTMSimSignalCluster(  605): SetMobileDataIndicators MNoSimIconVisiable 0=true
01-01 19:51:48.929 I/twfx    (  605): data activity sub= 0 refreshViews OVER ALMOST
01-01 19:51:48.929 I/twfx    (  605): data activity sub= 0 refreshViews last activity mLastDataDirectionOverlayIconId=0 true sub=0
01-01 19:51:49.279 D/dalvikvm(  652): GC_CONCURRENT freed 397K, 12% free 9312K/10503K, paused 17ms+2ms, total 51ms
01-01 19:51:49.709 D/dalvikvm(  652): GC_CONCURRENT freed 390K, 12% free 9311K/10503K, paused 12ms+6ms, total 45ms
01-01 19:51:49.919 I/twfx    (  605): data activity sub= 0 refreshViews
01-01 19:51:49.919 I/twfx    (  605): data activity sub= 0 refreshViews mLastDataDirectionOverlayIconIdArray[subscription]=2130838071
01-01 19:51:49.919 I/twfx    (  605): data activity sub= 0 refreshViews TRUE
01-01 19:51:49.919 I/CTMSimSignalCluster(  605): setMobileDataIndicators subscription=0
01-01 19:51:49.919 I/CTMSimSignalCluster(  605): setMobileDataIndicators strengthIcon 0=com.android.systemui:drawable/stat_sys_signal_null
01-01 19:51:49.919 I/CTMSimSignalCluster(  605): setMobileDataIndicators visible=true
01-01 19:51:49.919 I/CTMSimSignalCluster(  605): setMobileDataIndicators simServiceState=1 home null null 00000  Unknown CSS not supported 0 0 mDataState=1 RoamInd=1 DefRoamInd=1 EmergOnly=false
01-01 19:51:49.919 I/CTMSimSignalCluster(  605): setMobileDataIndicators isRoam=false
01-01 19:51:49.919 I/CTMSimSignalCluster(  605): setMobileDataIndicators dataConnect=false
01-01 19:51:49.919 I/CTMSimSignalCluster(  605): voice radio technology is0 isGSM = false isRoam= false
01-01 19:51:49.919 I/CTMSimSignalCluster(  605): voice radio technology is0 isGSM = false isRoam= false
01-01 19:51:49.919 I/CTMSimSignalCluster(  605): setMobileDataIndicators mMobileStrengthId[0]=com.android.systemui:drawable/stat_sys_signal_cdma_null mMobileStrengthId[1]=com.android.systemui:drawable/stat_sys_signal_cdma_null
01-01 19:51:49.919 I/CTMSimSignalCluster(  605): getAcitivyTypeIconId type=2 inout=0 subscription0
01-01 19:51:49.919 I/CTMSimSignalCluster(  605): SetMobileDataIndicators MNoSimIconVisiable 0=true
01-01 19:51:49.919 I/twfx    (  605): data activity sub= 0 refreshViews TRUE
01-01 19:51:49.919 I/CTMSimSignalCluster(  605): setMobileDataIndicators subscription=0
01-01 19:51:49.919 I/CTMSimSignalCluster(  605): setMobileDataIndicators strengthIcon 0=com.android.systemui:drawable/stat_sys_signal_null
01-01 19:51:49.919 I/CTMSimSignalCluster(  605): setMobileDataIndicators visible=true
01-01 19:51:49.919 I/CTMSimSignalCluster(  605): setMobileDataIndicators simServiceState=1 home null null 00000  Unknown CSS not supported 0 0 mDataState=1 RoamInd=1 DefRoamInd=1 EmergOnly=false
01-01 19:51:49.919 I/CTMSimSignalCluster(  605): setMobileDataIndicators isRoam=false
01-01 19:51:49.919 I/CTMSimSignalCluster(  605): setMobileDataIndicators dataConnect=false
01-01 19:51:49.929 I/CTMSimSignalCluster(  605): voice radio technology is0 isGSM = false isRoam= false
01-01 19:51:49.929 I/CTMSimSignalCluster(  605): voice radio technology is0 isGSM = false isRoam= false
01-01 19:51:49.929 I/CTMSimSignalCluster(  605): setMobileDataIndicators mMobileStrengthId[0]=com.android.systemui:drawable/stat_sys_signal_cdma_null mMobileStrengthId[1]=com.android.systemui:drawable/stat_sys_signal_cdma_null
01-01 19:51:49.929 I/CTMSimSignalCluster(  605): getAcitivyTypeIconId type=2 inout=0 subscription0
01-01 19:51:49.929 I/CTMSimSignalCluster(  605): SetMobileDataIndicators MNoSimIconVisiable 0=true
01-01 19:51:49.929 I/twfx    (  605): data activity sub= 0 refreshViews OVER ALMOST
01-01 19:51:49.929 I/twfx    (  605): data activity sub= 0 refreshViews last activity mLastDataDirectionOverlayIconId=2130838071 true sub=0
01-01 19:51:50.169 D/dalvikvm(  652): GC_CONCURRENT freed 395K, 12% free 9312K/10503K, paused 12ms+3ms, total 53ms
01-01 19:51:50.509 D/dalvikvm(  652): GC_CONCURRENT freed 385K, 12% free 9311K/10503K, paused 12ms+3ms, total 36ms
01-01 19:51:50.859 D/dalvikvm(  652): GC_CONCURRENT freed 397K, 12% free 9311K/10503K, paused 12ms+3ms, total 47ms
01-01 19:51:50.969 D/StateMachine(  518): handleMessage: E msg.what=131155
01-01 19:51:50.969 D/StateMachine(  518): processMsg: ConnectedState
01-01 19:51:50.969 D/WifiStateMachine(  518): ConnectedState{ what=131155 when=-3ms arg1=2 }
01-01 19:51:50.969 D/StateMachine(  518): processMsg: L2ConnectedState
01-01 19:51:50.969 D/WifiStateMachine(  518): L2ConnectedState{ what=131155 when=-3ms arg1=2 }
01-01 19:51:50.969 D/wpa_supplicant(  760): wpa_s 0x40df35a0 cmd SIGNAL_POLL
01-01 19:51:50.979 D/wpa_supplicant(  760): nl80211: survey data missing!
01-01 19:51:50.979 D/StateMachine(  518): handleMessage: X
01-01 19:51:51.389 D/CosineC ( 3219): Core.getArch armeabi
01-01 19:51:51.389 D/CosineC ( 3219): Core.deployDaemon: asset cosine/armeabi/cosined path /data/data/im.yixin/cosined-659706786607 nicename cosined-659706786607
01-01 19:51:51.399 D/CosineC ( 3219): Core.deployDaemon: done
01-01 19:51:51.409 D/CosineC ( 3219): Core.start
01-01 19:51:51.409 D/Cosine  ( 3219): fork 3242
01-01 19:51:51.419 D/Cosine  ( 3243): start_daemon exec
01-01 19:51:51.429 D/Cosine  ( 3242): fork2 3243
01-01 19:51:51.579 D/CosineD ( 3243): argv
01-01 19:51:51.579 D/CosineD ( 3243): cosined-659706786607
01-01 19:51:51.579 D/CosineD ( 3243): /data/data/im.yixin/cosined-659706786607
01-01 19:51:51.579 D/CosineD ( 3243): ID=im.yixin
01-01 19:51:51.579 D/CosineD ( 3243): STANDALONE=0
01-01 19:51:51.579 D/CosineD ( 3243): WAIT=60
01-01 19:51:51.579 D/CosineD ( 3243): PACKAGE=INTERVAL@300-TARGETS@1-PKG@im.yixin
01-01 19:51:51.579 D/CosineD ( 3243): params
01-01 19:51:51.579 D/CosineD ( 3243): ID=im.yixin
01-01 19:51:51.579 D/CosineD ( 3243): STANDALONE=0
01-01 19:51:51.579 D/CosineD ( 3243): WAIT=60
01-01 19:51:51.579 D/CosineD ( 3243): PACKAGE=INTERVAL@300-TARGETS@1-PKG@im.yixin
01-01 19:51:51.579 D/CosineD ( 3243): id im.yixin
01-01 19:51:51.579 D/CosineD ( 3243): standalone 0
01-01 19:51:51.579 D/CosineD ( 3243): wait 60
01-01 19:51:51.579 D/CosineD ( 3243): packages
01-01 19:51:51.579 D/CosineD ( 3243): PACKAGE=INTERVAL@300-TARGETS@1-PKG@im.yixin
01-01 19:51:51.579 D/CosineD ( 3243): takeover_standalone domain COSINE@im.yixin
01-01 19:51:51.579 I/CosineD ( 3243): takeover_domain_try fd 12
01-01 19:51:51.579 D/CosineD ( 3243): send
01-01 19:51:51.579 D/CosineD ( 3243): COMMAND=TAKEOVER
01-01 19:51:51.579 D/CosineD ( 3243): VERSION=1
01-01 19:51:51.579 I/CosineD ( 1470): accept fd 15
01-01 19:51:51.579 D/CosineD ( 1470): receive
01-01 19:51:51.579 D/CosineD ( 1470): COMMAND=TAKEOVER
01-01 19:51:51.579 D/CosineD ( 1470): VERSION=1
01-01 19:51:51.579 D/CosineD ( 1470): send
01-01 19:51:51.579 D/CosineD ( 1470): COMMAND=EXIT
01-01 19:51:51.579 D/CosineD ( 1470): VERSION=1
01-01 19:51:51.579 I/CosineD ( 1470): takeover 1
01-01 19:51:51.579 D/CosineD ( 3243): receive
01-01 19:51:51.579 D/CosineD ( 3243): COMMAND=EXIT
01-01 19:51:51.579 D/CosineD ( 3243): VERSION=1
01-01 19:51:51.579 I/CosineD ( 3243): takeover_domain_try ret 0
01-01 19:51:51.579 I/CosineD ( 3243): exit
01-01 19:51:51.919 I/twfx    (  605): data activity sub= 0 refreshViews
01-01 19:51:51.919 I/twfx    (  605): data activity sub= 0 refreshViews mLastDataDirectionOverlayIconIdArray[subscription]=0
01-01 19:51:51.919 I/twfx    (  605): data activity sub= 0 refreshViews TRUE
01-01 19:51:51.919 I/CTMSimSignalCluster(  605): setMobileDataIndicators subscription=0
01-01 19:51:51.919 I/CTMSimSignalCluster(  605): setMobileDataIndicators strengthIcon 0=com.android.systemui:drawable/stat_sys_signal_null
01-01 19:51:51.919 I/CTMSimSignalCluster(  605): setMobileDataIndicators visible=true
01-01 19:51:51.919 I/CTMSimSignalCluster(  605): setMobileDataIndicators simServiceState=1 home null null 00000  Unknown CSS not supported 0 0 mDataState=1 RoamInd=1 DefRoamInd=1 EmergOnly=false
01-01 19:51:51.919 I/CTMSimSignalCluster(  605): setMobileDataIndicators isRoam=false
01-01 19:51:51.929 I/CTMSimSignalCluster(  605): setMobileDataIndicators dataConnect=false
01-01 19:51:51.929 I/CTMSimSignalCluster(  605): voice radio technology is0 isGSM = false isRoam= false
01-01 19:51:51.929 I/CTMSimSignalCluster(  605): voice radio technology is0 isGSM = false isRoam= false
01-01 19:51:51.929 I/CTMSimSignalCluster(  605): setMobileDataIndicators mMobileStrengthId[0]=com.android.systemui:drawable/stat_sys_signal_cdma_null mMobileStrengthId[1]=com.android.systemui:drawable/stat_sys_signal_cdma_null
01-01 19:51:51.929 I/CTMSimSignalCluster(  605): getAcitivyTypeIconId type=2 inout=0 subscription0
01-01 19:51:51.929 I/CTMSimSignalCluster(  605): SetMobileDataIndicators MNoSimIconVisiable 0=true
01-01 19:51:51.929 I/twfx    (  605): data activity sub= 0 refreshViews TRUE
01-01 19:51:51.929 I/CTMSimSignalCluster(  605): setMobileDataIndicators subscription=0
01-01 19:51:51.929 I/CTMSimSignalCluster(  605): setMobileDataIndicators strengthIcon 0=com.android.systemui:drawable/stat_sys_signal_null
01-01 19:51:51.929 I/CTMSimSignalCluster(  605): setMobileDataIndicators visible=true
01-01 19:51:51.929 I/CTMSimSignalCluster(  605): setMobileDataIndicators simServiceState=1 home null null 00000  Unknown CSS not supported 0 0 mDataState=1 RoamInd=1 DefRoamInd=1 EmergOnly=false
01-01 19:51:51.929 I/CTMSimSignalCluster(  605): setMobileDataIndicators isRoam=false
01-01 19:51:51.929 I/CTMSimSignalCluster(  605): setMobileDataIndicators dataConnect=false
01-01 19:51:51.929 I/CTMSimSignalCluster(  605): voice radio technology is0 isGSM = false isRoam= false
01-01 19:51:51.929 I/CTMSimSignalCluster(  605): voice radio technology is0 isGSM = false isRoam= false
01-01 19:51:51.929 I/CTMSimSignalCluster(  605): setMobileDataIndicators mMobileStrengthId[0]=com.android.systemui:drawable/stat_sys_signal_cdma_null mMobileStrengthId[1]=com.android.systemui:drawable/stat_sys_signal_cdma_null
01-01 19:51:51.929 I/CTMSimSignalCluster(  605): getAcitivyTypeIconId type=2 inout=0 subscription0
01-01 19:51:51.929 I/CTMSimSignalCluster(  605): SetMobileDataIndicators MNoSimIconVisiable 0=true
01-01 19:51:51.929 I/twfx    (  605): data activity sub= 0 refreshViews OVER ALMOST
01-01 19:51:51.929 I/twfx    (  605): data activity sub= 0 refreshViews last activity mLastDataDirectionOverlayIconId=0 true sub=0
01-01 19:51:51.939 D/wpa_supplicant(  760): RTM_NEWLINK: operstate=1 ifi_flags=0x11043 ([UP][RUNNING][LOWER_UP])
01-01 19:51:51.939 D/wpa_supplicant(  760): RTM_NEWLINK, IFLA_IFNAME: Interface 'wlan0' added
01-01 19:51:51.939 D/wpa_supplicant(  760): nl80211: if_removed already cleared - ignore event
01-01 19:51:52.709 D/PowerManager(  686): RILJ [acquire]
01-01 19:51:52.709 D/PowerManager(  686): RILJ [release]
01-01 19:51:52.849 D/dalvikvm(  652): GC_CONCURRENT freed 392K, 12% free 9312K/10503K, paused 12ms+2ms, total 43ms
01-01 19:51:52.929 I/twfx    (  605): data activity sub= 0 refreshViews
01-01 19:51:52.929 I/twfx    (  605): data activity sub= 0 refreshViews mLastDataDirectionOverlayIconIdArray[subscription]=2130838071
01-01 19:51:52.929 I/twfx    (  605): data activity sub= 0 refreshViews TRUE
01-01 19:51:52.929 I/CTMSimSignalCluster(  605): setMobileDataIndicators subscription=0
01-01 19:51:52.929 I/CTMSimSignalCluster(  605): setMobileDataIndicators strengthIcon 0=com.android.systemui:drawable/stat_sys_signal_null
01-01 19:51:52.929 I/CTMSimSignalCluster(  605): setMobileDataIndicators visible=true
01-01 19:51:52.929 I/CTMSimSignalCluster(  605): setMobileDataIndicators simServiceState=1 home null null 00000  Unknown CSS not supported 0 0 mDataState=1 RoamInd=1 DefRoamInd=1 EmergOnly=false
01-01 19:51:52.929 I/CTMSimSignalCluster(  605): setMobileDataIndicators isRoam=false
01-01 19:51:52.929 I/CTMSimSignalCluster(  605): setMobileDataIndicators dataConnect=false
01-01 19:51:52.929 I/CTMSimSignalCluster(  605): voice radio technology is0 isGSM = false isRoam= false
01-01 19:51:52.929 I/CTMSimSignalCluster(  605): voice radio technology is0 isGSM = false isRoam= false
01-01 19:51:52.929 I/CTMSimSignalCluster(  605): setMobileDataIndicators mMobileStrengthId[0]=com.android.systemui:drawable/stat_sys_signal_cdma_null mMobileStrengthId[1]=com.android.systemui:drawable/stat_sys_signal_cdma_null
01-01 19:51:52.929 I/CTMSimSignalCluster(  605): getAcitivyTypeIconId type=2 inout=0 subscription0
01-01 19:51:52.929 I/CTMSimSignalCluster(  605): SetMobileDataIndicators MNoSimIconVisiable 0=true
01-01 19:51:52.929 I/twfx    (  605): data activity sub= 0 refreshViews TRUE
01-01 19:51:52.929 I/CTMSimSignalCluster(  605): setMobileDataIndicators subscription=0
01-01 19:51:52.929 I/CTMSimSignalCluster(  605): setMobileDataIndicators strengthIcon 0=com.android.systemui:drawable/stat_sys_signal_null
01-01 19:51:52.929 I/CTMSimSignalCluster(  605): setMobileDataIndicators visible=true
01-01 19:51:52.929 I/CTMSimSignalCluster(  605): setMobileDataIndicators simServiceState=1 home null null 00000  Unknown CSS not supported 0 0 mDataState=1 RoamInd=1 DefRoamInd=1 EmergOnly=false
01-01 19:51:52.929 I/CTMSimSignalCluster(  605): setMobileDataIndicators isRoam=false
01-01 19:51:52.929 I/CTMSimSignalCluster(  605): setMobileDataIndicators dataConnect=false
01-01 19:51:52.929 I/CTMSimSignalCluster(  605): voice radio technology is0 isGSM = false isRoam= false
01-01 19:51:52.929 I/CTMSimSignalCluster(  605): voice radio technology is0 isGSM = false isRoam= false
01-01 19:51:52.929 I/CTMSimSignalCluster(  605): setMobileDataIndicators mMobileStrengthId[0]=com.android.systemui:drawable/stat_sys_signal_cdma_null mMobileStrengthId[1]=com.android.systemui:drawable/stat_sys_signal_cdma_null
01-01 19:51:52.939 I/CTMSimSignalCluster(  605): getAcitivyTypeIconId type=2 inout=0 subscription0
01-01 19:51:52.939 I/CTMSimSignalCluster(  605): SetMobileDataIndicators MNoSimIconVisiable 0=true
01-01 19:51:52.939 I/twfx    (  605): data activity sub= 0 refreshViews OVER ALMOST
01-01 19:51:52.939 I/twfx    (  605): data activity sub= 0 refreshViews last activity mLastDataDirectionOverlayIconId=2130838071 true sub=0
01-01 19:51:52.969 D/MediaScanner(  652):  processDirectory   = /storage/sdcard0
01-01 19:51:52.979 D/dalvikvm(  518): WAIT_FOR_CONCURRENT_GC blocked 0ms
01-01 19:51:53.099 D/dalvikvm(  518): GC_EXPLICIT freed 731K, 49% free 13035K/25351K, paused 4ms+7ms, total 115ms
01-01 19:51:53.169 D/dalvikvm(  652): WAIT_FOR_CONCURRENT_GC blocked 0ms
01-01 19:51:53.209 D/dalvikvm(  652): GC_EXPLICIT freed 51K, 12% free 9331K/10503K, paused 3ms+3ms, total 39ms
01-01 19:51:53.499 D/dalvikvm(  518): WAIT_FOR_CONCURRENT_GC blocked 0ms
01-01 19:51:53.579 D/dalvikvm(  518): GC_EXPLICIT freed 127K, 49% free 13021K/25351K, paused 3ms+7ms, total 88ms
01-01 19:51:53.739 W/MediaScanner(  652): Error opening directory '/storage/sdcard0/.android_secure/', skipping: Permission denied.
01-01 19:51:53.909 D/dalvikvm(  652): GC_CONCURRENT freed 211K, 10% free 9504K/10503K, paused 12ms+4ms, total 43ms
01-01 19:51:53.979 D/StateMachine(  518): handleMessage: E msg.what=131155
01-01 19:51:53.979 D/StateMachine(  518): processMsg: ConnectedState
01-01 19:51:53.979 D/WifiStateMachine(  518): ConnectedState{ what=131155 when=-3ms arg1=2 }
01-01 19:51:53.979 D/StateMachine(  518): processMsg: L2ConnectedState
01-01 19:51:53.979 D/WifiStateMachine(  518): L2ConnectedState{ what=131155 when=-3ms arg1=2 }
01-01 19:51:53.979 D/wpa_supplicant(  760): wpa_s 0x40df35a0 cmd SIGNAL_POLL
01-01 19:51:53.979 D/wpa_supplicant(  760): nl80211: survey data missing!
01-01 19:51:53.979 D/StateMachine(  518): handleMessage: X
01-01 19:51:53.999 D/dalvikvm(  518): WAIT_FOR_CONCURRENT_GC blocked 0ms
01-01 19:51:54.099 D/dalvikvm(  518): GC_EXPLICIT freed 114K, 49% free 13021K/25351K, paused 3ms+8ms, total 99ms
01-01 19:51:54.279 D/dalvikvm(  652): WAIT_FOR_CONCURRENT_GC blocked 0ms
01-01 19:51:54.319 D/dalvikvm(  652): GC_EXPLICIT freed 253K, 11% free 9363K/10503K, paused 2ms+4ms, total 41ms
01-01 19:51:54.619 D/dalvikvm(  518): WAIT_FOR_CONCURRENT_GC blocked 0ms
01-01 19:51:54.709 D/dalvikvm(  518): GC_EXPLICIT freed 112K, 49% free 13020K/25351K, paused 6ms+8ms, total 90ms
01-01 19:51:54.929 I/twfx    (  605): data activity sub= 0 refreshViews
01-01 19:51:54.929 I/twfx    (  605): data activity sub= 0 refreshViews mLastDataDirectionOverlayIconIdArray[subscription]=2130838070
01-01 19:51:54.929 I/twfx    (  605): data activity sub= 0 refreshViews TRUE
01-01 19:51:54.929 I/CTMSimSignalCluster(  605): setMobileDataIndicators subscription=0
01-01 19:51:54.929 I/CTMSimSignalCluster(  605): setMobileDataIndicators strengthIcon 0=com.android.systemui:drawable/stat_sys_signal_null
01-01 19:51:54.929 I/CTMSimSignalCluster(  605): setMobileDataIndicators visible=true
01-01 19:51:54.929 I/CTMSimSignalCluster(  605): setMobileDataIndicators simServiceState=1 home null null 00000  Unknown CSS not supported 0 0 mDataState=1 RoamInd=1 DefRoamInd=1 EmergOnly=false
01-01 19:51:54.929 I/CTMSimSignalCluster(  605): setMobileDataIndicators isRoam=false
01-01 19:51:54.929 I/CTMSimSignalCluster(  605): setMobileDataIndicators dataConnect=false
01-01 19:51:54.929 I/CTMSimSignalCluster(  605): voice radio technology is0 isGSM = false isRoam= false
01-01 19:51:54.929 I/CTMSimSignalCluster(  605): voice radio technology is0 isGSM = false isRoam= false
01-01 19:51:54.929 I/CTMSimSignalCluster(  605): setMobileDataIndicators mMobileStrengthId[0]=com.android.systemui:drawable/stat_sys_signal_cdma_null mMobileStrengthId[1]=com.android.systemui:drawable/stat_sys_signal_cdma_null
01-01 19:51:54.929 I/CTMSimSignalCluster(  605): getAcitivyTypeIconId type=2 inout=0 subscription0
01-01 19:51:54.929 I/CTMSimSignalCluster(  605): SetMobileDataIndicators MNoSimIconVisiable 0=true
01-01 19:51:54.929 I/twfx    (  605): data activity sub= 0 refreshViews TRUE
01-01 19:51:54.929 I/CTMSimSignalCluster(  605): setMobileDataIndicators subscription=0
01-01 19:51:54.929 I/CTMSimSignalCluster(  605): setMobileDataIndicators strengthIcon 0=com.android.systemui:drawable/stat_sys_signal_null
01-01 19:51:54.929 I/CTMSimSignalCluster(  605): setMobileDataIndicators visible=true
01-01 19:51:54.929 I/CTMSimSignalCluster(  605): setMobileDataIndicators simServiceState=1 home null null 00000  Unknown CSS not supported 0 0 mDataState=1 RoamInd=1 DefRoamInd=1 EmergOnly=false
01-01 19:51:54.929 I/CTMSimSignalCluster(  605): setMobileDataIndicators isRoam=false
01-01 19:51:54.929 I/CTMSimSignalCluster(  605): setMobileDataIndicators dataConnect=false
01-01 19:51:54.929 I/CTMSimSignalCluster(  605): voice radio technology is0 isGSM = false isRoam= false
01-01 19:51:54.929 I/CTMSimSignalCluster(  605): voice radio technology is0 isGSM = false isRoam= false
01-01 19:51:54.929 I/CTMSimSignalCluster(  605): setMobileDataIndicators mMobileStrengthId[0]=com.android.systemui:drawable/stat_sys_signal_cdma_null mMobileStrengthId[1]=com.android.systemui:drawable/stat_sys_signal_cdma_null
01-01 19:51:54.929 I/CTMSimSignalCluster(  605): getAcitivyTypeIconId type=2 inout=0 subscription0
01-01 19:51:54.929 I/CTMSimSignalCluster(  605): SetMobileDataIndicators MNoSimIconVisiable 0=true
01-01 19:51:54.939 I/twfx    (  605): data activity sub= 0 refreshViews OVER ALMOST
01-01 19:51:54.939 I/twfx    (  605): data activity sub= 0 refreshViews last activity mLastDataDirectionOverlayIconId=2130838070 true sub=0
01-01 19:51:55.069 V/battery (  518): ACTION_BATTERY_CHANGED isbattery overheat =false
01-01 19:51:55.069 V/battery (  518): handleBatteryUpdate batteryUpdateInteresting=false
01-01 19:51:55.089 D/dalvikvm(  652): GC_CONCURRENT freed 230K, 10% free 9517K/10503K, paused 13ms+9ms, total 70ms
01-01 19:51:55.139 D/dalvikvm(  518): WAIT_FOR_CONCURRENT_GC blocked 0ms
01-01 19:51:55.229 D/dalvikvm(  518): GC_EXPLICIT freed 126K, 49% free 13024K/25351K, paused 4ms+8ms, total 91ms
01-01 19:51:55.279 D/dalvikvm(  652): WAIT_FOR_CONCURRENT_GC blocked 0ms
01-01 19:51:55.319 D/dalvikvm(  652): GC_EXPLICIT freed 239K, 11% free 9356K/10503K, paused 3ms+3ms, total 41ms
01-01 19:51:55.609 D/dalvikvm(  518): WAIT_FOR_CONCURRENT_GC blocked 0ms
01-01 19:51:55.699 D/dalvikvm(  518): GC_EXPLICIT freed 114K, 49% free 13022K/25351K, paused 4ms+8ms, total 91ms
01-01 19:51:55.929 I/twfx    (  605): data activity sub= 0 refreshViews
01-01 19:51:55.929 I/twfx    (  605): data activity sub= 0 refreshViews mLastDataDirectionOverlayIconIdArray[subscription]=2130838071
01-01 19:51:55.929 I/twfx    (  605): data activity sub= 0 refreshViews TRUE
01-01 19:51:55.929 I/CTMSimSignalCluster(  605): setMobileDataIndicators subscription=0
01-01 19:51:55.929 I/CTMSimSignalCluster(  605): setMobileDataIndicators strengthIcon 0=com.android.systemui:drawable/stat_sys_signal_null
01-01 19:51:55.929 I/CTMSimSignalCluster(  605): setMobileDataIndicators visible=true
01-01 19:51:55.929 I/CTMSimSignalCluster(  605): setMobileDataIndicators simServiceState=1 home null null 00000  Unknown CSS not supported 0 0 mDataState=1 RoamInd=1 DefRoamInd=1 EmergOnly=false
01-01 19:51:55.929 I/CTMSimSignalCluster(  605): setMobileDataIndicators isRoam=false
01-01 19:51:55.929 I/CTMSimSignalCluster(  605): setMobileDataIndicators dataConnect=false
01-01 19:51:55.929 I/CTMSimSignalCluster(  605): voice radio technology is0 isGSM = false isRoam= false
01-01 19:51:55.929 I/CTMSimSignalCluster(  605): voice radio technology is0 isGSM = false isRoam= false
01-01 19:51:55.929 I/CTMSimSignalCluster(  605): setMobileDataIndicators mMobileStrengthId[0]=com.android.systemui:drawable/stat_sys_signal_cdma_null mMobileStrengthId[1]=com.android.systemui:drawable/stat_sys_signal_cdma_null
01-01 19:51:55.939 I/CTMSimSignalCluster(  605): getAcitivyTypeIconId type=2 inout=0 subscription0
01-01 19:51:55.939 I/CTMSimSignalCluster(  605): SetMobileDataIndicators MNoSimIconVisiable 0=true
01-01 19:51:55.939 I/twfx    (  605): data activity sub= 0 refreshViews TRUE
01-01 19:51:55.939 I/CTMSimSignalCluster(  605): setMobileDataIndicators subscription=0
01-01 19:51:55.939 I/CTMSimSignalCluster(  605): setMobileDataIndicators strengthIcon 0=com.android.systemui:drawable/stat_sys_signal_null
01-01 19:51:55.939 I/CTMSimSignalCluster(  605): setMobileDataIndicators visible=true
01-01 19:51:55.939 I/CTMSimSignalCluster(  605): setMobileDataIndicators simServiceState=1 home null null 00000  Unknown CSS not supported 0 0 mDataState=1 RoamInd=1 DefRoamInd=1 EmergOnly=false
01-01 19:51:55.939 I/CTMSimSignalCluster(  605): setMobileDataIndicators isRoam=false
01-01 19:51:55.939 I/CTMSimSignalCluster(  605): setMobileDataIndicators dataConnect=false
01-01 19:51:55.939 I/CTMSimSignalCluster(  605): voice radio technology is0 isGSM = false isRoam= false
01-01 19:51:55.939 I/CTMSimSignalCluster(  605): voice radio technology is0 isGSM = false isRoam= false
01-01 19:51:55.939 I/CTMSimSignalCluster(  605): setMobileDataIndicators mMobileStrengthId[0]=com.android.systemui:drawable/stat_sys_signal_cdma_null mMobileStrengthId[1]=com.android.systemui:drawable/stat_sys_signal_cdma_null
01-01 19:51:55.949 I/CTMSimSignalCluster(  605): getAcitivyTypeIconId type=2 inout=0 subscription0
01-01 19:51:55.949 I/CTMSimSignalCluster(  605): SetMobileDataIndicators MNoSimIconVisiable 0=true
01-01 19:51:55.949 I/twfx    (  605): data activity sub= 0 refreshViews OVER ALMOST
01-01 19:51:55.949 I/twfx    (  605): data activity sub= 0 refreshViews last activity mLastDataDirectionOverlayIconId=2130838071 true sub=0
01-01 19:51:55.969 D/dalvikvm(  605): GC_CONCURRENT freed 739K, 30% free 10362K/14663K, paused 1ms+5ms, total 39ms
01-01 19:51:56.069 D/dalvikvm(  652): GC_CONCURRENT freed 224K, 10% free 9517K/10503K, paused 11ms+4ms, total 50ms
01-01 19:51:56.129 D/dalvikvm(  518): WAIT_FOR_CONCURRENT_GC blocked 0ms
01-01 19:51:56.219 D/dalvikvm(  518): GC_EXPLICIT freed 110K, 49% free 13023K/25351K, paused 3ms+8ms, total 89ms
01-01 19:51:56.299 D/dalvikvm(  652): WAIT_FOR_CONCURRENT_GC blocked 0ms
01-01 19:51:56.339 D/dalvikvm(  652): GC_EXPLICIT freed 239K, 11% free 9356K/10503K, paused 2ms+4ms, total 40ms
01-01 19:51:56.409 D/CosineC ( 3219): CosineService.onDestroy
01-01 19:51:56.679 D/dalvikvm(  518): WAIT_FOR_CONCURRENT_GC blocked 0ms
01-01 19:51:56.769 D/dalvikvm(  518): GC_EXPLICIT freed 124K, 49% free 13022K/25351K, paused 3ms+7ms, total 87ms
01-01 19:51:56.989 D/StateMachine(  518): handleMessage: E msg.what=131155
01-01 19:51:56.989 D/StateMachine(  518): processMsg: ConnectedState
01-01 19:51:56.989 D/WifiStateMachine(  518): ConnectedState{ what=131155 when=-2ms arg1=2 }
01-01 19:51:56.989 D/StateMachine(  518): processMsg: L2ConnectedState
01-01 19:51:56.989 D/WifiStateMachine(  518): L2ConnectedState{ what=131155 when=-2ms arg1=2 }
01-01 19:51:56.989 D/wpa_supplicant(  760): wpa_s 0x40df35a0 cmd SIGNAL_POLL
01-01 19:51:56.989 D/wpa_supplicant(  760): nl80211: survey data missing!
01-01 19:51:56.989 D/StateMachine(  518): handleMessage: X
01-01 19:51:57.079 D/dalvikvm(  652): GC_CONCURRENT freed 235K, 10% free 9504K/10503K, paused 13ms+4ms, total 52ms
01-01 19:51:57.189 D/dalvikvm(  518): WAIT_FOR_CONCURRENT_GC blocked 0ms
01-01 19:51:57.269 D/dalvikvm(  518): GC_EXPLICIT freed 115K, 49% free 13023K/25351K, paused 4ms+8ms, total 89ms
01-01 19:51:57.329 D/dalvikvm(  652): WAIT_FOR_CONCURRENT_GC blocked 0ms
01-01 19:51:57.379 D/dalvikvm(  652): GC_EXPLICIT freed 234K, 11% free 9368K/10503K, paused 2ms+4ms, total 49ms
01-01 19:51:57.739 D/dalvikvm(  518): WAIT_FOR_CONCURRENT_GC blocked 0ms
01-01 19:51:57.819 D/dalvikvm(  518): GC_EXPLICIT freed 116K, 49% free 13021K/25351K, paused 4ms+8ms, total 89ms
01-01 19:51:57.929 I/twfx    (  605): data activity sub= 0 refreshViews
01-01 19:51:57.929 I/twfx    (  605): data activity sub= 0 refreshViews mLastDataDirectionOverlayIconIdArray[subscription]=0
01-01 19:51:57.929 I/twfx    (  605): data activity sub= 0 refreshViews TRUE
01-01 19:51:57.939 I/CTMSimSignalCluster(  605): setMobileDataIndicators subscription=0
01-01 19:51:57.939 I/CTMSimSignalCluster(  605): setMobileDataIndicators strengthIcon 0=com.android.systemui:drawable/stat_sys_signal_null
01-01 19:51:57.939 I/CTMSimSignalCluster(  605): setMobileDataIndicators visible=true
01-01 19:51:57.939 I/CTMSimSignalCluster(  605): setMobileDataIndicators simServiceState=1 home null null 00000  Unknown CSS not supported 0 0 mDataState=1 RoamInd=1 DefRoamInd=1 EmergOnly=false
01-01 19:51:57.939 I/CTMSimSignalCluster(  605): setMobileDataIndicators isRoam=false
01-01 19:51:57.939 I/CTMSimSignalCluster(  605): setMobileDataIndicators dataConnect=false
01-01 19:51:57.939 I/CTMSimSignalCluster(  605): voice radio technology is0 isGSM = false isRoam= false
01-01 19:51:57.939 I/CTMSimSignalCluster(  605): voice radio technology is0 isGSM = false isRoam= false
01-01 19:51:57.939 I/CTMSimSignalCluster(  605): setMobileDataIndicators mMobileStrengthId[0]=com.android.systemui:drawable/stat_sys_signal_cdma_null mMobileStrengthId[1]=com.android.systemui:drawable/stat_sys_signal_cdma_null
01-01 19:51:57.939 I/CTMSimSignalCluster(  605): getAcitivyTypeIconId type=2 inout=0 subscription0
01-01 19:51:57.939 I/CTMSimSignalCluster(  605): SetMobileDataIndicators MNoSimIconVisiable 0=true
01-01 19:51:57.939 I/twfx    (  605): data activity sub= 0 refreshViews TRUE
01-01 19:51:57.939 I/CTMSimSignalCluster(  605): setMobileDataIndicators subscription=0
01-01 19:51:57.939 I/CTMSimSignalCluster(  605): setMobileDataIndicators strengthIcon 0=com.android.systemui:drawable/stat_sys_signal_null
01-01 19:51:57.939 I/CTMSimSignalCluster(  605): setMobileDataIndicators visible=true
01-01 19:51:57.939 I/CTMSimSignalCluster(  605): setMobileDataIndicators simServiceState=1 home null null 00000  Unknown CSS not supported 0 0 mDataState=1 RoamInd=1 DefRoamInd=1 EmergOnly=false
01-01 19:51:57.939 I/CTMSimSignalCluster(  605): setMobileDataIndicators isRoam=false
01-01 19:51:57.939 I/CTMSimSignalCluster(  605): setMobileDataIndicators dataConnect=false
01-01 19:51:57.939 I/CTMSimSignalCluster(  605): voice radio technology is0 isGSM = false isRoam= false
