01-01 19:52:42.039 I/CTMSimSignalCluster(  605): setMobileDataIndicators subscription=0
01-01 19:52:42.039 I/CTMSimSignalCluster(  605): setMobileDataIndicators strengthIcon 0=com.android.systemui:drawable/stat_sys_signal_null
01-01 19:52:42.039 I/CTMSimSignalCluster(  605): setMobileDataIndicators visible=true
01-01 19:52:42.039 I/CTMSimSignalCluster(  605): setMobileDataIndicators simServiceState=1 home null null 00000  Unknown CSS not supported 0 0 mDataState=1 RoamInd=1 DefRoamInd=1 EmergOnly=false
01-01 19:52:42.039 I/CTMSimSignalCluster(  605): setMobileDataIndicators isRoam=false
01-01 19:52:42.039 I/CTMSimSignalCluster(  605): setMobileDataIndicators dataConnect=false
01-01 19:52:42.039 I/CTMSimSignalCluster(  605): voice radio technology is0 isGSM = false isRoam= false
01-01 19:52:42.049 I/CTMSimSignalCluster(  605): voice radio technology is0 isGSM = false isRoam= false
01-01 19:52:42.049 I/CTMSimSignalCluster(  605): setMobileDataIndicators mMobileStrengthId[0]=com.android.systemui:drawable/stat_sys_signal_cdma_null mMobileStrengthId[1]=com.android.systemui:drawable/stat_sys_signal_cdma_null
01-01 19:52:42.049 I/CTMSimSignalCluster(  605): getAcitivyTypeIconId type=2 inout=0 subscription0
01-01 19:52:42.049 I/CTMSimSignalCluster(  605): SetMobileDataIndicators MNoSimIconVisiable 0=true
01-01 19:52:42.049 I/twfx    (  605): data activity sub= 0 refreshViews OVER ALMOST
01-01 19:52:42.049 I/twfx    (  605): data activity sub= 0 refreshViews last activity mLastDataDirectionOverlayIconId=2130838070 true sub=0
01-01 19:52:42.079 D/dalvikvm(  652): WAIT_FOR_CONCURRENT_GC blocked 0ms
01-01 19:52:42.109 D/StateMachine(  518): handleMessage: E msg.what=131155
01-01 19:52:42.109 D/StateMachine(  518): processMsg: ConnectedState
01-01 19:52:42.109 D/WifiStateMachine(  518): ConnectedState{ what=131155 when=-4ms arg1=2 }
01-01 19:52:42.109 D/StateMachine(  518): processMsg: L2ConnectedState
01-01 19:52:42.119 D/WifiStateMachine(  518): L2ConnectedState{ what=131155 when=-6ms arg1=2 }
01-01 19:52:42.119 D/wpa_supplicant(  760): wpa_s 0x40df35a0 cmd SIGNAL_POLL
01-01 19:52:42.119 D/wpa_supplicant(  760): nl80211: survey data missing!
01-01 19:52:42.119 D/StateMachine(  518): handleMessage: X
01-01 19:52:42.159 D/dalvikvm(  652): GC_EXPLICIT freed 238K, 11% free 9358K/10503K, paused 7ms+6ms, total 79ms
01-01 19:52:42.279 D/DialpadFragment(  995): onScrollStateChanged scrollState = 1
01-01 19:52:42.299 D/DialpadFragment(  995): onScrollStateChanged scrollState = 2
01-01 19:52:42.309 D/DialpadFragment(  995): onScrollStateChanged scrollState = 0
01-01 19:52:42.309 I/DialpadFragment(  995): hideDialpad =true
01-01 19:52:42.319 D/DialpadFragment(  995): getView
01-01 19:52:42.339 D/DialpadFragment(  995): bindView str_number = 10086
01-01 19:52:42.339 D/DialpadFragment(  995): orders = 2 personId = 2150 photoId = 0 lookupKey = null contactUri = content://com.android.contacts/contacts/lookup/null/2150
01-01 19:52:42.339 D/DialpadFragment(  995): accountName = null
01-01 19:52:42.339 D/DialpadFragment(  995): orders 2222
01-01 19:52:42.359 D/DialpadFragment(  995): sendFetchImageMessage number = 10086
01-01 19:52:42.369 D/DialpadFragment(  995): imageDbFetcher uri = content://com.android.contacts/phone_lookup/10086
01-01 19:52:42.369 D/DialpadFragment(  995): mUtils.getNumberArea(mContext, str_number) = 
01-01 19:52:42.369 D/blackerror(  995): callType-->2
01-01 19:52:42.379 D/DialpadFragment(  995): getView
01-01 19:52:42.379 D/DialpadFragment(  995): bindView str_number = 13795227094
01-01 19:52:42.379 D/DialpadFragment(  995): orders = 2 personId = 2149 photoId = 0 lookupKey = null contactUri = content://com.android.contacts/contacts/lookup/null/2149
01-01 19:52:42.379 D/DialpadFragment(  995): accountName = null
01-01 19:52:42.379 D/DialpadFragment(  995): orders 2222
01-01 19:52:42.389 D/DialpadFragment(  995): sendFetchImageMessage number = 13795227094
01-01 19:52:42.399 D/DialpadFragment(  995): mUtils.getNumberArea(mContext, str_number) = 
01-01 19:52:42.399 D/blackerror(  995): callType-->2
01-01 19:52:42.409 I/ContactsProvider(  913): uri = content://com.android.contacts/phone_lookup/10086 match = 4000 selection = null sortOrder = null
01-01 19:52:42.419 D/DialpadFragment(  995): getView
01-01 19:52:42.419 D/DialpadFragment(  995): bindView str_number = 10000
01-01 19:52:42.419 D/DialpadFragment(  995): orders = 2 personId = 2148 photoId = 0 lookupKey = null contactUri = content://com.android.contacts/contacts/lookup/null/2148
01-01 19:52:42.419 D/DialpadFragment(  995): accountName = null
01-01 19:52:42.419 D/DialpadFragment(  995): orders 2222
01-01 19:52:42.419 D/DialpadFragment(  995): sendFetchImageMessage number = 10000
01-01 19:52:42.419 D/DialpadFragment(  995): imageDbFetcher uri = content://com.android.contacts/phone_lookup/13795227094
01-01 19:52:42.419 I/ContactsProvider(  913): uri = content://com.android.contacts/phone_lookup/13795227094 match = 4000 selection = null sortOrder = null
01-01 19:52:42.449 D/DialpadFragment(  995): mUtils.getNumberArea(mContext, str_number) = 
01-01 19:52:42.449 D/blackerror(  995): callType-->2
01-01 19:52:42.449 D/DialpadFragment(  995): imageDbFetcher uri = content://com.android.contacts/phone_lookup/10000
01-01 19:52:42.449 I/ContactsProvider(  913): uri = content://com.android.contacts/phone_lookup/10000 match = 4000 selection = null sortOrder = null
01-01 19:52:42.469 D/DialpadFragment(  995): onScroll
01-01 19:52:42.609 D/DialpadFragment(  995): mId = null mName = null mPhotoId = 0 mUri = null mAccountName = null
01-01 19:52:42.609 D/DialpadFragment(  995): mId = null mName = null mPhotoId = 0 mUri = null mAccountName = null
01-01 19:52:42.609 D/DialpadFragment(  995): mId = null mName = null mPhotoId = 0 mUri = null mAccountName = null
01-01 19:52:42.699 D/dalvikvm(  518): WAIT_FOR_CONCURRENT_GC blocked 0ms
01-01 19:52:42.779 D/PowerManager(  686): RILJ [acquire]
01-01 19:52:42.789 D/DialpadFragment(  995): ImageFetchHandler number = 13795227094 name = null
01-01 19:52:42.789 D/DialpadFragment(  995): ImageFetchHandler name = null 
01-01 19:52:42.789 D/PowerManager(  686): RILJ [release]
01-01 19:52:42.789 D/DialpadFragment(  995): ImageFetchHandler numberInfo.accountName = null
01-01 19:52:42.789 D/DialpadFragment(  995): ImageFetchHandler number = 10086 name = null
01-01 19:52:42.789 D/DialpadFragment(  995): ImageFetchHandler name = null 
01-01 19:52:42.799 D/DialpadFragment(  995): ImageFetchHandler numberInfo.accountName = null
01-01 19:52:42.799 D/DialpadFragment(  995): ImageFetchHandler number = 10000 name = null
01-01 19:52:42.799 D/DialpadFragment(  995): ImageFetchHandler name = null 
01-01 19:52:42.809 D/DialpadFragment(  995): ImageFetchHandler numberInfo.accountName = null
01-01 19:52:42.819 D/dalvikvm(  518): GC_EXPLICIT freed 134K, 49% free 13019K/25351K, paused 10ms+10ms, total 118ms
01-01 19:52:42.819 D/DialpadFragment(  995): onScroll
01-01 19:52:43.029 I/twfx    (  605): data activity sub= 0 refreshViews
01-01 19:52:43.039 I/twfx    (  605): data activity sub= 0 refreshViews mLastDataDirectionOverlayIconIdArray[subscription]=0
01-01 19:52:43.039 I/twfx    (  605): data activity sub= 0 refreshViews TRUE
01-01 19:52:43.039 I/CTMSimSignalCluster(  605): setMobileDataIndicators subscription=0
01-01 19:52:43.039 I/CTMSimSignalCluster(  605): setMobileDataIndicators strengthIcon 0=com.android.systemui:drawable/stat_sys_signal_null
01-01 19:52:43.039 I/CTMSimSignalCluster(  605): setMobileDataIndicators visible=true
01-01 19:52:43.039 I/CTMSimSignalCluster(  605): setMobileDataIndicators simServiceState=1 home null null 00000  Unknown CSS not supported 0 0 mDataState=1 RoamInd=1 DefRoamInd=1 EmergOnly=false
01-01 19:52:43.039 I/CTMSimSignalCluster(  605): setMobileDataIndicators isRoam=false
01-01 19:52:43.039 I/CTMSimSignalCluster(  605): setMobileDataIndicators dataConnect=false
01-01 19:52:43.039 I/CTMSimSignalCluster(  605): voice radio technology is0 isGSM = false isRoam= false
01-01 19:52:43.039 I/CTMSimSignalCluster(  605): voice radio technology is0 isGSM = false isRoam= false
01-01 19:52:43.039 I/CTMSimSignalCluster(  605): setMobileDataIndicators mMobileStrengthId[0]=com.android.systemui:drawable/stat_sys_signal_cdma_null mMobileStrengthId[1]=com.android.systemui:drawable/stat_sys_signal_cdma_null
01-01 19:52:43.049 I/CTMSimSignalCluster(  605): getAcitivyTypeIconId type=2 inout=0 subscription0
01-01 19:52:43.049 I/CTMSimSignalCluster(  605): SetMobileDataIndicators MNoSimIconVisiable 0=true
01-01 19:52:43.049 I/twfx    (  605): data activity sub= 0 refreshViews TRUE
01-01 19:52:43.049 I/CTMSimSignalCluster(  605): setMobileDataIndicators subscription=0
01-01 19:52:43.059 I/CTMSimSignalCluster(  605): setMobileDataIndicators strengthIcon 0=com.android.systemui:drawable/stat_sys_signal_null
01-01 19:52:43.059 I/CTMSimSignalCluster(  605): setMobileDataIndicators visible=true
01-01 19:52:43.059 I/CTMSimSignalCluster(  605): setMobileDataIndicators simServiceState=1 home null null 00000  Unknown CSS not supported 0 0 mDataState=1 RoamInd=1 DefRoamInd=1 EmergOnly=false
01-01 19:52:43.059 I/CTMSimSignalCluster(  605): setMobileDataIndicators isRoam=false
01-01 19:52:43.059 I/CTMSimSignalCluster(  605): setMobileDataIndicators dataConnect=false
01-01 19:52:43.059 I/CTMSimSignalCluster(  605): voice radio technology is0 isGSM = false isRoam= false
01-01 19:52:43.059 I/CTMSimSignalCluster(  605): voice radio technology is0 isGSM = false isRoam= false
01-01 19:52:43.059 I/CTMSimSignalCluster(  605): setMobileDataIndicators mMobileStrengthId[0]=com.android.systemui:drawable/stat_sys_signal_cdma_null mMobileStrengthId[1]=com.android.systemui:drawable/stat_sys_signal_cdma_null
01-01 19:52:43.059 I/CTMSimSignalCluster(  605): getAcitivyTypeIconId type=2 inout=0 subscription0
01-01 19:52:43.059 I/CTMSimSignalCluster(  605): SetMobileDataIndicators MNoSimIconVisiable 0=true
01-01 19:52:43.059 I/twfx    (  605): data activity sub= 0 refreshViews OVER ALMOST
01-01 19:52:43.059 I/twfx    (  605): data activity sub= 0 refreshViews last activity mLastDataDirectionOverlayIconId=0 true sub=0
01-01 19:52:43.429 D/dalvikvm(  518): WAIT_FOR_CONCURRENT_GC blocked 0ms
01-01 19:52:43.459 D/dalvikvm(  652): GC_CONCURRENT freed 226K, 10% free 9517K/10503K, paused 2ms+5ms, total 42ms
01-01 19:52:43.529 D/dalvikvm(  518): GC_EXPLICIT freed 112K, 49% free 13018K/25351K, paused 5ms+7ms, total 97ms
01-01 19:52:43.659 D/dalvikvm(  652): WAIT_FOR_CONCURRENT_GC blocked 0ms
01-01 19:52:43.709 D/dalvikvm(  652): GC_EXPLICIT freed 238K, 11% free 9359K/10503K, paused 2ms+3ms, total 43ms
01-01 19:52:43.739 E/ThermalDaemon( 1098): CPU[1] offline
01-01 19:52:43.949 D/dalvikvm(  518): WAIT_FOR_CONCURRENT_GC blocked 0ms
01-01 19:52:44.029 I/twfx    (  605): data activity sub= 0 refreshViews
01-01 19:52:44.039 I/twfx    (  605): data activity sub= 0 refreshViews mLastDataDirectionOverlayIconIdArray[subscription]=2130838071
01-01 19:52:44.039 I/twfx    (  605): data activity sub= 0 refreshViews TRUE
01-01 19:52:44.039 I/CTMSimSignalCluster(  605): setMobileDataIndicators subscription=0
01-01 19:52:44.039 I/CTMSimSignalCluster(  605): setMobileDataIndicators strengthIcon 0=com.android.systemui:drawable/stat_sys_signal_null
01-01 19:52:44.039 I/CTMSimSignalCluster(  605): setMobileDataIndicators visible=true
01-01 19:52:44.039 I/CTMSimSignalCluster(  605): setMobileDataIndicators simServiceState=1 home null null 00000  Unknown CSS not supported 0 0 mDataState=1 RoamInd=1 DefRoamInd=1 EmergOnly=false
01-01 19:52:44.039 I/CTMSimSignalCluster(  605): setMobileDataIndicators isRoam=false
01-01 19:52:44.039 I/CTMSimSignalCluster(  605): setMobileDataIndicators dataConnect=false
01-01 19:52:44.039 I/CTMSimSignalCluster(  605): voice radio technology is0 isGSM = false isRoam= false
01-01 19:52:44.039 I/CTMSimSignalCluster(  605): voice radio technology is0 isGSM = false isRoam= false
01-01 19:52:44.039 I/CTMSimSignalCluster(  605): setMobileDataIndicators mMobileStrengthId[0]=com.android.systemui:drawable/stat_sys_signal_cdma_null mMobileStrengthId[1]=com.android.systemui:drawable/stat_sys_signal_cdma_null
01-01 19:52:44.049 I/CTMSimSignalCluster(  605): getAcitivyTypeIconId type=2 inout=0 subscription0
01-01 19:52:44.049 I/CTMSimSignalCluster(  605): SetMobileDataIndicators MNoSimIconVisiable 0=true
01-01 19:52:44.049 I/twfx    (  605): data activity sub= 0 refreshViews TRUE
01-01 19:52:44.049 I/CTMSimSignalCluster(  605): setMobileDataIndicators subscription=0
01-01 19:52:44.049 I/CTMSimSignalCluster(  605): setMobileDataIndicators strengthIcon 0=com.android.systemui:drawable/stat_sys_signal_null
01-01 19:52:44.049 I/CTMSimSignalCluster(  605): setMobileDataIndicators visible=true
01-01 19:52:44.049 I/CTMSimSignalCluster(  605): setMobileDataIndicators simServiceState=1 home null null 00000  Unknown CSS not supported 0 0 mDataState=1 RoamInd=1 DefRoamInd=1 EmergOnly=false
01-01 19:52:44.059 I/CTMSimSignalCluster(  605): setMobileDataIndicators isRoam=false
01-01 19:52:44.059 I/CTMSimSignalCluster(  605): setMobileDataIndicators dataConnect=false
01-01 19:52:44.059 I/CTMSimSignalCluster(  605): voice radio technology is0 isGSM = false isRoam= false
01-01 19:52:44.059 I/CTMSimSignalCluster(  605): voice radio technology is0 isGSM = false isRoam= false
01-01 19:52:44.059 I/CTMSimSignalCluster(  605): setMobileDataIndicators mMobileStrengthId[0]=com.android.systemui:drawable/stat_sys_signal_cdma_null mMobileStrengthId[1]=com.android.systemui:drawable/stat_sys_signal_cdma_null
01-01 19:52:44.059 I/CTMSimSignalCluster(  605): getAcitivyTypeIconId type=2 inout=0 subscription0
01-01 19:52:44.059 I/CTMSimSignalCluster(  605): SetMobileDataIndicators MNoSimIconVisiable 0=true
01-01 19:52:44.069 I/twfx    (  605): data activity sub= 0 refreshViews OVER ALMOST
01-01 19:52:44.069 I/twfx    (  605): data activity sub= 0 refreshViews last activity mLastDataDirectionOverlayIconId=2130838071 true sub=0
01-01 19:52:44.109 D/dalvikvm(  518): GC_EXPLICIT freed 111K, 49% free 13019K/25351K, paused 3ms+22ms, total 168ms
01-01 19:52:44.129 I/DialtactsActivity(  995): onKeyDown mViewPager.getCurrentItem() = 0 keyCode = 4
01-01 19:52:44.269 D/PowerManager(  518): ActivityManager-Launch [acquire]
01-01 19:52:44.299 D/DialpadFragment(  995): onPause()
01-01 19:52:44.309 V/ToneGenerator(  995): ToneGenerator destructor
01-01 19:52:44.309 V/ToneGenerator(  995): stopTone
01-01 19:52:44.309 V/ToneGenerator(  995): Clearing mWaveGens:
01-01 19:52:44.309 V/ToneGenerator(  995): Delete Track: 0x50e99e10
01-01 19:52:44.319 D/CallLogFragment(  995): onPause
01-01 19:52:44.409 D/Launcher(  740): (Launcher)onStart.
01-01 19:52:44.409 D/Launcher(  740): (Launcher)onResume: mRestoring = false,mOnResumeNeedsLoad = false,mFocused = false,mAlreadyOnHome = false,this = com.android.launcher2.Launcher@423a8910
01-01 19:52:44.409 D/Launcher.Workspace(  740): onResumeWhenShown: page = 0
01-01 19:52:44.429 I/Launcher(  740): activityName=ComponentInfo{cn.goapk.market/cn.goapk.market.GoApkLoginAndRegister}
01-01 19:52:44.449 D/PowerManager( 1334): sdk.c.a.d.g@423ff280 [acquire]
01-01 19:52:44.449 D/PowerManager( 1334): sdk.c.a.d.g@423ff280 [release]
01-01 19:52:44.459 I/AppsCustomizeTabHost(  740): onWindowVisible 4
01-01 19:52:44.459 D/PagedView(  740): update Crc Cache Frame begin, fromIntentReceiver = false
01-01 19:52:44.459 I/Launcher(  740): activityName=ComponentInfo{cn.goapk.market/cn.goapk.market.GoApkLoginAndRegister}
01-01 19:52:44.489 D/PagedView(  740): update Crc Cache Frame end
01-01 19:52:44.549 E/memalloc(  138): ION_IOC_ALLOC failed with error - Out of memory
01-01 19:52:44.549 W/memalloc(  138): Falling back to system heap
01-01 19:52:44.569 I/Launcher.Utilities(  740): requestStatusbarTransparent transparent true
01-01 19:52:44.579 D/PhoneStatusBar(  605): mBroadcastReceiver action = android.intent.action.STATUSBAR_BG_CHANGE
01-01 19:52:44.579 D/twfx    (  605): STATUSBAR_BG_CHANGE flag=2 trans=true
01-01 19:52:44.579 D/twfx    (  605): setStatusbarBackgroundTrans trans=true flag=2
01-01 19:52:44.609 E/memalloc(  138): ION_IOC_ALLOC failed with error - Out of memory
01-01 19:52:44.609 W/memalloc(  138): Falling back to system heap
01-01 19:52:44.709 D/PowerManager(  518): ActivityManager-Launch [release]
01-01 19:52:44.709 D/Launcher(  740): Back key pressed, mState = WORKSPACE
01-01 19:52:44.709 D/Launcher.Workspace(  740): exitWidgetResizeMode.
01-01 19:52:44.709 D/PagedView(  740): snapToPage getChildPresentOffset(): 0, getRelativeChildOffset(): 0, getChildWidth(): 480
01-01 19:52:44.709 D/PagedView(  740): (PagedView)snapToPage whichPage = 0, delta = 0, duration = 0,mNextPage = -2147483648,mUnboundedScrollX = 0,mDeferScrollUpdate = false,mScrollX = 0,this = com.android.launcher2.Workspace@423d4328
01-01 19:52:44.729 D/PagedView(  740): Visabile Range Left = 0 Right= 0
01-01 19:52:44.729 D/Launcher.Workspace(  740): snapToPage: whichPage = 0,mScrollX = 0
01-01 19:52:44.739 D/PagedView(  740): loadAssociatedPages: page = 0, immediateAndOnly = false,mContentIsRefreshable = false,mDirtyPageContent = [],childCount = 1
01-01 19:52:44.739 D/PagedView(  740): Visabile Range Left = 0 Right= 0
01-01 19:52:44.759 E/memalloc(  138): ION_IOC_ALLOC failed with error - Out of memory
01-01 19:52:44.759 W/memalloc(  138): Falling back to system heap
01-01 19:52:44.769 D/dalvikvm(  518): WAIT_FOR_CONCURRENT_GC blocked 0ms
01-01 19:52:44.789 D/PagedView(  740): Visabile Range Left = 0 Right= 0
01-01 19:52:44.809 D/Launcher(  740): Back key pressed, mState = WORKSPACE
01-01 19:52:44.809 D/Launcher.Workspace(  740): exitWidgetResizeMode.
01-01 19:52:44.809 D/PagedView(  740): snapToPage getChildPresentOffset(): 0, getRelativeChildOffset(): 0, getChildWidth(): 480
01-01 19:52:44.809 D/PagedView(  740): (PagedView)snapToPage whichPage = 0, delta = 0, duration = 0,mNextPage = -2147483648,mUnboundedScrollX = 0,mDeferScrollUpdate = false,mScrollX = 0,this = com.android.launcher2.Workspace@423d4328
01-01 19:52:44.819 D/PagedView(  740): Visabile Range Left = 0 Right= 0
01-01 19:52:44.819 D/Launcher.Workspace(  740): snapToPage: whichPage = 0,mScrollX = 0
01-01 19:52:44.829 D/PagedView(  740): loadAssociatedPages: page = 0, immediateAndOnly = false,mContentIsRefreshable = false,mDirtyPageContent = [],childCount = 1
01-01 19:52:44.829 D/PagedView(  740): Visabile Range Left = 0 Right= 0
01-01 19:52:44.859 D/PagedView(  740): Visabile Range Left = 0 Right= 0
01-01 19:52:44.889 D/Launcher(  740): Back key pressed, mState = WORKSPACE
01-01 19:52:44.889 D/Launcher.Workspace(  740): exitWidgetResizeMode.
01-01 19:52:44.889 D/PagedView(  740): snapToPage getChildPresentOffset(): 0, getRelativeChildOffset(): 0, getChildWidth(): 480
01-01 19:52:44.889 D/PagedView(  740): (PagedView)snapToPage whichPage = 0, delta = 0, duration = 0,mNextPage = -2147483648,mUnboundedScrollX = 0,mDeferScrollUpdate = false,mScrollX = 0,this = com.android.launcher2.Workspace@423d4328
01-01 19:52:44.899 D/PagedView(  740): Visabile Range Left = 0 Right= 0
01-01 19:52:44.899 D/Launcher.Workspace(  740): snapToPage: whichPage = 0,mScrollX = 0
01-01 19:52:44.909 D/PagedView(  740): loadAssociatedPages: page = 0, immediateAndOnly = false,mContentIsRefreshable = false,mDirtyPageContent = [],childCount = 1
01-01 19:52:44.909 D/PagedView(  740): Visabile Range Left = 0 Right= 0
01-01 19:52:44.929 D/PagedView(  740): Visabile Range Left = 0 Right= 0
01-01 19:52:44.959 D/Launcher(  740): Back key pressed, mState = WORKSPACE
01-01 19:52:44.959 D/Launcher.Workspace(  740): exitWidgetResizeMode.
01-01 19:52:44.969 D/PagedView(  740): snapToPage getChildPresentOffset(): 0, getRelativeChildOffset(): 0, getChildWidth(): 480
01-01 19:52:44.969 D/PagedView(  740): (PagedView)snapToPage whichPage = 0, delta = 0, duration = 0,mNextPage = -2147483648,mUnboundedScrollX = 0,mDeferScrollUpdate = false,mScrollX = 0,this = com.android.launcher2.Workspace@423d4328
01-01 19:52:44.969 D/PagedView(  740): Visabile Range Left = 0 Right= 0
01-01 19:52:44.969 D/Launcher.Workspace(  740): snapToPage: whichPage = 0,mScrollX = 0
01-01 19:52:44.989 D/dalvikvm(  518): GC_EXPLICIT freed 452K, 49% free 13026K/25351K, paused 3ms+16ms, total 217ms
01-01 19:52:44.989 D/PagedView(  740): loadAssociatedPages: page = 0, immediateAndOnly = false,mContentIsRefreshable = false,mDirtyPageContent = [],childCount = 1
01-01 19:52:44.989 D/PagedView(  740): Visabile Range Left = 0 Right= 0
01-01 19:52:45.009 D/PagedView(  740): Visabile Range Left = 0 Right= 0
01-01 19:52:45.039 I/twfx    (  605): data activity sub= 0 refreshViews
01-01 19:52:45.039 I/twfx    (  605): data activity sub= 0 refreshViews mLastDataDirectionOverlayIconIdArray[subscription]=2130838070
01-01 19:52:45.039 I/twfx    (  605): data activity sub= 0 refreshViews TRUE
01-01 19:52:45.039 I/CTMSimSignalCluster(  605): setMobileDataIndicators subscription=0
01-01 19:52:45.039 I/CTMSimSignalCluster(  605): setMobileDataIndicators strengthIcon 0=com.android.systemui:drawable/stat_sys_signal_null
01-01 19:52:45.039 I/CTMSimSignalCluster(  605): setMobileDataIndicators visible=true
01-01 19:52:45.049 I/CTMSimSignalCluster(  605): setMobileDataIndicators simServiceState=1 home null null 00000  Unknown CSS not supported 0 0 mDataState=1 RoamInd=1 DefRoamInd=1 EmergOnly=false
01-01 19:52:45.049 I/CTMSimSignalCluster(  605): setMobileDataIndicators isRoam=false
01-01 19:52:45.049 I/CTMSimSignalCluster(  605): setMobileDataIndicators dataConnect=false
01-01 19:52:45.049 I/CTMSimSignalCluster(  605): voice radio technology is0 isGSM = false isRoam= false
01-01 19:52:45.049 I/CTMSimSignalCluster(  605): voice radio technology is0 isGSM = false isRoam= false
01-01 19:52:45.049 I/CTMSimSignalCluster(  605): setMobileDataIndicators mMobileStrengthId[0]=com.android.systemui:drawable/stat_sys_signal_cdma_null mMobileStrengthId[1]=com.android.systemui:drawable/stat_sys_signal_cdma_null
01-01 19:52:45.049 D/Launcher(  740): Back key pressed, mState = WORKSPACE
01-01 19:52:45.049 D/Launcher.Workspace(  740): exitWidgetResizeMode.
01-01 19:52:45.049 I/CTMSimSignalCluster(  605): getAcitivyTypeIconId type=2 inout=0 subscription0
01-01 19:52:45.049 I/CTMSimSignalCluster(  605): SetMobileDataIndicators MNoSimIconVisiable 0=true
01-01 19:52:45.049 D/PagedView(  740): snapToPage getChildPresentOffset(): 0, getRelativeChildOffset(): 0, getChildWidth(): 480
01-01 19:52:45.049 D/PagedView(  740): (PagedView)snapToPage whichPage = 0, delta = 0, duration = 0,mNextPage = -2147483648,mUnboundedScrollX = 0,mDeferScrollUpdate = false,mScrollX = 0,this = com.android.launcher2.Workspace@423d4328
01-01 19:52:45.049 D/PagedView(  740): Visabile Range Left = 0 Right= 0
01-01 19:52:45.059 D/Launcher.Workspace(  740): snapToPage: whichPage = 0,mScrollX = 0
01-01 19:52:45.069 I/twfx    (  605): data activity sub= 0 refreshViews TRUE
01-01 19:52:45.069 I/CTMSimSignalCluster(  605): setMobileDataIndicators subscription=0
01-01 19:52:45.069 I/CTMSimSignalCluster(  605): setMobileDataIndicators strengthIcon 0=com.android.systemui:drawable/stat_sys_signal_null
01-01 19:52:45.069 I/CTMSimSignalCluster(  605): setMobileDataIndicators visible=true
01-01 19:52:45.069 I/CTMSimSignalCluster(  605): setMobileDataIndicators simServiceState=1 home null null 00000  Unknown CSS not supported 0 0 mDataState=1 RoamInd=1 DefRoamInd=1 EmergOnly=false
01-01 19:52:45.069 I/CTMSimSignalCluster(  605): setMobileDataIndicators isRoam=false
01-01 19:52:45.069 I/CTMSimSignalCluster(  605): setMobileDataIndicators dataConnect=false
01-01 19:52:45.069 I/CTMSimSignalCluster(  605): voice radio technology is0 isGSM = false isRoam= false
01-01 19:52:45.069 I/CTMSimSignalCluster(  605): voice radio technology is0 isGSM = false isRoam= false
01-01 19:52:45.069 I/CTMSimSignalCluster(  605): setMobileDataIndicators mMobileStrengthId[0]=com.android.systemui:drawable/stat_sys_signal_cdma_null mMobileStrengthId[1]=com.android.systemui:drawable/stat_sys_signal_cdma_null
01-01 19:52:45.069 D/PagedView(  740): loadAssociatedPages: page = 0, immediateAndOnly = false,mContentIsRefreshable = false,mDirtyPageContent = [],childCount = 1
01-01 19:52:45.069 D/PagedView(  740): Visabile Range Left = 0 Right= 0
01-01 19:52:45.069 I/CTMSimSignalCluster(  605): getAcitivyTypeIconId type=2 inout=0 subscription0
01-01 19:52:45.069 I/CTMSimSignalCluster(  605): SetMobileDataIndicators MNoSimIconVisiable 0=true
01-01 19:52:45.069 I/twfx    (  605): data activity sub= 0 refreshViews OVER ALMOST
01-01 19:52:45.069 I/twfx    (  605): data activity sub= 0 refreshViews last activity mLastDataDirectionOverlayIconId=2130838070 true sub=0
01-01 19:52:45.089 D/PagedView(  740): Visabile Range Left = 0 Right= 0
01-01 19:52:45.109 D/PagedView(  740): Visabile Range Left = 0 Right= 0
01-01 19:52:45.119 D/StateMachine(  518): handleMessage: E msg.what=131155
01-01 19:52:45.119 D/StateMachine(  518): processMsg: ConnectedState
01-01 19:52:45.129 D/WifiStateMachine(  518): ConnectedState{ what=131155 when=-3ms arg1=2 }
01-01 19:52:45.129 D/StateMachine(  518): processMsg: L2ConnectedState
01-01 19:52:45.129 D/WifiStateMachine(  518): L2ConnectedState{ what=131155 when=-6ms arg1=2 }
01-01 19:52:45.129 D/wpa_supplicant(  760): wpa_s 0x40df35a0 cmd SIGNAL_POLL
01-01 19:52:45.129 D/wpa_supplicant(  760): nl80211: survey data missing!
01-01 19:52:45.139 D/StateMachine(  518): handleMessage: X
01-01 19:52:45.149 D/dalvikvm(  652): GC_CONCURRENT freed 228K, 10% free 9519K/10503K, paused 13ms+15ms, total 134ms
01-01 19:52:45.199 D/Launcher(  740): Back key pressed, mState = WORKSPACE
01-01 19:52:45.199 D/Launcher.Workspace(  740): exitWidgetResizeMode.
01-01 19:52:45.199 D/PagedView(  740): snapToPage getChildPresentOffset(): 0, getRelativeChildOffset(): 0, getChildWidth(): 480
01-01 19:52:45.199 D/PagedView(  740): (PagedView)snapToPage whichPage = 0, delta = 0, duration = 0,mNextPage = -2147483648,mUnboundedScrollX = 0,mDeferScrollUpdate = false,mScrollX = 0,this = com.android.launcher2.Workspace@423d4328
01-01 19:52:45.199 D/PagedView(  740): Visabile Range Left = 0 Right= 0
01-01 19:52:45.199 D/Launcher.Workspace(  740): snapToPage: whichPage = 0,mScrollX = 0
01-01 19:52:45.209 D/PagedView(  740): loadAssociatedPages: page = 0, immediateAndOnly = false,mContentIsRefreshable = false,mDirtyPageContent = [],childCount = 1
01-01 19:52:45.209 D/PagedView(  740): Visabile Range Left = 0 Right= 0
01-01 19:52:45.229 D/PagedView(  740): Visabile Range Left = 0 Right= 0
01-01 19:52:45.269 D/DialpadFragment(  995): onStop
01-01 19:52:45.269 D/CallLogFragment(  995): onStop
01-01 19:52:45.299 W/NotificationMgr(  686): updateInCallNotification: null connection, can't set exp view line 1.
01-01 19:52:45.309 I/sss     (  686): notifyMissedCallCount number
01-01 19:52:45.309 D/UnreadLoader(  740): Receive unread broadcast: componentName = ComponentInfo{com.android.contacts/com.android.contacts.DialtactsContactsEntryActivityForRecentCalls},unreadNum = 0,mCallbacks = java.lang.ref.WeakReference@4237a6a0
01-01 19:52:45.309 D/UnreadLoader(  740): supportUnreadFeature: component = ComponentInfo{com.android.contacts/com.android.contacts.DialtactsContactsEntryActivityForRecentCalls}
01-01 19:52:45.309 D/UnreadLoader(  740): setUnreadNumberAt: index = 0,unreadNum = 0 Unread support shortcuts are [{UnreadSupportShortcut[ComponentInfo{com.android.contacts/com.android.contacts.DialtactsContactsEntryActivityForRecentCalls}], key = com_android_contacts_unread,type = 0,unreadNum = 0}, {UnreadSupportShortcut[ComponentInfo{com.android.mms/com.android.mms.ui.UiController}], key = com_android_mms_unread,type = 0,unreadNum = 0}, {UnreadSupportShortcut[ComponentInfo{com.android.email/com.android.email.activity.Welcome}], key = com_android_email_unread,type = 0,unreadNum = 0}, {UnreadSupportShortcut[ComponentInfo{com.android.calendar/com.android.calendar.AllInOneActivity}], key = com_android_calendar_unread,type = 0,unreadNum = 0}]
01-01 19:52:45.309 D/Launcher(  740): bindComponentUnreadChanged: component = ComponentInfo{com.android.contacts/com.android.contacts.DialtactsContactsEntryActivityForRecentCalls},unreadNum = 0,this = com.android.launcher2.Launcher@423a8910
01-01 19:52:45.309 D/Launcher.Workspace(  740): updateComponentUnreadChanged: component = ComponentInfo{com.android.contacts/com.android.contacts.DialtactsContactsEntryActivityForRecentCalls},unreadNum = 0
01-01 19:52:45.319 D/Launcher.Workspace(  740): updateComponentUnreadChanged: component = ComponentInfo{com.android.contacts/com.android.contacts.DialtactsContactsEntryActivityForRecentCalls},tag = ShortcutInfo(title=intent=Intent { act=android.intent.action.MAIN cat=[android.intent.category.LAUNCHER] flg=0x10200000 cmp=im.yixin/.activity.WelcomeActivity }id=161 type=0 container=-100 screen=0 cellX=0 cellY=0 spanX=1 spanY=1 dropPos=null,unread = 0),j = 0,view = com.android.launcher2.ComboShortcut@42de0118
01-01 19:52:45.319 D/Launcher.Workspace(  740): updateComponentUnreadChanged 2: find component = ComponentInfo{com.android.contacts/com.android.contacts.DialtactsContactsEntryActivityForRecentCalls},intent = Intent { act=android.intent.action.MAIN cat=[android.intent.category.LAUNCHER] flg=0x10200000 cmp=im.yixin/.activity.WelcomeActivity },componentName = ComponentInfo{im.yixin/im.yixin.activity.WelcomeActivity}
01-01 19:52:45.319 D/Launcher.Workspace(  740): updateComponentUnreadChanged: component = ComponentInfo{com.android.contacts/com.android.contacts.DialtactsContactsEntryActivityForRecentCalls},tag = ShortcutInfo(title=intent=Intent { act=android.intent.action.MAIN cat=[android.intent.category.LAUNCHER] flg=0x10200000 cmp=com.baidu.BaiduMap/com.baidu.baidumaps.WelcomeScreen bnds=[120,40][240,202] }id=162 type=0 container=-100 screen=0 cellX=1 cellY=0 spanX=1 spanY=1 dropPos=null,unread = 0),j = 1,view = com.android.launcher2.ComboShortcut@42de5a78
01-01 19:52:45.319 D/Launcher.Workspace(  740): updateComponentUnreadChanged 2: find component = ComponentInfo{com.android.contacts/com.android.contacts.DialtactsContactsEntryActivityForRecentCalls},intent = Intent { act=android.intent.action.MAIN cat=[android.intent.category.LAUNCHER] flg=0x10200000 cmp=com.baidu.BaiduMap/com.baidu.baidumaps.WelcomeScreen bnds=[120,40][240,202] },componentName = ComponentInfo{com.baidu.BaiduMap/com.baidu.baidumaps.WelcomeScreen}
01-01 19:52:45.319 D/Launcher.Workspace(  740): updateComponentUnreadChanged: component = ComponentInfo{com.android.contacts/com.android.contacts.DialtactsContactsEntryActivityForRecentCalls},tag = ShortcutInfo(title=QQintent=Intent { act=android.intent.action.MAIN cat=[android.intent.category.LAUNCHER] flg=0x10200000 cmp=com.tencent.mtt/.SplashActivity }id=163 type=0 container=-100 screen=0 cellX=2 cellY=0 spanX=1 spanY=1 dropPos=null,unread = 0),j = 2,view = com.android.launcher2.ComboShortcut@42e0ccb8
01-01 19:52:45.319 D/Launcher.Workspace(  740): updateComponentUnreadChanged 2: find component = ComponentInfo{com.android.contacts/com.android.contacts.DialtactsContactsEntryActivityForRecentCalls},intent = Intent { act=android.intent.action.MAIN cat=[android.intent.category.LAUNCHER] flg=0x10200000 cmp=com.tencent.mtt/.SplashActivity },componentName = ComponentInfo{com.tencent.mtt/com.tencent.mtt.SplashActivity}
01-01 19:52:45.319 D/Launcher.Workspace(  740): updateComponentUnreadChanged: component = ComponentInfo{com.android.contacts/com.android.contacts.DialtactsContactsEntryActivityForRecentCalls},tag = ShortcutInfo(title=intent=Intent { act=android.intent.action.MAIN cat=[android.intent.category.LAUNCHER] flg=0x10200000 cmp=com.tencent.mm/.ui.LauncherUI }id=164 type=0 container=-100 screen=0 cellX=3 cellY=0 spanX=1 spanY=1 dropPos=null,unread = 0),j = 3,view = com.android.launcher2.ComboShortcut@427ca088
01-01 19:52:45.319 D/Launcher.Workspace(  740): updateComponentUnreadChanged 2: find component = ComponentInfo{com.android.contacts/com.android.contacts.DialtactsContactsEntryActivityForRecentCalls},intent = Intent { act=android.intent.action.MAIN cat=[android.intent.category.LAUNCHER] flg=0x10200000 cmp=com.tencent.mm/.ui.LauncherUI },componentName = ComponentInfo{com.tencent.mm/com.tencent.mm.ui.LauncherUI}
01-01 19:52:45.319 D/Launcher.Workspace(  740): updateComponentUnreadChanged: component = ComponentInfo{com.android.contacts/com.android.contacts.DialtactsContactsEntryActivityForRecentCalls},tag = ShortcutInfo(title=intent=Intent { act=android.intent.action.MAIN cat=[android.intent.category.LAUNCHER] flg=0x10200000 cmp=com.android.gallery3d/.app.Gallery }id=165 type=0 container=-100 screen=0 cellX=0 cellY=1 spanX=1 spanY=1 dropPos=null,unread = 0),j = 4,view = com.android.launcher2.ComboShortcut@427e5438
01-01 19:52:45.319 D/Launcher.Workspace(  740): updateComponentUnreadChanged 2: find component = ComponentInfo{com.android.contacts/com.android.contacts.DialtactsContactsEntryActivityForRecentCalls},intent = Intent { act=android.intent.action.MAIN cat=[android.intent.category.LAUNCHER] flg=0x10200000 cmp=com.android.gallery3d/.app.Gallery },componentName = ComponentInfo{com.android.gallery3d/com.android.gallery3d.app.Gallery}
01-01 19:52:45.319 D/Launcher.Workspace(  740): updateComponentUnreadChanged: component = ComponentInfo{com.android.contacts/com.android.contacts.DialtactsContactsEntryActivityForRecentCalls},tag = ShortcutInfo(title=intent=Intent { act=android.intent.action.MAIN cat=[android.intent.category.LAUNCHER] flg=0x10200000 cmp=com.android.deskclock/com.hisense.timetools.TimeToolsMainActivity }id=167 type=0 container=-100 screen=0 cellX=1 cellY=1 spanX=1 spanY=1 dropPos=null,unread = 0),j = 5,view = com.android.launcher2.ComboShortcut@42da7378
01-01 19:52:45.319 D/Launcher.Workspace(  740): updateComponentUnreadChanged 2: find component = ComponentInfo{com.android.contacts/com.android.contacts.DialtactsContactsEntryActivityForRecentCalls},intent = Intent { act=android.intent.action.MAIN cat=[android.intent.category.LAUNCHER] flg=0x10200000 cmp=com.android.deskclock/com.hisense.timetools.TimeToolsMainActivity },componentName = ComponentInfo{com.android.deskclock/com.hisense.timetools.TimeToolsMainActivity}
01-01 19:52:45.329 D/Launcher.Workspace(  740): updateComponentUnreadChanged: component = ComponentInfo{com.android.contacts/com.android.contacts.DialtactsContactsEntryActivityForRecentCalls},tag = ShortcutInfo(title=intent=Intent { act=android.intent.action.MAIN cat=[android.intent.category.LAUNCHER] flg=0x10200000 cmp=com.android.calendar/.AllInOneActivity }id=166 type=0 container=-100 screen=0 cellX=2 cellY=1 spanX=1 spanY=1 dropPos=null,unread = 0),j = 6,view = com.android.launcher2.ComboShortcut@42dac810
01-01 19:52:45.329 D/Launcher.Workspace(  740): updateComponentUnreadChanged 2: find component = ComponentInfo{com.android.contacts/com.android.contacts.DialtactsContactsEntryActivityForRecentCalls},intent = Intent { act=android.intent.action.MAIN cat=[android.intent.category.LAUNCHER] flg=0x10200000 cmp=com.android.calendar/.AllInOneActivity },componentName = ComponentInfo{com.android.calendar/com.android.calendar.AllInOneActivity}
01-01 19:52:45.329 D/Launcher.Workspace(  740): updateComponentUnreadChanged: component = ComponentInfo{com.android.contacts/com.android.contacts.DialtactsContactsEntryActivityForRecentCalls},tag = ShortcutInfo(title=intent=Intent { act=android.intent.action.MAIN cat=[android.intent.category.LAUNCHER] flg=0x10200000 cmp=com.android.settings/.Settings }id=168 type=0 container=-100 screen=0 cellX=3 cellY=1 spanX=1 spanY=1 dropPos=null,unread = 0),j = 7,view = com.android.launcher2.ComboShortcut@42db9c30
01-01 19:52:45.329 D/Launcher.Workspace(  740): updateComponentUnreadChanged 2: find component = ComponentInfo{com.android.contacts/com.android.contacts.DialtactsContactsEntryActivityForRecentCalls},intent = Intent { act=android.intent.action.MAIN cat=[android.intent.category.LAUNCHER] flg=0x10200000 cmp=com.android.settings/.Settings },componentName = ComponentInfo{com.android.settings/com.android.settings.Settings}
01-01 19:52:45.329 D/Launcher.Workspace(  740): updateComponentUnreadChanged: component = ComponentInfo{com.android.contacts/com.android.contacts.DialtactsContactsEntryActivityForRecentCalls},tag = null,j = 0,view = com.android.launcher2.BubbleTextView@42e6c850
01-01 19:52:45.329 D/Launcher.Workspace(  740): updateComponentUnreadChanged: component = ComponentInfo{com.android.contacts/com.android.contacts.DialtactsContactsEntryActivityForRecentCalls},tag = ShortcutInfo(title=intent=Intent { act=android.intent.action.MAIN cat=[android.intent.category.LAUNCHER] flg=0x10200000 cmp=com.android.contacts/.activities.DialtactsActivity bnds=[0,730][96,862] }id=1 type=0 container=-101 screen=0 cellX=0 cellY=0 spanX=1 spanY=1 dropPos=null,unread = 0),j = 1,view = com.android.launcher2.ComboShortcut@42e4f498
01-01 19:52:45.329 D/Launcher.Workspace(  740): updateComponentUnreadChanged 2: find component = ComponentInfo{com.android.contacts/com.android.contacts.DialtactsContactsEntryActivityForRecentCalls},intent = Intent { act=android.intent.action.MAIN cat=[android.intent.category.LAUNCHER] flg=0x10200000 cmp=com.android.contacts/.activities.DialtactsActivity bnds=[0,730][96,862] },componentName = ComponentInfo{com.android.contacts/com.android.contacts.activities.DialtactsActivity}
01-01 19:52:45.329 D/Launcher.Workspace(  740): updateComponentUnreadChanged: component = ComponentInfo{com.android.contacts/com.android.contacts.DialtactsContactsEntryActivityForRecentCalls},tag = ShortcutInfo(title=intent=Intent { act=android.intent.action.MAIN cat=[android.intent.category.LAUNCHER] flg=0x10200000 cmp=com.android.contacts/.activities.PeopleActivity }id=2 type=0 container=-101 screen=1 cellX=1 cellY=0 spanX=1 spanY=1 dropPos=null,unread = 0),j = 2,view = com.android.launcher2.ComboShortcut@42e6acc8
01-01 19:52:45.329 D/Launcher.Workspace(  740): updateComponentUnreadChanged 2: find component = ComponentInfo{com.android.contacts/com.android.contacts.DialtactsContactsEntryActivityForRecentCalls},intent = Intent { act=android.intent.action.MAIN cat=[android.intent.category.LAUNCHER] flg=0x10200000 cmp=com.android.contacts/.activities.PeopleActivity },componentName = ComponentInfo{com.android.contacts/com.android.contacts.activities.PeopleActivity}
01-01 19:52:45.329 D/Launcher.Workspace(  740): updateComponentUnreadChanged: component = ComponentInfo{com.android.contacts/com.android.contacts.DialtactsContactsEntryActivityForRecentCalls},tag = ShortcutInfo(title=intent=Intent { act=android.intent.action.MAIN cat=[android.intent.category.LAUNCHER] flg=0x10200000 cmp=com.android.mms/.ui.UiController }id=146 type=0 container=-101 screen=3 cellX=3 cellY=0 spanX=1 spanY=1 dropPos=null,unread = 0),j = 3,view = com.android.launcher2.ComboShortcut@4285dd00
01-01 19:52:45.329 D/Launcher.Workspace(  740): updateComponentUnreadChanged 2: find component = ComponentInfo{com.android.contacts/com.android.contacts.DialtactsContactsEntryActivityForRecentCalls},intent = Intent { act=android.intent.action.MAIN cat=[android.intent.category.LAUNCHER] flg=0x10200000 cmp=com.android.mms/.ui.UiController },componentName = ComponentInfo{com.android.mms/com.android.mms.ui.UiController}
01-01 19:52:45.329 D/Launcher.Workspace(  740): updateComponentUnreadChanged: component = ComponentInfo{com.android.contacts/com.android.contacts.DialtactsContactsEntryActivityForRecentCalls},tag = ShortcutInfo(title=intent=Intent { act=android.intent.action.MAIN cat=[android.intent.category.LAUNCHER] flg=0x10200000 cmp=com.android.contacts/.DialtactsContactsEntryActivityForRecentCalls }id=4 type=0 container=-101 screen=4 cellX=4 cellY=0 spanX=1 spanY=1 dropPos=null,unread = 0),j = 4,view = com.android.launcher2.ComboShortcut@42d9e788
01-01 19:52:45.329 D/Launcher.Workspace(  740): updateComponentUnreadChanged 2: find component = ComponentInfo{com.android.contacts/com.android.contacts.DialtactsContactsEntryActivityForRecentCalls},intent = Intent { act=android.intent.action.MAIN cat=[android.intent.category.LAUNCHER] flg=0x10200000 cmp=com.android.contacts/.DialtactsContactsEntryActivityForRecentCalls },componentName = ComponentInfo{com.android.contacts/com.android.contacts.DialtactsContactsEntryActivityForRecentCalls}
01-01 19:52:45.329 D/Launcher.Workspace(  740): updateComponentUnreadChanged 1: find component = ComponentInfo{com.android.contacts/com.android.contacts.DialtactsContactsEntryActivityForRecentCalls},tag = ShortcutInfo(title=intent=Intent { act=android.intent.action.MAIN cat=[android.intent.category.LAUNCHER] flg=0x10200000 cmp=com.android.contacts/.DialtactsContactsEntryActivityForRecentCalls }id=4 type=0 container=-101 screen=4 cellX=4 cellY=0 spanX=1 spanY=1 dropPos=null,unread = 0),j = 4,cellX = 4,cellY = 0
01-01 19:52:45.329 D/ComboShortcut(  740): updateShortcutUnreadNum: unreadNum = 0,mInfo = ShortcutInfo(title=intent=Intent { act=android.intent.action.MAIN cat=[android.intent.category.LAUNCHER] flg=0x10200000 cmp=com.android.contacts/.DialtactsContactsEntryActivityForRecentCalls }id=4 type=0 container=-101 screen=4 cellX=4 cellY=0 spanX=1 spanY=1 dropPos=null,unread = 0),this = com.android.launcher2.ComboShortcut@42d9e788
01-01 19:52:45.359 D/AppsCustomizePagedView(  740): updateAppsUnreadChanged: component = ComponentInfo{com.android.contacts/com.android.contacts.DialtactsContactsEntryActivityForRecentCalls},unreadNum = 0,mNumAppsPages = 0
01-01 19:52:45.359 I/PageSort(  740): getPageCount 5
01-01 19:52:45.359 D/Launcher(  740): Back key pressed, mState = WORKSPACE
01-01 19:52:45.359 D/Launcher.Workspace(  740): exitWidgetResizeMode.
01-01 19:52:45.369 D/PagedView(  740): snapToPage getChildPresentOffset(): 0, getRelativeChildOffset(): 0, getChildWidth(): 480
01-01 19:52:45.369 D/PagedView(  740): (PagedView)snapToPage whichPage = 0, delta = 0, duration = 0,mNextPage = -2147483648,mUnboundedScrollX = 0,mDeferScrollUpdate = false,mScrollX = 0,this = com.android.launcher2.Workspace@423d4328
01-01 19:52:45.369 D/PagedView(  740): Visabile Range Left = 0 Right= 0
01-01 19:52:45.369 D/Launcher.Workspace(  740): snapToPage: whichPage = 0,mScrollX = 0
01-01 19:52:45.379 E/DefaultVoicemailNotifier(  995): No voicemails to notify about: clear the notification.
01-01 19:52:45.389 D/PagedView(  740): loadAssociatedPages: page = 0, immediateAndOnly = false,mContentIsRefreshable = false,mDirtyPageContent = [],childCount = 1
01-01 19:52:45.389 D/PagedView(  740): Visabile Range Left = 0 Right= 0
01-01 19:52:45.409 D/PagedView(  740): Visabile Range Left = 0 Right= 0
01-01 19:52:45.409 D/dalvikvm(  652): WAIT_FOR_CONCURRENT_GC blocked 0ms
01-01 19:52:45.479 D/Launcher(  740): Back key pressed, mState = WORKSPACE
01-01 19:52:45.479 D/Launcher.Workspace(  740): exitWidgetResizeMode.
01-01 19:52:45.479 D/PagedView(  740): snapToPage getChildPresentOffset(): 0, getRelativeChildOffset(): 0, getChildWidth(): 480
01-01 19:52:45.479 D/PagedView(  740): (PagedView)snapToPage whichPage = 0, delta = 0, duration = 0,mNextPage = -2147483648,mUnboundedScrollX = 0,mDeferScrollUpdate = false,mScrollX = 0,this = com.android.launcher2.Workspace@423d4328
01-01 19:52:45.489 D/PagedView(  740): Visabile Range Left = 0 Right= 0
01-01 19:52:45.489 D/Launcher.Workspace(  740): snapToPage: whichPage = 0,mScrollX = 0
01-01 19:52:45.489 D/PagedView(  740): loadAssociatedPages: page = 0, immediateAndOnly = false,mContentIsRefreshable = false,mDirtyPageContent = [],childCount = 1
01-01 19:52:45.489 D/PagedView(  740): Visabile Range Left = 0 Right= 0
01-01 19:52:45.499 D/dalvikvm(  652): GC_EXPLICIT freed 246K, 11% free 9351K/10503K, paused 4ms+4ms, total 85ms
01-01 19:52:45.509 D/PagedView(  740): Visabile Range Left = 0 Right= 0
01-01 19:52:45.759 D/dalvikvm(  518): WAIT_FOR_CONCURRENT_GC blocked 0ms
01-01 19:52:45.779 D/PowerManager(  518): AlarmManager [acquire]
01-01 19:52:45.789 D/PowerManager(  518): AlarmManager [release]
01-01 19:52:45.859 D/dalvikvm(  518): GC_EXPLICIT freed 300K, 49% free 13026K/25351K, paused 3ms+8ms, total 97ms
01-01 19:52:45.989 E/ThermalDaemon( 1098): CPU[1] offline
01-01 19:52:46.219 D/dalvikvm(  518): WAIT_FOR_CONCURRENT_GC blocked 0ms
01-01 19:52:46.239 D/twfx    (  605): setStatusbarBackgroundTrans trans=true flag=2
01-01 19:52:46.259 D/twfx    (  518): mDisabledNotifications= 524288 back to normal
01-01 19:52:46.289 E/memalloc(  138): ION_IOC_ALLOC failed with error - Out of memory
01-01 19:52:46.289 W/memalloc(  138): Falling back to system heap
01-01 19:52:46.339 E/memalloc(  138): ION_IOC_ALLOC failed with error - Out of memory
01-01 19:52:46.339 W/memalloc(  138): Falling back to system heap
01-01 19:52:46.399 E/memalloc(  138): ION_IOC_ALLOC failed with error - Out of memory
01-01 19:52:46.399 W/memalloc(  138): Falling back to system heap
01-01 19:52:46.459 D/dalvikvm(  518): GC_EXPLICIT freed 118K, 49% free 13022K/25351K, paused 3ms+27ms, total 241ms
01-01 19:52:46.499 D/dalvikvm(  740): GC_FOR_ALLOC freed 2675K, 24% free 16301K/21255K, paused 36ms, total 36ms
01-01 19:52:46.569 D/dalvikvm(  652): GC_CONCURRENT freed 219K, 10% free 9518K/10503K, paused 13ms+10ms, total 79ms
01-01 19:52:46.659 D/CapturePreview(  740): captureScenePreview get wpLayerId = -1, sbLayerId = 151000
01-01 19:52:46.669 D/CapturePreview(  740): get statusBarHeight 38.0
01-01 19:52:46.789 D/dalvikvm(  652): WAIT_FOR_CONCURRENT_GC blocked 0ms
01-01 19:52:46.839 D/dalvikvm(  652): GC_EXPLICIT freed 245K, 11% free 9352K/10503K, paused 2ms+5ms, total 47ms
01-01 19:52:47.049 I/twfx    (  605): data activity sub= 0 refreshViews
01-01 19:52:47.049 I/twfx    (  605): data activity sub= 0 refreshViews mLastDataDirectionOverlayIconIdArray[subscription]=2130838071
01-01 19:52:47.049 I/twfx    (  605): data activity sub= 0 refreshViews TRUE
01-01 19:52:47.049 I/CTMSimSignalCluster(  605): setMobileDataIndicators subscription=0
01-01 19:52:47.049 I/CTMSimSignalCluster(  605): setMobileDataIndicators strengthIcon 0=com.android.systemui:drawable/stat_sys_signal_null
01-01 19:52:47.049 I/CTMSimSignalCluster(  605): setMobileDataIndicators visible=true
01-01 19:52:47.049 I/CTMSimSignalCluster(  605): setMobileDataIndicators simServiceState=1 home null null 00000  Unknown CSS not supported 0 0 mDataState=1 RoamInd=1 DefRoamInd=1 EmergOnly=false
01-01 19:52:47.049 I/CTMSimSignalCluster(  605): setMobileDataIndicators isRoam=false
01-01 19:52:47.049 I/CTMSimSignalCluster(  605): setMobileDataIndicators dataConnect=false
01-01 19:52:47.049 I/CTMSimSignalCluster(  605): voice radio technology is0 isGSM = false isRoam= false
01-01 19:52:47.049 I/CTMSimSignalCluster(  605): voice radio technology is0 isGSM = false isRoam= false
01-01 19:52:47.049 I/CTMSimSignalCluster(  605): setMobileDataIndicators mMobileStrengthId[0]=com.android.systemui:drawable/stat_sys_signal_cdma_null mMobileStrengthId[1]=com.android.systemui:drawable/stat_sys_signal_cdma_null
01-01 19:52:47.049 I/CTMSimSignalCluster(  605): getAcitivyTypeIconId type=2 inout=0 subscription0
01-01 19:52:47.049 I/CTMSimSignalCluster(  605): SetMobileDataIndicators MNoSimIconVisiable 0=true
01-01 19:52:47.049 I/twfx    (  605): data activity sub= 0 refreshViews TRUE
01-01 19:52:47.049 I/CTMSimSignalCluster(  605): setMobileDataIndicators subscription=0
01-01 19:52:47.049 I/CTMSimSignalCluster(  605): setMobileDataIndicators strengthIcon 0=com.android.systemui:drawable/stat_sys_signal_null
01-01 19:52:47.049 I/CTMSimSignalCluster(  605): setMobileDataIndicators visible=true
01-01 19:52:47.059 I/CTMSimSignalCluster(  605): setMobileDataIndicators simServiceState=1 home null null 00000  Unknown CSS not supported 0 0 mDataState=1 RoamInd=1 DefRoamInd=1 EmergOnly=false
01-01 19:52:47.059 I/CTMSimSignalCluster(  605): setMobileDataIndicators isRoam=false
01-01 19:52:47.059 I/CTMSimSignalCluster(  605): setMobileDataIndicators dataConnect=false
01-01 19:52:47.059 I/CTMSimSignalCluster(  605): voice radio technology is0 isGSM = false isRoam= false
01-01 19:52:47.059 I/CTMSimSignalCluster(  605): voice radio technology is0 isGSM = false isRoam= false
01-01 19:52:47.059 I/CTMSimSignalCluster(  605): setMobileDataIndicators mMobileStrengthId[0]=com.android.systemui:drawable/stat_sys_signal_cdma_null mMobileStrengthId[1]=com.android.systemui:drawable/stat_sys_signal_cdma_null
01-01 19:52:47.059 I/CTMSimSignalCluster(  605): getAcitivyTypeIconId type=2 inout=0 subscription0
01-01 19:52:47.059 I/CTMSimSignalCluster(  605): SetMobileDataIndicators MNoSimIconVisiable 0=true
01-01 19:52:47.059 I/twfx    (  605): data activity sub= 0 refreshViews OVER ALMOST
01-01 19:52:47.059 I/twfx    (  605): data activity sub= 0 refreshViews last activity mLastDataDirectionOverlayIconId=2130838071 true sub=0
01-01 19:52:47.119 D/dalvikvm(  518): WAIT_FOR_CONCURRENT_GC blocked 0ms
01-01 19:52:47.209 D/dalvikvm(  518): GC_EXPLICIT freed 113K, 49% free 13020K/25351K, paused 4ms+8ms, total 88ms
01-01 19:52:47.629 D/dalvikvm(  518): WAIT_FOR_CONCURRENT_GC blocked 0ms
01-01 19:52:47.719 D/dalvikvm(  518): GC_EXPLICIT freed 112K, 49% free 13021K/25351K, paused 4ms+7ms, total 88ms
01-01 19:52:47.779 D/dalvikvm(  652): GC_CONCURRENT freed 224K, 10% free 9524K/10503K, paused 1ms+5ms, total 35ms
01-01 19:52:47.919 D/dalvikvm(  652): WAIT_FOR_CONCURRENT_GC blocked 0ms
01-01 19:52:47.989 D/dalvikvm(  652): GC_EXPLICIT freed 247K, 12% free 9345K/10503K, paused 2ms+27ms, total 76ms
01-01 19:52:48.059 I/twfx    (  605): data activity sub= 0 refreshViews
01-01 19:52:48.059 I/twfx    (  605): data activity sub= 0 refreshViews mLastDataDirectionOverlayIconIdArray[subscription]=0
