01-01 19:52:56.739 I/skpaint ( 3323): *(float*)p = 0.000000, p = 52a60a7c, end = 52a60aa0
01-01 19:52:56.739 I/skpaint ( 3323): *(float*)p = 0.000000, p = 52a60a80, end = 52a60aa0
01-01 19:52:56.739 I/skpaint ( 3323): *(float*)p = 0.000000, p = 52a60a84, end = 52a60aa0
01-01 19:52:56.739 I/skpaint ( 3323): *(float*)p = 0.000000, p = 52a60a88, end = 52a60aa0
01-01 19:52:56.749 I/skpaint ( 3323): *(float*)p = 3145212100608.000000, p = 52a60a8c, end = 52a60aa0
01-01 19:52:56.749 I/skpaint ( 3323): *(float*)p = 3160111104.000000, p = 52a60a90, end = 52a60aa0
01-01 19:52:56.749 I/skpaint ( 3323): *(float*)p = 3160111104.000000, p = 52a60a94, end = 52a60aa0
01-01 19:52:56.749 I/skpaint ( 3323): *(float*)p = 2.485368, p = 52a60a98, end = 52a60aa0
01-01 19:52:56.749 I/skpaint ( 3323): *(float*)p = 356575084544.000000, p = 52a60a9c, end = 52a60aa0
01-01 19:52:57.179 D/StateMachine(  518): handleMessage: E msg.what=131155
01-01 19:52:57.179 D/StateMachine(  518): processMsg: ConnectedState
01-01 19:52:57.179 D/WifiStateMachine(  518): ConnectedState{ what=131155 when=-3ms arg1=2 }
01-01 19:52:57.179 D/StateMachine(  518): processMsg: L2ConnectedState
01-01 19:52:57.179 D/WifiStateMachine(  518): L2ConnectedState{ what=131155 when=-8ms arg1=2 }
01-01 19:52:57.179 D/wpa_supplicant(  760): wpa_s 0x40df35a0 cmd SIGNAL_POLL
01-01 19:52:57.189 D/wpa_supplicant(  760): nl80211: survey data missing!
01-01 19:52:57.189 D/StateMachine(  518): handleMessage: X
01-01 19:52:57.189 D/dalvikvm( 3323): GC_CONCURRENT freed 617K, 29% free 10404K/14535K, paused 19ms+4ms, total 73ms
01-01 19:52:57.189 D/dalvikvm( 3323): WAIT_FOR_CONCURRENT_GC blocked 45ms
01-01 19:52:57.419 W/dalvikvm( 3323): VFY: unable to resolve static method 613: Landroid/provider/Settings$Global;.getString (Landroid/content/ContentResolver;Ljava/lang/String;)Ljava/lang/String;
01-01 19:52:57.489 D/dalvikvm(  652): GC_CONCURRENT freed 293K, 10% free 9493K/10503K, paused 12ms+4ms, total 64ms
01-01 19:52:57.499 D/dalvikvm(  518): WAIT_FOR_CONCURRENT_GC blocked 0ms
01-01 19:52:57.559 D/TilesManager( 3323): Starting TG #0, 0x50efcb90
01-01 19:52:57.639 D/dalvikvm(  518): GC_EXPLICIT freed 129K, 48% free 13249K/25351K, paused 5ms+9ms, total 140ms
01-01 19:52:57.939 D/dalvikvm( 3323): GC_CONCURRENT freed 509K, 27% free 10638K/14535K, paused 7ms+4ms, total 45ms
01-01 19:52:58.059 D/dalvikvm(  652): WAIT_FOR_CONCURRENT_GC blocked 0ms
01-01 19:52:58.089 I/twfx    (  605): data activity sub= 0 refreshViews
01-01 19:52:58.089 I/twfx    (  605): data activity sub= 0 refreshViews mLastDataDirectionOverlayIconIdArray[subscription]=2130838070
01-01 19:52:58.089 I/twfx    (  605): data activity sub= 0 refreshViews TRUE
01-01 19:52:58.099 I/CTMSimSignalCluster(  605): setMobileDataIndicators subscription=0
01-01 19:52:58.099 I/CTMSimSignalCluster(  605): setMobileDataIndicators strengthIcon 0=com.android.systemui:drawable/stat_sys_signal_null
01-01 19:52:58.099 I/CTMSimSignalCluster(  605): setMobileDataIndicators visible=true
01-01 19:52:58.099 I/CTMSimSignalCluster(  605): setMobileDataIndicators simServiceState=1 home null null 00000  Unknown CSS not supported 0 0 mDataState=1 RoamInd=1 DefRoamInd=1 EmergOnly=false
01-01 19:52:58.099 I/CTMSimSignalCluster(  605): setMobileDataIndicators isRoam=false
01-01 19:52:58.099 I/CTMSimSignalCluster(  605): setMobileDataIndicators dataConnect=false
01-01 19:52:58.099 I/CTMSimSignalCluster(  605): voice radio technology is0 isGSM = false isRoam= false
01-01 19:52:58.099 I/CTMSimSignalCluster(  605): voice radio technology is0 isGSM = false isRoam= false
01-01 19:52:58.099 I/CTMSimSignalCluster(  605): setMobileDataIndicators mMobileStrengthId[0]=com.android.systemui:drawable/stat_sys_signal_cdma_null mMobileStrengthId[1]=com.android.systemui:drawable/stat_sys_signal_cdma_null
01-01 19:52:58.099 I/CTMSimSignalCluster(  605): getAcitivyTypeIconId type=2 inout=0 subscription0
01-01 19:52:58.099 I/CTMSimSignalCluster(  605): SetMobileDataIndicators MNoSimIconVisiable 0=true
01-01 19:52:58.099 I/twfx    (  605): data activity sub= 0 refreshViews TRUE
01-01 19:52:58.099 I/CTMSimSignalCluster(  605): setMobileDataIndicators subscription=0
01-01 19:52:58.099 I/CTMSimSignalCluster(  605): setMobileDataIndicators strengthIcon 0=com.android.systemui:drawable/stat_sys_signal_null
01-01 19:52:58.099 I/CTMSimSignalCluster(  605): setMobileDataIndicators visible=true
01-01 19:52:58.099 I/CTMSimSignalCluster(  605): setMobileDataIndicators simServiceState=1 home null null 00000  Unknown CSS not supported 0 0 mDataState=1 RoamInd=1 DefRoamInd=1 EmergOnly=false
01-01 19:52:58.099 I/CTMSimSignalCluster(  605): setMobileDataIndicators isRoam=false
01-01 19:52:58.099 I/CTMSimSignalCluster(  605): setMobileDataIndicators dataConnect=false
01-01 19:52:58.099 I/CTMSimSignalCluster(  605): voice radio technology is0 isGSM = false isRoam= false
01-01 19:52:58.099 I/CTMSimSignalCluster(  605): voice radio technology is0 isGSM = false isRoam= false
01-01 19:52:58.109 I/CTMSimSignalCluster(  605): setMobileDataIndicators mMobileStrengthId[0]=com.android.systemui:drawable/stat_sys_signal_cdma_null mMobileStrengthId[1]=com.android.systemui:drawable/stat_sys_signal_cdma_null
01-01 19:52:58.109 I/CTMSimSignalCluster(  605): getAcitivyTypeIconId type=2 inout=0 subscription0
01-01 19:52:58.109 I/CTMSimSignalCluster(  605): SetMobileDataIndicators MNoSimIconVisiable 0=true
01-01 19:52:58.109 I/twfx    (  605): data activity sub= 0 refreshViews OVER ALMOST
01-01 19:52:58.109 I/twfx    (  605): data activity sub= 0 refreshViews last activity mLastDataDirectionOverlayIconId=2130838070 true sub=0
01-01 19:52:58.139 D/dalvikvm(  652): GC_EXPLICIT freed 265K, 11% free 9385K/10503K, paused 5ms+9ms, total 80ms
01-01 19:52:58.199 D/websettingsExtension( 3323): WebSettings
01-01 19:52:58.369 E/WebSettings( 3323): setUseWideViewPort()|old=true,new=false
01-01 19:52:58.769 D/dalvikvm(  518): WAIT_FOR_CONCURRENT_GC blocked 0ms
01-01 19:52:58.909 D/dalvikvm( 3323): GC_CONCURRENT freed 492K, 24% free 11083K/14535K, paused 4ms+15ms, total 97ms
01-01 19:52:58.919 W/dalvikvm( 3323): Refusing to reopen boot DEX '/system/framework/qcrilhook.jar'
01-01 19:52:58.939 D/websettingsExtension( 3323): WebSettings
01-01 19:52:59.019 D/PowerManager(  518): AlarmManager [acquire]
01-01 19:52:59.019 D/PowerManager(  766): GTALK_CONN_ALARM [acquire]
01-01 19:52:59.129 D/dalvikvm(  518): GC_EXPLICIT freed 130K, 48% free 13253K/25351K, paused 7ms+90ms, total 359ms
01-01 19:52:59.159 I/GTalkService/c(  766): [AndroidEndpoint@1111543032] connect: acct=1000000, state=CONNECTING
01-01 19:52:59.159 D/PowerManager(  766): GTALK_ASYNC_CONN_com.google.android.gsf.gtalkservice.AndroidEndpoint [acquire]
01-01 19:52:59.209 D/PowerManager(  766): GTALK_CONN_ALARM [release]
01-01 19:52:59.219 D/PowerManager(  518): AlarmManager [release]
01-01 19:52:59.989 D/PowerManager(  518): AlarmManager [acquire]
01-01 19:52:59.999 D/clock   (  605): onReceive action=android.intent.action.TIME_TICK
01-01 19:52:59.999 D/clock   (  605): updateClock time=19:53
01-01 19:53:00.019 D/dalvikvm( 3323): GC_CONCURRENT freed 718K, 22% free 11351K/14535K, paused 4ms+42ms, total 90ms
01-01 19:53:00.039 D/clock   (  605): onReceive action=android.intent.action.TIME_TICK
01-01 19:53:00.039 D/clock   (  605): updateClock time=19:53
01-01 19:53:00.189 D/StateMachine(  518): handleMessage: E msg.what=131155
01-01 19:53:00.189 D/StateMachine(  518): processMsg: ConnectedState
01-01 19:53:00.189 D/WifiStateMachine(  518): ConnectedState{ what=131155 when=-3ms arg1=2 }
01-01 19:53:00.189 D/StateMachine(  518): processMsg: L2ConnectedState
01-01 19:53:00.189 D/WifiStateMachine(  518): L2ConnectedState{ what=131155 when=-3ms arg1=2 }
01-01 19:53:00.189 D/wpa_supplicant(  760): wpa_s 0x40df35a0 cmd SIGNAL_POLL
01-01 19:53:00.189 D/wpa_supplicant(  760): nl80211: survey data missing!
01-01 19:53:00.189 D/StateMachine(  518): handleMessage: X
01-01 19:53:00.369 D/dalvikvm( 3323): GC_CONCURRENT freed 260K, 17% free 12197K/14535K, paused 21ms+23ms, total 95ms
01-01 19:53:00.469 I/Choreographer( 3323): Skipped 94 frames!  The application may be doing too much work on its main thread.
01-01 19:53:00.589 E/Trace   ( 3410): error opening trace file: No such file or directory (2)
01-01 19:53:00.639 D/dalvikvm( 3410): WAIT_FOR_CONCURRENT_GC blocked 0ms
01-01 19:53:00.709 D/dalvikvm(  518): WAIT_FOR_CONCURRENT_GC blocked 0ms
01-01 19:53:00.799 D/dalvikvm( 3323): GC_CONCURRENT freed 1108K, 14% free 12539K/14535K, paused 14ms+4ms, total 107ms
01-01 19:53:00.799 D/dalvikvm( 3410): GC_CONCURRENT freed 163K, 4% free 8191K/8519K, paused 18ms+2ms, total 66ms
01-01 19:53:00.799 D/dalvikvm( 3410): WAIT_FOR_CONCURRENT_GC blocked 27ms
01-01 19:53:00.819 D/dalvikvm( 3323): WAIT_FOR_CONCURRENT_GC blocked 28ms
01-01 19:53:00.849 D/dalvikvm(  518): GC_EXPLICIT freed 298K, 48% free 13255K/25351K, paused 9ms+22ms, total 145ms
01-01 19:53:00.869 I/ActivityThread( 3410): Pub mtt_settings: com.tencent.mtt.browser.setting.SettingsProvider
01-01 19:53:00.959 D/dalvikvm(  652): GC_CONCURRENT freed 282K, 10% free 9493K/10503K, paused 17ms+6ms, total 64ms
01-01 19:53:01.139 E/WebSettings( 3323): setUseWideViewPort()|old=true,new=false
01-01 19:53:01.149 D/websettingsExtension( 3323): WebSettings
01-01 19:53:01.169 D/PowerManager(  518): AlarmManager [release]
01-01 19:53:01.519 D/dalvikvm( 3323): GC_CONCURRENT freed 1030K, 11% free 13075K/14535K, paused 24ms+9ms, total 92ms
01-01 19:53:01.519 D/dalvikvm( 3323): WAIT_FOR_CONCURRENT_GC blocked 44ms
01-01 19:53:01.519 D/dalvikvm( 3323): WAIT_FOR_CONCURRENT_GC blocked 43ms
01-01 19:53:01.519 D/dalvikvm( 3323): WAIT_FOR_CONCURRENT_GC blocked 43ms
01-01 19:53:01.519 D/dalvikvm( 3323): WAIT_FOR_CONCURRENT_GC blocked 39ms
01-01 19:53:01.519 D/dalvikvm( 3323): WAIT_FOR_CONCURRENT_GC blocked 40ms
01-01 19:53:01.719 E/WebSettings( 3323): setUseWideViewPort()|old=true,new=false
01-01 19:53:01.779 D/dalvikvm(  652): WAIT_FOR_CONCURRENT_GC blocked 0ms
01-01 19:53:01.959 D/dalvikvm(  652): GC_EXPLICIT freed 251K, 11% free 9378K/10503K, paused 2ms+4ms, total 181ms
01-01 19:53:02.109 D/websettingsExtension( 3323): WebSettings
01-01 19:53:02.379 E/WebSettings( 3323): setUseWideViewPort()|old=true,new=false
01-01 19:53:02.549 D/dalvikvm( 3410): GC_CONCURRENT freed 229K, 5% free 8437K/8839K, paused 16ms+12ms, total 50ms
01-01 19:53:02.589 D/PowerManager( 3410): PUSH [acquire]
01-01 19:53:02.599 D/twfx    (  518): Disabled Notification sound useDefaultSound =false
01-01 19:53:02.599 D/twfx    (  518): Disabled Notification sound notification.sound =null
01-01 19:53:02.709 D/dalvikvm(  518): WAIT_FOR_CONCURRENT_GC blocked 0ms
01-01 19:53:02.809 D/PowerManager(  686): RILJ [acquire]
01-01 19:53:02.849 D/dalvikvm(  518): GC_EXPLICIT freed 255K, 48% free 13258K/25351K, paused 4ms+9ms, total 139ms
01-01 19:53:02.859 D/PowerManager(  686): RILJ [release]
01-01 19:53:03.029 D/websettingsExtension( 3323): WebSettings
01-01 19:53:03.079 D/dalvikvm( 3323): GC_CONCURRENT freed 1186K, 9% free 13695K/15047K, paused 23ms+8ms, total 91ms
01-01 19:53:03.079 D/dalvikvm( 3323): WAIT_FOR_CONCURRENT_GC blocked 39ms
01-01 19:53:03.089 D/dalvikvm( 3323): WAIT_FOR_CONCURRENT_GC blocked 47ms
01-01 19:53:03.089 D/dalvikvm( 3323): WAIT_FOR_CONCURRENT_GC blocked 49ms
01-01 19:53:03.089 D/dalvikvm( 3323): WAIT_FOR_CONCURRENT_GC blocked 45ms
01-01 19:53:03.099 D/dalvikvm( 3323): WAIT_FOR_CONCURRENT_GC blocked 50ms
01-01 19:53:03.099 D/dalvikvm( 3323): WAIT_FOR_CONCURRENT_GC blocked 50ms
01-01 19:53:03.199 D/StateMachine(  518): handleMessage: E msg.what=131155
01-01 19:53:03.199 D/StateMachine(  518): processMsg: ConnectedState
01-01 19:53:03.199 D/WifiStateMachine(  518): ConnectedState{ what=131155 when=-4ms arg1=2 }
01-01 19:53:03.199 D/StateMachine(  518): processMsg: L2ConnectedState
01-01 19:53:03.199 D/WifiStateMachine(  518): L2ConnectedState{ what=131155 when=-5ms arg1=2 }
01-01 19:53:03.199 D/wpa_supplicant(  760): wpa_s 0x40df35a0 cmd SIGNAL_POLL
01-01 19:53:03.199 D/wpa_supplicant(  760): nl80211: survey data missing!
01-01 19:53:03.199 D/StateMachine(  518): handleMessage: X
01-01 19:53:03.259 D/dalvikvm( 3410): GC_CONCURRENT freed 358K, 7% free 8508K/9095K, paused 13ms+13ms, total 80ms
01-01 19:53:03.279 E/WebSettings( 3323): setUseWideViewPort()|old=true,new=false
01-01 19:53:03.969 D/dalvikvm( 3410): GC_CONCURRENT freed 347K, 7% free 8598K/9159K, paused 13ms+17ms, total 57ms
01-01 19:53:04.229 D/websettingsExtension( 3323): WebSettings
01-01 19:53:04.249 D/dalvikvm( 3323): GC_CONCURRENT freed 2761K, 19% free 12880K/15815K, paused 21ms+22ms, total 137ms
01-01 19:53:04.589 W/beacon  ( 3323):  SpeedMonitorModule is Deprecated !
01-01 19:53:04.589 D/pb      ( 3323): CrashListener created
01-01 19:53:04.669 E/WebSettings( 3323): setUseWideViewPort()|old=true,new=false
01-01 19:53:04.899 D/dalvikvm(  518): WAIT_FOR_CONCURRENT_GC blocked 0ms
01-01 19:53:04.989 D/dalvikvm(  518): GC_EXPLICIT freed 209K, 48% free 13260K/25351K, paused 4ms+8ms, total 90ms
01-01 19:53:05.319 V/battery (  518): ACTION_BATTERY_CHANGED isbattery overheat =false
01-01 19:53:05.319 V/battery (  518): handleBatteryUpdate batteryUpdateInteresting=false
01-01 19:53:05.619 D/dalvikvm(  652): GC_CONCURRENT freed 250K, 10% free 9513K/10503K, paused 14ms+6ms, total 72ms
01-01 19:53:05.749 D/dalvikvm( 3410): GC_CONCURRENT freed 359K, 7% free 8645K/9223K, paused 891ms+2ms, total 924ms
01-01 19:53:05.859 D/dalvikvm(  652): WAIT_FOR_CONCURRENT_GC blocked 0ms
01-01 19:53:05.899 D/dalvikvm(  652): GC_EXPLICIT freed 249K, 11% free 9360K/10503K, paused 2ms+3ms, total 42ms
01-01 19:53:06.059 D/dalvikvm( 3323): GC_CONCURRENT freed 1574K, 18% free 12985K/15815K, paused 30ms+10ms, total 92ms
01-01 19:53:06.059 D/dalvikvm( 3323): WAIT_FOR_CONCURRENT_GC blocked 40ms
01-01 19:53:06.109 W/dalvikvm( 3323): No implementation found for native Lcom/tencent/feedback/eup/jni/NativeExceptionUpload;.registNativeExceptionHandler2:(Ljava/lang/String;Ljava/lang/String;II)Ljava/lang/String;
01-01 19:53:06.119 I/native_eup( 3323): Java_com_tencent_feedback_eup_jni_NativeExceptionUpload_registNativeExceptionHandler start
01-01 19:53:06.119 I/native_eup( 3323): found native exception upload!
01-01 19:53:06.119 I/native_eup( 3323): found native exception handler!
01-01 19:53:06.119 I/native_eup( 3323): regist handler start procType 1 , level 16 , tombDir:/storage/sdcard0/.tomb
01-01 19:53:06.119 I/native_eup( 3323): registSignal start
01-01 19:53:06.119 I/native_eup( 3323): registSignal end
01-01 19:53:06.119 I/native_eup( 3323): regist handler end
01-01 19:53:06.119 I/native_eup( 3323): Java_com_tencent_feedback_eup_jni_NativeExceptionUpload_registNativeExceptionHandler end
01-01 19:53:06.119 I/native_eup( 3323): NativeRQDVersion:NRQD_1.7.4.1
01-01 19:53:06.119 I/native_eup( 3323): Java_com_tencent_feedback_eup_jni_NativeExceptionUpload_enableHandler start
01-01 19:53:06.119 I/native_eup( 3323): Java_com_tencent_feedback_eup_jni_NativeExceptionUpload_enableHandler end
01-01 19:53:06.119 I/native_eup( 3323): setLogMode 5 current 4
01-01 19:53:06.149 D/dalvikvm(  518): WAIT_FOR_CONCURRENT_GC blocked 0ms
01-01 19:53:06.199 D/StateMachine(  518): handleMessage: E msg.what=131155
01-01 19:53:06.199 D/StateMachine(  518): processMsg: ConnectedState
01-01 19:53:06.199 D/WifiStateMachine(  518): ConnectedState{ what=131155 when=-3ms arg1=2 }
01-01 19:53:06.199 D/StateMachine(  518): processMsg: L2ConnectedState
01-01 19:53:06.199 D/WifiStateMachine(  518): L2ConnectedState{ what=131155 when=-4ms arg1=2 }
01-01 19:53:06.199 D/wpa_supplicant(  760): wpa_s 0x40df35a0 cmd SIGNAL_POLL
01-01 19:53:06.209 D/wpa_supplicant(  760): nl80211: survey data missing!
01-01 19:53:06.209 D/StateMachine(  518): handleMessage: X
01-01 19:53:06.239 D/dalvikvm(  518): GC_EXPLICIT freed 166K, 48% free 13262K/25351K, paused 4ms+8ms, total 90ms
01-01 19:53:06.409 E/ThermalDaemon( 1098): CPU[1] offline
01-01 19:53:07.129 D/PowerManager( 1284): WakerLock:1112358768 [acquire]
01-01 19:53:07.199 D/websettingsExtension( 3323): WebSettings
01-01 19:53:07.319 D/dalvikvm(  518): WAIT_FOR_CONCURRENT_GC blocked 0ms
01-01 19:53:07.379 D/PowerManager( 1284): WakerLock:1112358768 [release]
01-01 19:53:07.519 D/dalvikvm(  518): GC_EXPLICIT freed 142K, 48% free 13262K/25351K, paused 4ms+22ms, total 201ms
01-01 19:53:07.529 D/PowerManager( 1284): WakerLock:1112358768 [acquire]
01-01 19:53:07.699 D/PowerManager( 1284): WakerLock:1113239016 [acquire]
01-01 19:53:08.119 D/PowerManager( 1284): WakerLock:1112358768 [release]
01-01 19:53:08.139 D/PowerManager( 1284): WakerLock:1112358768 [acquire]
01-01 19:53:08.289 D/dalvikvm( 1284): GC_CONCURRENT freed 404K, 17% free 9278K/11079K, paused 22ms+6ms, total 159ms
01-01 19:53:08.349 D/PowerManager( 1284): WakerLock:1113411672 [acquire]
01-01 19:53:08.489 D/dalvikvm( 1905): GC_CONCURRENT freed 524K, 11% free 9967K/11143K, paused 10ms+5ms, total 151ms
01-01 19:53:08.649 D/dalvikvm( 3323): GC_CONCURRENT freed 1275K, 16% free 13349K/15815K, paused 27ms+28ms, total 164ms
01-01 19:53:08.839 W/beacon  ( 3323): onUserAction return false, because eventName:[DEBUG_WUP_MILESTONE] is not allowed in server strategy!
01-01 19:53:08.889 D/PowerManager(  518): AlarmManager [acquire]
01-01 19:53:08.979 D/dalvikvm(  652): GC_CONCURRENT freed 227K, 10% free 9517K/10503K, paused 59ms+78ms, total 328ms
01-01 19:53:09.049 D/PowerManager(  766): Event Log Handoff [acquire]
01-01 19:53:09.069 D/PowerManager(  518): AlarmManager [release]
01-01 19:53:09.079 D/PowerManager(  766): Event Log Service [acquire]
01-01 19:53:09.089 D/PowerManager(  766): Event Log Handoff [release]
01-01 19:53:09.109 I/EventLogService(  766): Aggregate from 1483270599597 (log), 1483269788775 (data)
01-01 19:53:09.149 D/PowerManager( 1284): WakerLock:1112358768 [release]
01-01 19:53:09.219 D/StateMachine(  518): handleMessage: E msg.what=131155
01-01 19:53:09.219 D/StateMachine(  518): processMsg: ConnectedState
01-01 19:53:09.219 D/WifiStateMachine(  518): ConnectedState{ what=131155 when=-8ms arg1=2 }
01-01 19:53:09.219 D/StateMachine(  518): processMsg: L2ConnectedState
01-01 19:53:09.219 D/WifiStateMachine(  518): L2ConnectedState{ what=131155 when=-8ms arg1=2 }
01-01 19:53:09.219 D/wpa_supplicant(  760): wpa_s 0x40df35a0 cmd SIGNAL_POLL
01-01 19:53:09.219 D/wpa_supplicant(  760): nl80211: survey data missing!
01-01 19:53:09.229 D/StateMachine(  518): handleMessage: X
01-01 19:53:09.229 E/SQLiteLog( 3323): (5) database is locked
01-01 19:53:09.239 D/StatusBar.NetworkController(  605): updateWifiState intent:Intent { act=android.net.wifi.RSSI_CHANGED flg=0x8000010 (has extras) }
01-01 19:53:09.239 D/StatusBar.NetworkController(  605): in updateWifiIcons, mWifiConnected: true, mDataAndWifiStacked: false, mWifiLevel: 2
01-01 19:53:09.239 D/StatusBar.NetworkController(  605): in updateWifiIcons, mFmcState: 0
01-01 19:53:09.239 I/twfx    (  605): data activity sub= 0 refreshViews
01-01 19:53:09.249 I/twfx    (  605): data activity sub= 0 refreshViews mLastDataDirectionOverlayIconIdArray[subscription]=2130838071
01-01 19:53:09.249 I/twfx    (  605): data activity sub= 0 refreshViews OVER ALMOST
01-01 19:53:09.359 D/PowerManager( 1284): WakerLock:1113411672 [release]
01-01 19:53:09.359 D/PowerManager( 1284): WakerLock:1113411672 [acquire]
01-01 19:53:09.379 E/SQLiteLog( 3323): (5) database is locked
01-01 19:53:09.569 D/dalvikvm(  652): WAIT_FOR_CONCURRENT_GC blocked 0ms
01-01 19:53:09.729 D/dalvikvm(  766): GC_CONCURRENT freed 276K, 6% free 8466K/8967K, paused 13ms+3ms, total 156ms
01-01 19:53:09.749 D/dalvikvm(  652): GC_EXPLICIT freed 246K, 11% free 9358K/10503K, paused 3ms+4ms, total 175ms
01-01 19:53:09.849 D/AlarmManager(  766): RTC_WAKEUP interv = 1800000 ms
01-01 19:53:09.849 D/PowerManager(  766): Event Log Service [release]
01-01 19:53:09.959 D/dalvikvm( 3323): GC_CONCURRENT freed 1790K, 16% free 13310K/15815K, paused 23ms+16ms, total 115ms
01-01 19:53:10.059 W/beacon  ( 3323): onUserAction return false, because eventName:[DEBUG_WUP_MILESTONE] is not allowed in server strategy!
01-01 19:53:10.309 D/dalvikvm(  518): WAIT_FOR_CONCURRENT_GC blocked 0ms
01-01 19:53:10.359 D/PowerManager( 1284): WakerLock:1113411672 [release]
01-01 19:53:10.369 W/beacon  ( 3323): onUserAction return false, because eventName:[DEBUG_WUP_MILESTONE] is not allowed in server strategy!
01-01 19:53:10.449 D/dalvikvm(  518): GC_EXPLICIT freed 419K, 48% free 13266K/25351K, paused 4ms+8ms, total 146ms
01-01 19:53:10.459 D/PowerManager( 1284): WakerLock:1113411672 [acquire]
01-01 19:53:10.579 D/PowerManager( 1284): WakerLock:1113411672 [release]
01-01 19:53:10.589 D/PowerManager( 1284): WakerLock:1113411672 [acquire]
01-01 19:53:10.729 D/rqdp{ RDMUUID }:%s( 3323): 587cda54-5768-48d3-bdc2-8be7bbe0348f
01-01 19:53:10.759 D/PowerManager( 1284): WakerLock:1113411672 [release]
01-01 19:53:10.769 D/PowerManager( 1284): WakerLock:1113411672 [acquire]
01-01 19:53:10.969 W/beacon  ( 3323): onUserAction return false, because eventName:[DEBUG_WUP_MILESTONE] is not allowed in server strategy!
01-01 19:53:10.999 W/beacon  ( 3323): onUserAction return false, because eventName:[DEBUG_WUP_MILESTONE] is not allowed in server strategy!
01-01 19:53:11.129 D/PowerManager( 3410): PUSH [release]
01-01 19:53:11.129 D/PowerManager( 3410): PUSH [acquire]
01-01 19:53:11.159 D/PowerManager( 3410): PUSH [release]
01-01 19:53:11.159 D/PowerManager( 3410): PUSH [acquire]
01-01 19:53:11.159 D/dalvikvm( 3323): GC_CONCURRENT freed 1872K, 17% free 13262K/15815K, paused 23ms+9ms, total 117ms
01-01 19:53:11.159 D/dalvikvm( 3323): WAIT_FOR_CONCURRENT_GC blocked 65ms
01-01 19:53:11.159 D/dalvikvm( 3323): WAIT_FOR_CONCURRENT_GC blocked 62ms
01-01 19:53:11.169 D/dalvikvm( 3323): WAIT_FOR_CONCURRENT_GC blocked 44ms
01-01 19:53:11.169 D/dalvikvm( 3323): WAIT_FOR_CONCURRENT_GC blocked 66ms
01-01 19:53:11.179 D/dalvikvm( 3323): WAIT_FOR_CONCURRENT_GC blocked 69ms
01-01 19:53:11.179 D/PowerManager( 3410): PUSH [release]
01-01 19:53:11.199 D/dalvikvm( 3323): WAIT_FOR_CONCURRENT_GC blocked 0ms
01-01 19:53:11.199 D/PowerManager( 3410): PUSH [acquire]
01-01 19:53:11.349 D/dalvikvm( 3323): GC_EXPLICIT freed 617K, 17% free 13209K/15815K, paused 16ms+27ms, total 157ms
01-01 19:53:11.469 D/PowerManager( 1284): WakerLock:1113411672 [release]
01-01 19:53:11.489 D/PowerManager( 1284): WakerLock:1113411672 [acquire]
01-01 19:53:11.509 W/beacon  ( 3323): onUserAction return false, because eventName:[DEBUG_WUP_MILESTONE] is not allowed in server strategy!
01-01 19:53:12.019 D/dalvikvm( 3410): GC_CONCURRENT freed 348K, 7% free 8715K/9287K, paused 14ms+98ms, total 397ms
01-01 19:53:12.209 D/dalvikvm( 3323): GC_CONCURRENT freed 2296K, 20% free 12703K/15815K, paused 52ms+4ms, total 199ms
01-01 19:53:12.209 D/dalvikvm( 3323): WAIT_FOR_CONCURRENT_GC blocked 81ms
01-01 19:53:12.209 D/dalvikvm( 3323): WAIT_FOR_CONCURRENT_GC blocked 29ms
01-01 19:53:12.219 D/dalvikvm( 3323): WAIT_FOR_CONCURRENT_GC blocked 28ms
01-01 19:53:12.229 D/StateMachine(  518): handleMessage: E msg.what=131155
01-01 19:53:12.229 D/StateMachine(  518): processMsg: ConnectedState
01-01 19:53:12.229 D/WifiStateMachine(  518): ConnectedState{ what=131155 when=-9ms arg1=2 }
01-01 19:53:12.229 D/StateMachine(  518): processMsg: L2ConnectedState
01-01 19:53:12.229 D/WifiStateMachine(  518): L2ConnectedState{ what=131155 when=-10ms arg1=2 }
01-01 19:53:12.229 D/wpa_supplicant(  760): wpa_s 0x40df35a0 cmd SIGNAL_POLL
01-01 19:53:12.239 D/wpa_supplicant(  760): nl80211: survey data missing!
01-01 19:53:12.249 D/StateMachine(  518): handleMessage: X
01-01 19:53:12.249 D/StatusBar.NetworkController(  605): updateWifiState intent:Intent { act=android.net.wifi.RSSI_CHANGED flg=0x8000010 (has extras) }
01-01 19:53:12.249 D/StatusBar.NetworkController(  605): in updateWifiIcons, mWifiConnected: true, mDataAndWifiStacked: false, mWifiLevel: 2
01-01 19:53:12.249 D/StatusBar.NetworkController(  605): in updateWifiIcons, mFmcState: 0
01-01 19:53:12.259 I/twfx    (  605): data activity sub= 0 refreshViews
01-01 19:53:12.259 I/twfx    (  605): data activity sub= 0 refreshViews mLastDataDirectionOverlayIconIdArray[subscription]=2130838071
01-01 19:53:12.259 I/twfx    (  605): data activity sub= 0 refreshViews OVER ALMOST
01-01 19:53:12.329 D/PowerManager( 3410): PUSH [release]
01-01 19:53:12.369 D/PowerManager( 3410): PUSH [acquire]
01-01 19:53:12.499 D/PowerManager( 1284): WakerLock:1113411672 [release]
01-01 19:53:12.509 D/PowerManager( 3410): PUSH [release]
01-01 19:53:12.519 D/PowerManager( 1284): WakerLock:1113411672 [acquire]
01-01 19:53:12.519 D/PowerManager( 3410): PUSH [acquire]
01-01 19:53:12.529 D/PowerManager( 3410): PUSH [release]
01-01 19:53:12.749 D/dalvikvm( 3323): GC_CONCURRENT freed 1558K, 20% free 12767K/15815K, paused 24ms+6ms, total 82ms
01-01 19:53:12.749 D/dalvikvm( 3323): WAIT_FOR_CONCURRENT_GC blocked 48ms
01-01 19:53:12.749 D/dalvikvm( 3323): WAIT_FOR_CONCURRENT_GC blocked 47ms
01-01 19:53:12.749 D/dalvikvm( 3323): WAIT_FOR_CONCURRENT_GC blocked 24ms
01-01 19:53:12.749 D/dalvikvm( 3323): WAIT_FOR_CONCURRENT_GC blocked 36ms
01-01 19:53:12.869 D/PowerManager(  686): RILJ [acquire]
01-01 19:53:12.869 D/PowerManager(  686): RILJ [release]
01-01 19:53:12.949 W/System.err( 3323): java.net.SocketTimeoutException: failed to connect to vpic.video.qq.com/180.153.105.166 (port 443) after 10000ms
01-01 19:53:12.949 W/System.err( 3323): java.net.SocketTimeoutException: failed to connect to vpic.video.qq.com/180.153.105.166 (port 443) after 10000ms
01-01 19:53:12.959 W/System.err( 3323): 	at 	at libcore.io.IoBridge.connectErrno(IoBridge.java:159)
01-01 19:53:12.959 W/System.err( 3323): 	at libcore.io.IoBridge.connect(IoBridge.java:112)
01-01 19:53:12.959 W/System.err( 3323): 	at libcore.io.IoBridge.connectErrno(IoBridge.java:159)
01-01 19:53:12.959 W/System.err( 3323): 	at libcore.io.IoBridge.connect(IoBridge.java:112)
01-01 19:53:12.959 W/System.err( 3323): 	at java.net.PlainSocketImpl.connect(PlainSocketImpl.java:192)
01-01 19:53:12.959 W/System.err( 3323): 	at java.net.PlainSocketImpl.connect(PlainSocketImpl.java:460)
01-01 19:53:12.959 W/System.err( 3323): 	at java.net.Socket.connect(Socket.java:832)
01-01 19:53:12.959 W/System.err( 3323): 	at com.tencent.smtt.net.http.z.a(Unknown Source)
01-01 19:53:12.959 W/System.err( 3323): 	at com.tencent.smtt.net.http.e.a(Unknown Source)
01-01 19:53:12.959 W/System.err( 3323): 	at com.tencent.smtt.net.http.e.a(Unknown Source)
01-01 19:53:12.959 W/System.err( 3323): 	at com.tencent.smtt.net.http.l.run(Unknown Source)
01-01 19:53:12.969 W/System.err( 3323): java.net.PlainSocketImpl.connect(PlainSocketImpl.java:192)
01-01 19:53:12.969 W/System.err( 3323): 	at java.net.PlainSocketImpl.connect(PlainSocketImpl.java:460)
01-01 19:53:12.969 W/System.err( 3323): 	at java.net.Socket.connect(Socket.java:832)
01-01 19:53:12.969 W/System.err( 3323): 	at com.tencent.smtt.net.http.z.a(Unknown Source)
01-01 19:53:12.969 W/System.err( 3323): 	at com.tencent.smtt.net.http.e.a(Unknown Source)
01-01 19:53:12.969 W/System.err( 3323): 	at com.tencent.smtt.net.http.e.a(Unknown Source)
01-01 19:53:12.979 W/System.err( 3323): 	at com.tencent.smtt.net.http.l.run(Unknown Source)
01-01 19:53:13.109 D/dalvikvm( 3323): GC_CONCURRENT freed 1615K, 20% free 12796K/15815K, paused 37ms+4ms, total 112ms
01-01 19:53:13.109 D/dalvikvm( 3323): WAIT_FOR_CONCURRENT_GC blocked 61ms
01-01 19:53:13.119 D/dalvikvm( 3323): WAIT_FOR_CONCURRENT_GC blocked 56ms
01-01 19:53:13.319 D/dalvikvm(  518): WAIT_FOR_CONCURRENT_GC blocked 0ms
01-01 19:53:13.479 D/dalvikvm(  518): GC_EXPLICIT freed 608K, 48% free 13257K/25351K, paused 15ms+10ms, total 160ms
01-01 19:53:13.519 D/PowerManager( 1284): WakerLock:1113411672 [release]
01-01 19:53:13.529 D/PowerManager( 1284): WakerLock:1113411672 [acquire]
01-01 19:53:13.719 D/dalvikvm( 3323): GC_CONCURRENT freed 1645K, 20% free 12803K/15815K, paused 166ms+6ms, total 275ms
01-01 19:53:13.719 D/dalvikvm( 3323): WAIT_FOR_CONCURRENT_GC blocked 93ms
01-01 19:53:13.729 D/dalvikvm( 3323): WAIT_FOR_CONCURRENT_GC blocked 79ms
01-01 19:53:13.729 D/dalvikvm( 3323): WAIT_FOR_CONCURRENT_GC blocked 98ms
01-01 19:53:13.729 D/dalvikvm( 3323): WAIT_FOR_CONCURRENT_GC blocked 99ms
01-01 19:53:13.999 D/dalvikvm( 3410): GC_CONCURRENT freed 410K, 7% free 8717K/9351K, paused 2ms+3ms, total 50ms
01-01 19:53:14.009 D/PowerManager( 3410): PUSH [acquire]
01-01 19:53:14.189 D/dalvikvm(  652): GC_CONCURRENT freed 222K, 10% free 9520K/10503K, paused 20ms+5ms, total 66ms
01-01 19:53:14.199 D/dalvikvm( 3323): GC_CONCURRENT freed 1630K, 19% free 12828K/15815K, paused 34ms+5ms, total 94ms
01-01 19:53:14.199 D/dalvikvm( 3323): WAIT_FOR_CONCURRENT_GC blocked 60ms
01-01 19:53:14.199 D/dalvikvm( 3323): WAIT_FOR_CONCURRENT_GC blocked 62ms
01-01 19:53:14.199 D/dalvikvm( 3323): WAIT_FOR_CONCURRENT_GC blocked 59ms
01-01 19:53:14.209 D/dalvikvm( 3323): WAIT_FOR_CONCURRENT_GC blocked 70ms
01-01 19:53:14.219 D/dalvikvm( 3323): WAIT_FOR_CONCURRENT_GC blocked 68ms
01-01 19:53:14.539 D/PowerManager( 1284): WakerLock:1113411672 [release]
01-01 19:53:14.539 D/PowerManager( 1284): WakerLock:1113411672 [acquire]
01-01 19:53:14.589 D/dalvikvm(  652): WAIT_FOR_CONCURRENT_GC blocked 0ms
01-01 19:53:14.619 D/dalvikvm( 3323): GC_CONCURRENT freed 1658K, 19% free 12841K/15815K, paused 28ms+4ms, total 138ms
01-01 19:53:14.619 D/dalvikvm( 3323): WAIT_FOR_CONCURRENT_GC blocked 95ms
01-01 19:53:14.619 D/dalvikvm( 3323): WAIT_FOR_CONCURRENT_GC blocked 74ms
01-01 19:53:14.639 D/dalvikvm(  652): GC_EXPLICIT freed 244K, 11% free 9355K/10503K, paused 2ms+4ms, total 52ms
01-01 19:53:14.889 D/dalvikvm(  518): WAIT_FOR_CONCURRENT_GC blocked 0ms
01-01 19:53:14.959 D/dalvikvm( 3323): GC_CONCURRENT freed 1666K, 19% free 12841K/15815K, paused 30ms+4ms, total 83ms
01-01 19:53:14.959 D/dalvikvm( 3323): WAIT_FOR_CONCURRENT_GC blocked 43ms
01-01 19:53:14.959 D/dalvikvm( 3323): WAIT_FOR_CONCURRENT_GC blocked 45ms
01-01 19:53:14.969 D/dalvikvm( 3323): WAIT_FOR_CONCURRENT_GC blocked 50ms
01-01 19:53:14.969 D/dalvikvm( 3323): WAIT_FOR_CONCURRENT_GC blocked 58ms
01-01 19:53:15.029 D/dalvikvm( 3323): WAIT_FOR_CONCURRENT_GC blocked 109ms
01-01 19:53:15.139 D/dalvikvm(  518): GC_EXPLICIT freed 185K, 48% free 13252K/25351K, paused 3ms+29ms, total 252ms
01-01 19:53:15.249 D/StateMachine(  518): handleMessage: E msg.what=131155
01-01 19:53:15.249 D/StateMachine(  518): processMsg: ConnectedState
01-01 19:53:15.249 D/WifiStateMachine(  518): ConnectedState{ what=131155 when=-4ms arg1=2 }
01-01 19:53:15.249 D/StateMachine(  518): processMsg: L2ConnectedState
01-01 19:53:15.249 D/WifiStateMachine(  518): L2ConnectedState{ what=131155 when=-4ms arg1=2 }
01-01 19:53:15.249 D/wpa_supplicant(  760): wpa_s 0x40df35a0 cmd SIGNAL_POLL
01-01 19:53:15.249 D/wpa_supplicant(  760): nl80211: survey data missing!
01-01 19:53:15.259 D/StateMachine(  518): handleMessage: X
01-01 19:53:15.289 D/dalvikvm( 3323): GC_CONCURRENT freed 1666K, 19% free 12843K/15815K, paused 27ms+5ms, total 99ms
01-01 19:53:15.289 D/dalvikvm( 3323): WAIT_FOR_CONCURRENT_GC blocked 60ms
01-01 19:53:15.299 D/dalvikvm( 3323): WAIT_FOR_CONCURRENT_GC blocked 66ms
01-01 19:53:15.309 D/dalvikvm( 3323): WAIT_FOR_CONCURRENT_GC blocked 72ms
01-01 19:53:15.309 D/dalvikvm( 3323): WAIT_FOR_CONCURRENT_GC blocked 62ms
01-01 19:53:15.309 D/dalvikvm( 3323): WAIT_FOR_CONCURRENT_GC blocked 74ms
01-01 19:53:15.559 D/PowerManager( 1284): WakerLock:1113411672 [release]
01-01 19:53:15.569 D/PowerManager( 1284): WakerLock:1113411672 [acquire]
01-01 19:53:15.609 D/dalvikvm( 3323): GC_CONCURRENT freed 1655K, 19% free 12856K/15815K, paused 17ms+5ms, total 79ms
01-01 19:53:15.609 D/dalvikvm( 3323): WAIT_FOR_CONCURRENT_GC blocked 45ms
01-01 19:53:15.609 D/dalvikvm( 3323): WAIT_FOR_CONCURRENT_GC blocked 45ms
01-01 19:53:15.609 D/dalvikvm( 3323): WAIT_FOR_CONCURRENT_GC blocked 45ms
01-01 19:53:16.019 D/dalvikvm(  518): WAIT_FOR_CONCURRENT_GC blocked 0ms
01-01 19:53:16.159 D/dalvikvm(  518): GC_EXPLICIT freed 120K, 48% free 13252K/25351K, paused 4ms+37ms, total 134ms
01-01 19:53:16.599 D/PowerManager( 1284): WakerLock:1113411672 [release]
01-01 19:53:16.609 D/PowerManager( 1284): WakerLock:1113411672 [acquire]
01-01 19:53:16.749 D/PowerManager( 1284): WakerLock:1113411672 [release]
01-01 19:53:16.749 D/PowerManager( 1284): WakerLock:1113411672 [acquire]
01-01 19:53:16.889 D/dalvikvm(  652): GC_CONCURRENT freed 221K, 10% free 9522K/10503K, paused 12ms+6ms, total 42ms
01-01 19:53:17.039 E/ThermalDaemon( 1098): CPU[1] offline
01-01 19:53:17.379 D/AppActive( 1996): 1/CORE now 1483271597378
01-01 19:53:17.399 D/PowerManager( 1284): WakerLock:1113411672 [release]
01-01 19:53:17.619 D/PowerManager( 1284): WakerLock:1113411672 [acquire]
01-01 19:53:17.709 D/PowerManager( 1284): WakerLock:1113239016 [release]
01-01 19:53:17.729 E/memalloc(  138): ION_IOC_ALLOC failed with error - Out of memory
01-01 19:53:17.729 W/memalloc(  138): Falling back to system heap
01-01 19:53:17.829 D/dalvikvm(  652): WAIT_FOR_CONCURRENT_GC blocked 0ms
01-01 19:53:17.879 D/dalvikvm(  652): GC_EXPLICIT freed 245K, 11% free 9355K/10503K, paused 3ms+6ms, total 50ms
01-01 19:53:17.899 D/dalvikvm(  518): WAIT_FOR_CONCURRENT_GC blocked 0ms
01-01 19:53:18.019 D/dalvikvm(  518): GC_EXPLICIT freed 156K, 48% free 13258K/25351K, paused 5ms+14ms, total 124ms
01-01 19:53:18.129 D/PowerManager( 1284): WakerLock:1113411672 [release]
01-01 19:53:18.259 D/StateMachine(  518): handleMessage: E msg.what=131155
01-01 19:53:18.259 D/StateMachine(  518): processMsg: ConnectedState
01-01 19:53:18.259 D/WifiStateMachine(  518): ConnectedState{ what=131155 when=-5ms arg1=2 }
01-01 19:53:18.259 D/StateMachine(  518): processMsg: L2ConnectedState
01-01 19:53:18.259 D/WifiStateMachine(  518): L2ConnectedState{ what=131155 when=-7ms arg1=2 }
01-01 19:53:18.259 D/wpa_supplicant(  760): wpa_s 0x40df35a0 cmd SIGNAL_POLL
01-01 19:53:18.269 D/wpa_supplicant(  760): nl80211: survey data missing!
01-01 19:53:18.269 D/StateMachine(  518): handleMessage: X
01-01 19:53:18.269 D/StatusBar.NetworkController(  605): updateWifiState intent:Intent { act=android.net.wifi.RSSI_CHANGED flg=0x8000010 (has extras) }
01-01 19:53:18.269 D/StatusBar.NetworkController(  605): in updateWifiIcons, mWifiConnected: true, mDataAndWifiStacked: false, mWifiLevel: 2
01-01 19:53:18.269 D/StatusBar.NetworkController(  605): in updateWifiIcons, mFmcState: 0
01-01 19:53:18.269 I/twfx    (  605): data activity sub= 0 refreshViews
01-01 19:53:18.269 I/twfx    (  605): data activity sub= 0 refreshViews mLastDataDirectionOverlayIconIdArray[subscription]=2130838071
01-01 19:53:18.269 I/twfx    (  605): data activity sub= 0 refreshViews OVER ALMOST
01-01 19:53:18.419 D/dalvikvm(  518): WAIT_FOR_CONCURRENT_GC blocked 0ms
01-01 19:53:18.509 D/dalvikvm(  518): GC_EXPLICIT freed 213K, 48% free 13258K/25351K, paused 3ms+9ms, total 85ms
01-01 19:53:18.769 D/dalvikvm(  652): GC_CONCURRENT freed 217K, 10% free 9521K/10503K, paused 22ms+9ms, total 59ms
01-01 19:53:18.839 E/memalloc(  138): ION_IOC_ALLOC failed with error - Out of memory
01-01 19:53:18.839 W/memalloc(  138): Falling back to system heap
01-01 19:53:18.859 E/memalloc(  138): ION_IOC_ALLOC failed with error - Out of memory
01-01 19:53:18.859 W/memalloc(  138): Falling back to system heap
01-01 19:53:19.079 D/dalvikvm(  652): WAIT_FOR_CONCURRENT_GC blocked 0ms
01-01 19:53:19.089 D/dalvikvm( 3323): WAIT_FOR_CONCURRENT_GC blocked 0ms
01-01 19:53:19.149 D/dalvikvm(  652): GC_EXPLICIT freed 246K, 11% free 9356K/10503K, paused 3ms+3ms, total 69ms
01-01 19:53:19.169 D/dalvikvm(  518): WAIT_FOR_CONCURRENT_GC blocked 0ms
01-01 19:53:19.179 D/dalvikvm( 3323): GC_EXPLICIT freed 1600K, 20% free 12701K/15815K, paused 6ms+6ms, total 84ms
01-01 19:53:19.259 D/dalvikvm(  518): GC_EXPLICIT freed 113K, 48% free 13256K/25351K, paused 3ms+8ms, total 92ms
01-01 19:53:19.619 D/dalvikvm(  518): WAIT_FOR_CONCURRENT_GC blocked 0ms
01-01 19:53:19.709 D/dalvikvm(  518): GC_EXPLICIT freed 113K, 48% free 13255K/25351K, paused 3ms+7ms, total 84ms
01-01 19:53:19.989 D/dalvikvm(  652): GC_CONCURRENT freed 224K, 10% free 9528K/10503K, paused 12ms+5ms, total 49ms
01-01 19:53:20.089 D/dalvikvm(  652): WAIT_FOR_CONCURRENT_GC blocked 0ms
01-01 19:53:20.129 D/dalvikvm(  652): GC_EXPLICIT freed 246K, 11% free 9350K/10503K, paused 3ms+3ms, total 39ms
01-01 19:53:20.149 D/dalvikvm(  518): WAIT_FOR_CONCURRENT_GC blocked 0ms
01-01 19:53:20.229 D/dalvikvm(  518): GC_EXPLICIT freed 110K, 48% free 13256K/25351K, paused 3ms+8ms, total 84ms
01-01 19:53:20.589 D/dalvikvm(  518): WAIT_FOR_CONCURRENT_GC blocked 0ms
01-01 19:53:20.699 D/dalvikvm(  518): GC_EXPLICIT freed 112K, 48% free 13255K/25351K, paused 3ms+9ms, total 111ms
01-01 19:53:20.979 D/dalvikvm(  652): GC_CONCURRENT freed 221K, 10% free 9531K/10503K, paused 1ms+5ms, total 41ms
01-01 19:53:21.089 D/dalvikvm(  652): WAIT_FOR_CONCURRENT_GC blocked 0ms
01-01 19:53:21.129 D/dalvikvm(  652): GC_EXPLICIT freed 247K, 12% free 9348K/10503K, paused 2ms+2ms, total 40ms
01-01 19:53:21.139 D/dalvikvm(  518): WAIT_FOR_CONCURRENT_GC blocked 0ms
01-01 19:53:21.229 D/dalvikvm(  518): GC_EXPLICIT freed 110K, 48% free 13256K/25351K, paused 4ms+8ms, total 91ms
01-01 19:53:21.269 D/StateMachine(  518): handleMessage: E msg.what=131155
01-01 19:53:21.269 D/StateMachine(  518): processMsg: ConnectedState
01-01 19:53:21.269 D/WifiStateMachine(  518): ConnectedState{ what=131155 when=-4ms arg1=2 }
01-01 19:53:21.269 D/StateMachine(  518): processMsg: L2ConnectedState
01-01 19:53:21.269 D/WifiStateMachine(  518): L2ConnectedState{ what=131155 when=-6ms arg1=2 }
01-01 19:53:21.279 D/wpa_supplicant(  760): wpa_s 0x40df35a0 cmd SIGNAL_POLL
01-01 19:53:21.279 D/wpa_supplicant(  760): nl80211: survey data missing!
01-01 19:53:21.279 D/StateMachine(  518): handleMessage: X
01-01 19:53:21.279 D/StatusBar.NetworkController(  605): updateWifiState intent:Intent { act=android.net.wifi.RSSI_CHANGED flg=0x8000010 (has extras) }
01-01 19:53:21.279 D/StatusBar.NetworkController(  605): in updateWifiIcons, mWifiConnected: true, mDataAndWifiStacked: false, mWifiLevel: 2
01-01 19:53:21.279 D/StatusBar.NetworkController(  605): in updateWifiIcons, mFmcState: 0
01-01 19:53:21.279 I/twfx    (  605): data activity sub= 0 refreshViews
01-01 19:53:21.279 I/twfx    (  605): data activity sub= 0 refreshViews mLastDataDirectionOverlayIconIdArray[subscription]=2130838071
01-01 19:53:21.279 I/twfx    (  605): data activity sub= 0 refreshViews OVER ALMOST
01-01 19:53:21.599 D/dalvikvm(  518): WAIT_FOR_CONCURRENT_GC blocked 0ms
01-01 19:53:21.679 D/dalvikvm(  518): GC_EXPLICIT freed 118K, 48% free 13256K/25351K, paused 3ms+8ms, total 85ms
01-01 19:53:21.969 D/dalvikvm(  652): GC_CONCURRENT freed 214K, 10% free 9526K/10503K, paused 12ms+5ms, total 50ms
01-01 19:53:22.089 D/dalvikvm(  652): WAIT_FOR_CONCURRENT_GC blocked 0ms
01-01 19:53:22.129 D/dalvikvm(  652): GC_EXPLICIT freed 247K, 11% free 9352K/10503K, paused 2ms+3ms, total 40ms
01-01 19:53:22.139 D/dalvikvm(  518): WAIT_FOR_CONCURRENT_GC blocked 0ms
01-01 19:53:22.159 E/ThermalDaemon( 1098): CPU[1] offline
01-01 19:53:22.259 D/dalvikvm(  518): GC_EXPLICIT freed 113K, 48% free 13256K/25351K, paused 4ms+7ms, total 119ms
01-01 19:53:22.659 D/dalvikvm(  518): WAIT_FOR_CONCURRENT_GC blocked 0ms
01-01 19:53:22.759 D/dalvikvm(  518): GC_EXPLICIT freed 113K, 48% free 13255K/25351K, paused 3ms+7ms, total 103ms
01-01 19:53:22.879 D/PowerManager(  686): RILJ [acquire]
01-01 19:53:22.879 D/PowerManager(  686): RILJ [release]
01-01 19:53:23.069 D/dalvikvm(  652): GC_CONCURRENT freed 216K, 10% free 9522K/10503K, paused 12ms+5ms, total 55ms
01-01 19:53:23.199 D/dalvikvm(  652): WAIT_FOR_CONCURRENT_GC blocked 0ms
01-01 19:53:23.249 D/dalvikvm(  652): GC_EXPLICIT freed 246K, 11% free 9356K/10503K, paused 3ms+3ms, total 45ms
01-01 19:53:23.259 D/dalvikvm(  518): WAIT_FOR_CONCURRENT_GC blocked 0ms
01-01 19:53:23.359 D/dalvikvm(  518): GC_EXPLICIT freed 109K, 48% free 13255K/25351K, paused 3ms+8ms, total 103ms
01-01 19:53:24.089 D/dalvikvm(  518): WAIT_FOR_CONCURRENT_GC blocked 0ms
01-01 19:53:24.109 E/ThermalDaemon( 1098): CPU[1] offline
01-01 19:53:24.199 D/dalvikvm(  518): GC_EXPLICIT freed 115K, 48% free 13256K/25351K, paused 4ms+12ms, total 110ms
01-01 19:53:24.279 D/StateMachine(  518): handleMessage: E msg.what=131155
01-01 19:53:24.279 D/StateMachine(  518): processMsg: ConnectedState
01-01 19:53:24.279 D/WifiStateMachine(  518): ConnectedState{ what=131155 when=-3ms arg1=2 }
01-01 19:53:24.279 D/StateMachine(  518): processMsg: L2ConnectedState
01-01 19:53:24.279 D/WifiStateMachine(  518): L2ConnectedState{ what=131155 when=-4ms arg1=2 }
01-01 19:53:24.279 D/wpa_supplicant(  760): wpa_s 0x40df35a0 cmd SIGNAL_POLL
01-01 19:53:24.289 D/wpa_supplicant(  760): nl80211: survey data missing!
01-01 19:53:24.289 D/StateMachine(  518): handleMessage: X
01-01 19:53:24.509 D/dalvikvm(  652): GC_CONCURRENT freed 219K, 10% free 9522K/10503K, paused 12ms+5ms, total 51ms
01-01 19:53:24.609 W/System.err( 3323): java.net.SocketTimeoutException: failed to connect to vpic.video.qq.com/180.153.105.166 (port 443) after 10000ms
01-01 19:53:24.609 W/System.err( 3323): 	at libcore.io.IoBridge.connectErrno(IoBridge.java:159)
01-01 19:53:24.609 W/System.err( 3323): 	at libcore.io.IoBridge.connect(IoBridge.java:112)
01-01 19:53:24.609 W/System.err( 3323): 	at java.net.PlainSocketImpl.connect(PlainSocketImpl.java:192)
01-01 19:53:24.609 W/System.err( 3323): 	at java.net.PlainSocketImpl.connect(PlainSocketImpl.java:460)
01-01 19:53:24.609 W/System.err( 3323): 	at java.net.Socket.connect(Socket.java:832)
01-01 19:53:24.609 W/System.err( 3323): 	at com.tencent.smtt.net.http.z.a(Unknown Source)
01-01 19:53:24.609 W/System.err( 3323): 	at com.tencent.smtt.net.http.e.a(Unknown Source)
01-01 19:53:24.609 W/System.err( 3323): 	at com.tencent.smtt.net.http.e.a(Unknown Source)
01-01 19:53:24.609 W/System.err( 3323): 	at com.tencent.smtt.net.http.l.run(Unknown Source)
01-01 19:53:24.659 W/System.err( 3323): java.net.SocketTimeoutException: failed to connect to vpic.video.qq.com/180.153.105.166 (port 443) after 10000ms
01-01 19:53:24.659 W/System.err( 3323): 	at libcore.io.IoBridge.connectErrno(IoBridge.java:159)
01-01 19:53:24.659 W/System.err( 3323): 	at libcore.io.IoBridge.connect(IoBridge.java:112)
01-01 19:53:24.659 W/System.err( 3323): 	at java.net.PlainSocketImpl.connect(PlainSocketImpl.java:192)
01-01 19:53:24.659 W/System.err( 3323): 	at java.net.PlainSocketImpl.connect(PlainSocketImpl.java:460)
01-01 19:53:24.659 W/System.err( 3323): 	at java.net.Socket.connect(Socket.java:832)
01-01 19:53:24.659 W/System.err( 3323): 	at com.tencent.smtt.net.http.z.a(Unknown Source)
01-01 19:53:24.659 W/System.err( 3323): 	at com.tencent.smtt.net.http.e.a(Unknown Source)
01-01 19:53:24.659 W/System.err( 3323): 	at com.tencent.smtt.net.http.e.a(Unknown Source)
01-01 19:53:24.659 W/System.err( 3323): 	at com.tencent.smtt.net.http.l.run(Unknown Source)
01-01 19:53:24.659 D/dalvikvm(  652): WAIT_FOR_CONCURRENT_GC blocked 0ms
01-01 19:53:24.709 D/dalvikvm(  652): GC_EXPLICIT freed 246K, 11% free 9356K/10503K, paused 2ms+7ms, total 47ms
01-01 19:53:24.719 D/dalvikvm(  518): WAIT_FOR_CONCURRENT_GC blocked 0ms
01-01 19:53:24.829 D/dalvikvm(  518): GC_EXPLICIT freed 116K, 48% free 13255K/25351K, paused 3ms+11ms, total 105ms
01-01 19:53:25.209 D/dalvikvm(  518): WAIT_FOR_CONCURRENT_GC blocked 0ms
01-01 19:53:25.259 V/battery (  518): ACTION_BATTERY_CHANGED isbattery overheat =false
01-01 19:53:25.259 V/battery (  518): handleBatteryUpdate batteryUpdateInteresting=true
01-01 19:53:25.339 D/dalvikvm(  518): GC_EXPLICIT freed 127K, 48% free 13258K/25351K, paused 3ms+8ms, total 121ms
01-01 19:53:25.639 D/dalvikvm(  652): GC_CONCURRENT freed 219K, 10% free 9522K/10503K, paused 12ms+5ms, total 56ms
01-01 19:53:25.769 D/dalvikvm(  652): WAIT_FOR_CONCURRENT_GC blocked 0ms
01-01 19:53:25.819 D/dalvikvm(  652): GC_EXPLICIT freed 246K, 11% free 9356K/10503K, paused 3ms+7ms, total 48ms
01-01 19:53:25.829 D/dalvikvm(  518): WAIT_FOR_CONCURRENT_GC blocked 0ms
01-01 19:53:25.939 D/dalvikvm(  518): GC_EXPLICIT freed 115K, 48% free 13257K/25351K, paused 4ms+8ms, total 114ms
01-01 19:53:26.199 D/PowerManager( 1284): WakerLock:1111806200 [acquire]
01-01 19:53:26.209 I/twfx    (  605): data activity sub= 0 refreshViews
01-01 19:53:26.209 I/twfx    (  605): data activity sub= 0 refreshViews mLastDataDirectionOverlayIconIdArray[subscription]=2130838071
01-01 19:53:26.209 I/twfx    (  605): data activity sub= 0 refreshViews TRUE
01-01 19:53:26.209 D/PowerManager( 1284): WakerLock:1112421328 [acquire]
01-01 19:53:26.209 D/PowerManager( 1284): WakerLock:1113239016 [acquire]
01-01 19:53:26.219 I/CTMSimSignalCluster(  605): setMobileDataIndicators subscription=0
01-01 19:53:26.219 I/CTMSimSignalCluster(  605): setMobileDataIndicators strengthIcon 0=com.android.systemui:drawable/stat_sys_signal_null
01-01 19:53:26.219 I/CTMSimSignalCluster(  605): setMobileDataIndicators visible=true
01-01 19:53:26.219 I/CTMSimSignalCluster(  605): setMobileDataIndicators simServiceState=1 home null null 00000  Unknown CSS not supported 0 0 mDataState=1 RoamInd=1 DefRoamInd=1 EmergOnly=false
01-01 19:53:26.229 I/CTMSimSignalCluster(  605): setMobileDataIndicators