01-18 14:23:23.420 I/CTMSimSignalCluster(  600): setMobileDataIndicators mMobileStrengthId[0]=com.android.systemui:drawable/stat_sys_signal_cdma_null mMobileStrengthId[1]=com.android.systemui:drawable/stat_sys_signal_cdma_null
01-18 14:23:23.420 I/CTMSimSignalCluster(  600): getAcitivyTypeIconId type=2 inout=0 subscription0
01-18 14:23:23.420 I/CTMSimSignalCluster(  600): SetMobileDataIndicators MNoSimIconVisiable 0=true
01-18 14:23:23.430 I/twfx    (  600): data activity sub= 0 refreshViews OVER ALMOST
01-18 14:23:23.430 I/twfx    (  600): data activity sub= 0 refreshViews last activity mLastDataDirectionOverlayIconId=0 true sub=0
01-18 14:23:23.480 D/dalvikvm(  600): GC_CONCURRENT freed 711K, 41% free 10330K/17351K, paused 17ms+4ms, total 88ms
01-18 14:23:23.850 D/StateMachine(  481): handleMessage: E msg.what=131155
01-18 14:23:23.850 D/StateMachine(  481): processMsg: ConnectedState
01-18 14:23:23.850 D/WifiStateMachine(  481): ConnectedState{ what=131155 when=-4ms arg1=6 }
01-18 14:23:23.850 D/StateMachine(  481): processMsg: L2ConnectedState
01-18 14:23:23.850 D/WifiStateMachine(  481): L2ConnectedState{ what=131155 when=-4ms arg1=6 }
01-18 14:23:23.850 D/wpa_supplicant(  771): wpa_s 0x409865a0 cmd SIGNAL_POLL
01-18 14:23:23.850 D/wpa_supplicant(  771): nl80211: survey data missing!
01-18 14:23:23.860 D/StatusBar.NetworkController(  600): updateWifiState intent:Intent { act=android.net.wifi.RSSI_CHANGED flg=0x8000010 (has extras) }
01-18 14:23:23.860 D/StatusBar.NetworkController(  600): in updateWifiIcons, mWifiConnected: true, mDataAndWifiStacked: false, mWifiLevel: 2
01-18 14:23:23.860 D/StatusBar.NetworkController(  600): lz mWifiSsid:431
01-18 14:23:23.860 D/StatusBar.NetworkController(  600): in updateWifiIcons, mFmcState: 0
01-18 14:23:23.860 I/twfx    (  600): data activity sub= 0 refreshViews
01-18 14:23:23.860 I/twfx    (  600): data activity sub= 0 refreshViews mLastDataDirectionOverlayIconIdArray[subscription]=2130838072
01-18 14:23:23.860 I/twfx    (  600): data activity sub= 0 refreshViews TRUE
01-18 14:23:23.870 D/StateMachine(  481): handleMessage: X
01-18 14:23:23.870 I/CTMSimSignalCluster(  600): setMobileDataIndicators subscription=0
01-18 14:23:23.870 I/CTMSimSignalCluster(  600): setMobileDataIndicators strengthIcon 0=com.android.systemui:drawable/stat_sys_signal_null
01-18 14:23:23.870 I/CTMSimSignalCluster(  600): setMobileDataIndicators visible=true
01-18 14:23:23.870 I/CTMSimSignalCluster(  600): setMobileDataIndicators simServiceState=1 home null null 00000  Unknown CSS not supported 0 0 mDataState=1 RoamInd=1 DefRoamInd=1 EmergOnly=false
01-18 14:23:23.870 I/CTMSimSignalCluster(  600): setMobileDataIndicators isRoam=false
01-18 14:23:23.870 I/CTMSimSignalCluster(  600): setMobileDataIndicators dataConnect=false
01-18 14:23:23.870 I/CTMSimSignalCluster(  600): voice radio technology is0 isGSM = false isRoam= false
01-18 14:23:23.870 I/CTMSimSignalCluster(  600): voice radio technology is0 isGSM = false isRoam= false
01-18 14:23:23.870 I/CTMSimSignalCluster(  600): setMobileDataIndicators mMobileStrengthId[0]=com.android.systemui:drawable/stat_sys_signal_cdma_null mMobileStrengthId[1]=com.android.systemui:drawable/stat_sys_signal_cdma_null
01-18 14:23:23.870 I/CTMSimSignalCluster(  600): getAcitivyTypeIconId type=2 inout=0 subscription0
01-18 14:23:23.870 I/CTMSimSignalCluster(  600): SetMobileDataIndicators MNoSimIconVisiable 0=true
01-18 14:23:23.880 I/twfx    (  600): data activity sub= 0 refreshViews TRUE
01-18 14:23:23.880 I/CTMSimSignalCluster(  600): setMobileDataIndicators subscription=0
01-18 14:23:23.880 I/CTMSimSignalCluster(  600): setMobileDataIndicators strengthIcon 0=com.android.systemui:drawable/stat_sys_signal_null
01-18 14:23:23.880 I/CTMSimSignalCluster(  600): setMobileDataIndicators visible=true
01-18 14:23:23.880 I/CTMSimSignalCluster(  600): setMobileDataIndicators simServiceState=1 home null null 00000  Unknown CSS not supported 0 0 mDataState=1 RoamInd=1 DefRoamInd=1 EmergOnly=false
01-18 14:23:23.880 I/CTMSimSignalCluster(  600): setMobileDataIndicators isRoam=false
01-18 14:23:23.880 I/CTMSimSignalCluster(  600): setMobileDataIndicators dataConnect=false
01-18 14:23:23.880 I/CTMSimSignalCluster(  600): voice radio technology is0 isGSM = false isRoam= false
01-18 14:23:23.880 I/CTMSimSignalCluster(  600): voice radio technology is0 isGSM = false isRoam= false
01-18 14:23:23.880 I/CTMSimSignalCluster(  600): setMobileDataIndicators mMobileStrengthId[0]=com.android.systemui:drawable/stat_sys_signal_cdma_null mMobileStrengthId[1]=com.android.systemui:drawable/stat_sys_signal_cdma_null
01-18 14:23:23.880 I/CTMSimSignalCluster(  600): getAcitivyTypeIconId type=2 inout=0 subscription0
01-18 14:23:23.880 I/CTMSimSignalCluster(  600): SetMobileDataIndicators MNoSimIconVisiable 0=true
01-18 14:23:23.890 I/twfx    (  600): data activity sub= 0 refreshViews OVER ALMOST
01-18 14:23:24.380 I/twfx    (  600): data activity sub= 0 refreshViews
01-18 14:23:24.380 I/twfx    (  600): data activity sub= 0 refreshViews mLastDataDirectionOverlayIconIdArray[subscription]=2130838072
01-18 14:23:24.380 I/twfx    (  600): data activity sub= 0 refreshViews TRUE
01-18 14:23:24.390 I/CTMSimSignalCluster(  600): setMobileDataIndicators subscription=0
01-18 14:23:24.390 I/CTMSimSignalCluster(  600): setMobileDataIndicators strengthIcon 0=com.android.systemui:drawable/stat_sys_signal_null
01-18 14:23:24.390 I/CTMSimSignalCluster(  600): setMobileDataIndicators visible=true
01-18 14:23:24.390 I/CTMSimSignalCluster(  600): setMobileDataIndicators simServiceState=1 home null null 00000  Unknown CSS not supported 0 0 mDataState=1 RoamInd=1 DefRoamInd=1 EmergOnly=false
01-18 14:23:24.390 I/CTMSimSignalCluster(  600): setMobileDataIndicators isRoam=false
01-18 14:23:24.390 I/CTMSimSignalCluster(  600): setMobileDataIndicators dataConnect=false
01-18 14:23:24.390 I/CTMSimSignalCluster(  600): voice radio technology is0 isGSM = false isRoam= false
01-18 14:23:24.390 I/CTMSimSignalCluster(  600): voice radio technology is0 isGSM = false isRoam= false
01-18 14:23:24.390 I/CTMSimSignalCluster(  600): setMobileDataIndicators mMobileStrengthId[0]=com.android.systemui:drawable/stat_sys_signal_cdma_null mMobileStrengthId[1]=com.android.systemui:drawable/stat_sys_signal_cdma_null
01-18 14:23:24.390 I/CTMSimSignalCluster(  600): getAcitivyTypeIconId type=2 inout=0 subscription0
01-18 14:23:24.390 I/CTMSimSignalCluster(  600): SetMobileDataIndicators MNoSimIconVisiable 0=true
01-18 14:23:24.400 I/twfx    (  600): data activity sub= 0 refreshViews TRUE
01-18 14:23:24.400 I/CTMSimSignalCluster(  600): setMobileDataIndicators subscription=0
01-18 14:23:24.400 I/CTMSimSignalCluster(  600): setMobileDataIndicators strengthIcon 0=com.android.systemui:drawable/stat_sys_signal_null
01-18 14:23:24.400 I/CTMSimSignalCluster(  600): setMobileDataIndicators visible=true
01-18 14:23:24.400 I/CTMSimSignalCluster(  600): setMobileDataIndicators simServiceState=1 home null null 00000  Unknown CSS not supported 0 0 mDataState=1 RoamInd=1 DefRoamInd=1 EmergOnly=false
01-18 14:23:24.400 I/CTMSimSignalCluster(  600): setMobileDataIndicators isRoam=false
01-18 14:23:24.400 I/CTMSimSignalCluster(  600): setMobileDataIndicators dataConnect=false
01-18 14:23:24.400 I/CTMSimSignalCluster(  600): voice radio technology is0 isGSM = false isRoam= false
01-18 14:23:24.400 I/CTMSimSignalCluster(  600): voice radio technology is0 isGSM = false isRoam= false
01-18 14:23:24.400 I/CTMSimSignalCluster(  600): setMobileDataIndicators mMobileStrengthId[0]=com.android.systemui:drawable/stat_sys_signal_cdma_null mMobileStrengthId[1]=com.android.systemui:drawable/stat_sys_signal_cdma_null
01-18 14:23:24.400 I/CTMSimSignalCluster(  600): getAcitivyTypeIconId type=2 inout=0 subscription0
01-18 14:23:24.400 I/CTMSimSignalCluster(  600): SetMobileDataIndicators MNoSimIconVisiable 0=true
01-18 14:23:24.410 I/twfx    (  600): data activity sub= 0 refreshViews OVER ALMOST
01-18 14:23:24.410 I/twfx    (  600): data activity sub= 0 refreshViews last activity mLastDataDirectionOverlayIconId=2130838072 true sub=0
01-18 14:23:25.380 I/twfx    (  600): data activity sub= 0 refreshViews
01-18 14:23:25.380 I/twfx    (  600): data activity sub= 0 refreshViews mLastDataDirectionOverlayIconIdArray[subscription]=2130838071
01-18 14:23:25.380 I/twfx    (  600): data activity sub= 0 refreshViews TRUE
01-18 14:23:25.390 I/CTMSimSignalCluster(  600): setMobileDataIndicators subscription=0
01-18 14:23:25.390 I/CTMSimSignalCluster(  600): setMobileDataIndicators strengthIcon 0=com.android.systemui:drawable/stat_sys_signal_null
01-18 14:23:25.390 I/CTMSimSignalCluster(  600): setMobileDataIndicators visible=true
01-18 14:23:25.390 I/CTMSimSignalCluster(  600): setMobileDataIndicators simServiceState=1 home null null 00000  Unknown CSS not supported 0 0 mDataState=1 RoamInd=1 DefRoamInd=1 EmergOnly=false
01-18 14:23:25.390 I/CTMSimSignalCluster(  600): setMobileDataIndicators isRoam=false
01-18 14:23:25.390 I/CTMSimSignalCluster(  600): setMobileDataIndicators dataConnect=false
01-18 14:23:25.390 I/CTMSimSignalCluster(  600): voice radio technology is0 isGSM = false isRoam= false
01-18 14:23:25.390 I/CTMSimSignalCluster(  600): voice radio technology is0 isGSM = false isRoam= false
01-18 14:23:25.390 I/CTMSimSignalCluster(  600): setMobileDataIndicators mMobileStrengthId[0]=com.android.systemui:drawable/stat_sys_signal_cdma_null mMobileStrengthId[1]=com.android.systemui:drawable/stat_sys_signal_cdma_null
01-18 14:23:25.390 I/CTMSimSignalCluster(  600): getAcitivyTypeIconId type=2 inout=0 subscription0
01-18 14:23:25.390 I/CTMSimSignalCluster(  600): SetMobileDataIndicators MNoSimIconVisiable 0=true
01-18 14:23:25.400 I/twfx    (  600): data activity sub= 0 refreshViews TRUE
01-18 14:23:25.400 I/CTMSimSignalCluster(  600): setMobileDataIndicators subscription=0
01-18 14:23:25.400 I/CTMSimSignalCluster(  600): setMobileDataIndicators strengthIcon 0=com.android.systemui:drawable/stat_sys_signal_null
01-18 14:23:25.400 I/CTMSimSignalCluster(  600): setMobileDataIndicators visible=true
01-18 14:23:25.400 I/CTMSimSignalCluster(  600): setMobileDataIndicators simServiceState=1 home null null 00000  Unknown CSS not supported 0 0 mDataState=1 RoamInd=1 DefRoamInd=1 EmergOnly=false
01-18 14:23:25.400 I/CTMSimSignalCluster(  600): setMobileDataIndicators isRoam=false
01-18 14:23:25.400 I/CTMSimSignalCluster(  600): setMobileDataIndicators dataConnect=false
01-18 14:23:25.400 I/CTMSimSignalCluster(  600): voice radio technology is0 isGSM = false isRoam= false
01-18 14:23:25.400 I/CTMSimSignalCluster(  600): voice radio technology is0 isGSM = false isRoam= false
01-18 14:23:25.400 I/CTMSimSignalCluster(  600): setMobileDataIndicators mMobileStrengthId[0]=com.android.systemui:drawable/stat_sys_signal_cdma_null mMobileStrengthId[1]=com.android.systemui:drawable/stat_sys_signal_cdma_null
01-18 14:23:25.400 I/CTMSimSignalCluster(  600): getAcitivyTypeIconId type=2 inout=0 subscription0
01-18 14:23:25.400 I/CTMSimSignalCluster(  600): SetMobileDataIndicators MNoSimIconVisiable 0=true
01-18 14:23:25.410 I/twfx    (  600): data activity sub= 0 refreshViews OVER ALMOST
01-18 14:23:25.410 I/twfx    (  600): data activity sub= 0 refreshViews last activity mLastDataDirectionOverlayIconId=2130838071 true sub=0
01-18 14:23:26.870 D/StateMachine(  481): handleMessage: E msg.what=131155
01-18 14:23:26.870 D/StateMachine(  481): processMsg: ConnectedState
01-18 14:23:26.870 D/WifiStateMachine(  481): ConnectedState{ what=131155 when=-4ms arg1=6 }
01-18 14:23:26.870 D/StateMachine(  481): processMsg: L2ConnectedState
01-18 14:23:26.870 D/WifiStateMachine(  481): L2ConnectedState{ what=131155 when=-4ms arg1=6 }
01-18 14:23:26.870 D/wpa_supplicant(  771): wpa_s 0x409865a0 cmd SIGNAL_POLL
01-18 14:23:26.880 D/wpa_supplicant(  771): nl80211: survey data missing!
01-18 14:23:26.880 D/StatusBar.NetworkController(  600): updateWifiState intent:Intent { act=android.net.wifi.RSSI_CHANGED flg=0x8000010 (has extras) }
01-18 14:23:26.880 D/StatusBar.NetworkController(  600): in updateWifiIcons, mWifiConnected: true, mDataAndWifiStacked: false, mWifiLevel: 3
01-18 14:23:26.880 D/StatusBar.NetworkController(  600): lz mWifiSsid:431
01-18 14:23:26.880 D/StatusBar.NetworkController(  600): in updateWifiIcons, mFmcState: 0
01-18 14:23:26.880 I/twfx    (  600): data activity sub= 0 refreshViews
01-18 14:23:26.890 I/twfx    (  600): data activity sub= 0 refreshViews mLastDataDirectionOverlayIconIdArray[subscription]=0
01-18 14:23:26.890 I/twfx    (  600): data activity sub= 0 refreshViews TRUE
01-18 14:23:26.890 D/StateMachine(  481): handleMessage: X
01-18 14:23:26.890 I/CTMSimSignalCluster(  600): setMobileDataIndicators subscription=0
01-18 14:23:26.890 I/CTMSimSignalCluster(  600): setMobileDataIndicators strengthIcon 0=com.android.systemui:drawable/stat_sys_signal_null
01-18 14:23:26.890 I/CTMSimSignalCluster(  600): setMobileDataIndicators visible=true
01-18 14:23:26.890 I/CTMSimSignalCluster(  600): setMobileDataIndicators simServiceState=1 home null null 00000  Unknown CSS not supported 0 0 mDataState=1 RoamInd=1 DefRoamInd=1 EmergOnly=false
01-18 14:23:26.890 I/CTMSimSignalCluster(  600): setMobileDataIndicators isRoam=false
01-18 14:23:26.890 I/CTMSimSignalCluster(  600): setMobileDataIndicators dataConnect=false
01-18 14:23:26.890 I/CTMSimSignalCluster(  600): voice radio technology is0 isGSM = false isRoam= false
01-18 14:23:26.890 I/CTMSimSignalCluster(  600): voice radio technology is0 isGSM = false isRoam= false
01-18 14:23:26.890 I/CTMSimSignalCluster(  600): setMobileDataIndicators mMobileStrengthId[0]=com.android.systemui:drawable/stat_sys_signal_cdma_null mMobileStrengthId[1]=com.android.systemui:drawable/stat_sys_signal_cdma_null
01-18 14:23:26.890 I/CTMSimSignalCluster(  600): getAcitivyTypeIconId type=2 inout=0 subscription0
01-18 14:23:26.890 I/CTMSimSignalCluster(  600): SetMobileDataIndicators MNoSimIconVisiable 0=true
01-18 14:23:26.900 I/twfx    (  600): data activity sub= 0 refreshViews TRUE
01-18 14:23:26.900 I/CTMSimSignalCluster(  600): setMobileDataIndicators subscription=0
01-18 14:23:26.900 I/CTMSimSignalCluster(  600): setMobileDataIndicators strengthIcon 0=com.android.systemui:drawable/stat_sys_signal_null
01-18 14:23:26.900 I/CTMSimSignalCluster(  600): setMobileDataIndicators visible=true
01-18 14:23:26.900 I/CTMSimSignalCluster(  600): setMobileDataIndicators simServiceState=1 home null null 00000  Unknown CSS not supported 0 0 mDataState=1 RoamInd=1 DefRoamInd=1 EmergOnly=false
01-18 14:23:26.900 I/CTMSimSignalCluster(  600): setMobileDataIndicators isRoam=false
01-18 14:23:26.900 I/CTMSimSignalCluster(  600): setMobileDataIndicators dataConnect=false
01-18 14:23:26.900 I/CTMSimSignalCluster(  600): voice radio technology is0 isGSM = false isRoam= false
01-18 14:23:26.900 I/CTMSimSignalCluster(  600): voice radio technology is0 isGSM = false isRoam= false
01-18 14:23:26.900 I/CTMSimSignalCluster(  600): setMobileDataIndicators mMobileStrengthId[0]=com.android.systemui:drawable/stat_sys_signal_cdma_null mMobileStrengthId[1]=com.android.systemui:drawable/stat_sys_signal_cdma_null
01-18 14:23:26.900 I/CTMSimSignalCluster(  600): getAcitivyTypeIconId type=2 inout=0 subscription0
01-18 14:23:26.900 I/CTMSimSignalCluster(  600): SetMobileDataIndicators MNoSimIconVisiable 0=true
01-18 14:23:26.910 I/twfx    (  600): data activity sub= 0 refreshViews OVER ALMOST
01-18 14:23:27.390 I/twfx    (  600): data activity sub= 0 refreshViews
01-18 14:23:27.390 I/twfx    (  600): data activity sub= 0 refreshViews mLastDataDirectionOverlayIconIdArray[subscription]=0
01-18 14:23:27.390 I/twfx    (  600): data activity sub= 0 refreshViews TRUE
01-18 14:23:27.390 I/CTMSimSignalCluster(  600): setMobileDataIndicators subscription=0
01-18 14:23:27.390 I/CTMSimSignalCluster(  600): setMobileDataIndicators strengthIcon 0=com.android.systemui:drawable/stat_sys_signal_null
01-18 14:23:27.390 I/CTMSimSignalCluster(  600): setMobileDataIndicators visible=true
01-18 14:23:27.390 I/CTMSimSignalCluster(  600): setMobileDataIndicators simServiceState=1 home null null 00000  Unknown CSS not supported 0 0 mDataState=1 RoamInd=1 DefRoamInd=1 EmergOnly=false
01-18 14:23:27.390 I/CTMSimSignalCluster(  600): setMobileDataIndicators isRoam=false
01-18 14:23:27.390 I/CTMSimSignalCluster(  600): setMobileDataIndicators dataConnect=false
01-18 14:23:27.390 I/CTMSimSignalCluster(  600): voice radio technology is0 isGSM = false isRoam= false
01-18 14:23:27.390 I/CTMSimSignalCluster(  600): voice radio technology is0 isGSM = false isRoam= false
01-18 14:23:27.390 I/CTMSimSignalCluster(  600): setMobileDataIndicators mMobileStrengthId[0]=com.android.systemui:drawable/stat_sys_signal_cdma_null mMobileStrengthId[1]=com.android.systemui:drawable/stat_sys_signal_cdma_null
01-18 14:23:27.400 I/CTMSimSignalCluster(  600): getAcitivyTypeIconId type=2 inout=0 subscription0
01-18 14:23:27.400 I/CTMSimSignalCluster(  600): SetMobileDataIndicators MNoSimIconVisiable 0=true
01-18 14:23:27.400 I/twfx    (  600): data activity sub= 0 refreshViews TRUE
01-18 14:23:27.400 I/CTMSimSignalCluster(  600): setMobileDataIndicators subscription=0
01-18 14:23:27.400 I/CTMSimSignalCluster(  600): setMobileDataIndicators strengthIcon 0=com.android.systemui:drawable/stat_sys_signal_null
01-18 14:23:27.400 I/CTMSimSignalCluster(  600): setMobileDataIndicators visible=true
01-18 14:23:27.400 I/CTMSimSignalCluster(  600): setMobileDataIndicators simServiceState=1 home null null 00000  Unknown CSS not supported 0 0 mDataState=1 RoamInd=1 DefRoamInd=1 EmergOnly=false
01-18 14:23:27.400 I/CTMSimSignalCluster(  600): setMobileDataIndicators isRoam=false
01-18 14:23:27.400 I/CTMSimSignalCluster(  600): setMobileDataIndicators dataConnect=false
01-18 14:23:27.400 I/CTMSimSignalCluster(  600): voice radio technology is0 isGSM = false isRoam= false
01-18 14:23:27.400 I/CTMSimSignalCluster(  600): voice radio technology is0 isGSM = false isRoam= false
01-18 14:23:27.410 I/CTMSimSignalCluster(  600): setMobileDataIndicators mMobileStrengthId[0]=com.android.systemui:drawable/stat_sys_signal_cdma_null mMobileStrengthId[1]=com.android.systemui:drawable/stat_sys_signal_cdma_null
01-18 14:23:27.410 I/CTMSimSignalCluster(  600): getAcitivyTypeIconId type=2 inout=0 subscription0
01-18 14:23:27.410 I/CTMSimSignalCluster(  600): SetMobileDataIndicators MNoSimIconVisiable 0=true
01-18 14:23:27.410 I/twfx    (  600): data activity sub= 0 refreshViews OVER ALMOST
01-18 14:23:27.410 I/twfx    (  600): data activity sub= 0 refreshViews last activity mLastDataDirectionOverlayIconId=0 true sub=0
01-18 14:23:27.670 V/battery (  481): ACTION_BATTERY_CHANGED isbattery overheat =false
01-18 14:23:27.670 V/battery (  481): handleBatteryUpdate batteryUpdateInteresting=true
01-18 14:23:27.810 D/dalvikvm(  481): GC_CONCURRENT freed 1915K, 38% free 13910K/22087K, paused 43ms+7ms, total 138ms
01-18 14:23:28.360 D/wpa_supplicant(  771): RTM_NEWLINK: operstate=1 ifi_flags=0x11043 ([UP][RUNNING][LOWER_UP])
01-18 14:23:28.360 D/wpa_supplicant(  771): RTM_NEWLINK, IFLA_IFNAME: Interface 'wlan0' added
01-18 14:23:28.360 D/wpa_supplicant(  771): nl80211: if_removed already cleared - ignore event
01-18 14:23:29.390 I/twfx    (  600): data activity sub= 0 refreshViews
01-18 14:23:29.390 I/twfx    (  600): data activity sub= 0 refreshViews mLastDataDirectionOverlayIconIdArray[subscription]=2130838071
01-18 14:23:29.390 I/twfx    (  600): data activity sub= 0 refreshViews TRUE
01-18 14:23:29.400 I/CTMSimSignalCluster(  600): setMobileDataIndicators subscription=0
01-18 14:23:29.400 I/CTMSimSignalCluster(  600): setMobileDataIndicators strengthIcon 0=com.android.systemui:drawable/stat_sys_signal_null
01-18 14:23:29.400 I/CTMSimSignalCluster(  600): setMobileDataIndicators visible=true
01-18 14:23:29.400 I/CTMSimSignalCluster(  600): setMobileDataIndicators simServiceState=1 home null null 00000  Unknown CSS not supported 0 0 mDataState=1 RoamInd=1 DefRoamInd=1 EmergOnly=false
01-18 14:23:29.400 I/CTMSimSignalCluster(  600): setMobileDataIndicators isRoam=false
01-18 14:23:29.400 I/CTMSimSignalCluster(  600): setMobileDataIndicators dataConnect=false
01-18 14:23:29.400 I/CTMSimSignalCluster(  600): voice radio technology is0 isGSM = false isRoam= false
01-18 14:23:29.400 I/CTMSimSignalCluster(  600): voice radio technology is0 isGSM = false isRoam= false
01-18 14:23:29.400 I/CTMSimSignalCluster(  600): setMobileDataIndicators mMobileStrengthId[0]=com.android.systemui:drawable/stat_sys_signal_cdma_null mMobileStrengthId[1]=com.android.systemui:drawable/stat_sys_signal_cdma_null
01-18 14:23:29.400 I/CTMSimSignalCluster(  600): getAcitivyTypeIconId type=2 inout=0 subscription0
01-18 14:23:29.400 I/CTMSimSignalCluster(  600): SetMobileDataIndicators MNoSimIconVisiable 0=true
01-18 14:23:29.410 I/twfx    (  600): data activity sub= 0 refreshViews TRUE
01-18 14:23:29.410 I/CTMSimSignalCluster(  600): setMobileDataIndicators subscription=0
01-18 14:23:29.410 I/CTMSimSignalCluster(  600): setMobileDataIndicators strengthIcon 0=com.android.systemui:drawable/stat_sys_signal_null
01-18 14:23:29.410 I/CTMSimSignalCluster(  600): setMobileDataIndicators visible=true
01-18 14:23:29.410 I/CTMSimSignalCluster(  600): setMobileDataIndicators simServiceState=1 home null null 00000  Unknown CSS not supported 0 0 mDataState=1 RoamInd=1 DefRoamInd=1 EmergOnly=false
01-18 14:23:29.410 I/CTMSimSignalCluster(  600): setMobileDataIndicators isRoam=false
01-18 14:23:29.410 I/CTMSimSignalCluster(  600): setMobileDataIndicators dataConnect=false
01-18 14:23:29.410 I/CTMSimSignalCluster(  600): voice radio technology is0 isGSM = false isRoam= false
01-18 14:23:29.410 I/CTMSimSignalCluster(  600): voice radio technology is0 isGSM = false isRoam= false
01-18 14:23:29.410 I/CTMSimSignalCluster(  600): setMobileDataIndicators mMobileStrengthId[0]=com.android.systemui:drawable/stat_sys_signal_cdma_null mMobileStrengthId[1]=com.android.systemui:drawable/stat_sys_signal_cdma_null
01-18 14:23:29.420 I/CTMSimSignalCluster(  600): getAcitivyTypeIconId type=2 inout=0 subscription0
01-18 14:23:29.420 I/CTMSimSignalCluster(  600): SetMobileDataIndicators MNoSimIconVisiable 0=true
01-18 14:23:29.420 I/twfx    (  600): data activity sub= 0 refreshViews OVER ALMOST
01-18 14:23:29.420 I/twfx    (  600): data activity sub= 0 refreshViews last activity mLastDataDirectionOverlayIconId=2130838071 true sub=0
01-18 14:23:29.890 D/StateMachine(  481): handleMessage: E msg.what=131155
01-18 14:23:29.890 D/StateMachine(  481): processMsg: ConnectedState
01-18 14:23:29.890 D/WifiStateMachine(  481): ConnectedState{ what=131155 when=-4ms arg1=6 }
01-18 14:23:29.890 D/StateMachine(  481): processMsg: L2ConnectedState
01-18 14:23:29.890 D/WifiStateMachine(  481): L2ConnectedState{ what=131155 when=-4ms arg1=6 }
01-18 14:23:29.890 D/wpa_supplicant(  771): wpa_s 0x409865a0 cmd SIGNAL_POLL
01-18 14:23:29.900 D/wpa_supplicant(  771): nl80211: survey data missing!
01-18 14:23:29.900 D/StateMachine(  481): handleMessage: X
01-18 14:23:30.400 I/twfx    (  600): data activity sub= 0 refreshViews
01-18 14:23:30.400 I/twfx    (  600): data activity sub= 0 refreshViews mLastDataDirectionOverlayIconIdArray[subscription]=2130838070
01-18 14:23:30.400 I/twfx    (  600): data activity sub= 0 refreshViews TRUE
01-18 14:23:30.400 I/CTMSimSignalCluster(  600): setMobileDataIndicators subscription=0
01-18 14:23:30.400 I/CTMSimSignalCluster(  600): setMobileDataIndicators strengthIcon 0=com.android.systemui:drawable/stat_sys_signal_null
01-18 14:23:30.400 I/CTMSimSignalCluster(  600): setMobileDataIndicators visible=true
01-18 14:23:30.400 I/CTMSimSignalCluster(  600): setMobileDataIndicators simServiceState=1 home null null 00000  Unknown CSS not supported 0 0 mDataState=1 RoamInd=1 DefRoamInd=1 EmergOnly=false
01-18 14:23:30.400 I/CTMSimSignalCluster(  600): setMobileDataIndicators isRoam=false
01-18 14:23:30.400 I/CTMSimSignalCluster(  600): setMobileDataIndicators dataConnect=false
01-18 14:23:30.400 I/CTMSimSignalCluster(  600): voice radio technology is0 isGSM = false isRoam= false
01-18 14:23:30.400 I/CTMSimSignalCluster(  600): voice radio technology is0 isGSM = false isRoam= false
01-18 14:23:30.400 I/CTMSimSignalCluster(  600): setMobileDataIndicators mMobileStrengthId[0]=com.android.systemui:drawable/stat_sys_signal_cdma_null mMobileStrengthId[1]=com.android.systemui:drawable/stat_sys_signal_cdma_null
01-18 14:23:30.400 I/CTMSimSignalCluster(  600): getAcitivyTypeIconId type=2 inout=0 subscription0
01-18 14:23:30.410 I/CTMSimSignalCluster(  600): SetMobileDataIndicators MNoSimIconVisiable 0=true
01-18 14:23:30.410 I/twfx    (  600): data activity sub= 0 refreshViews TRUE
01-18 14:23:30.410 I/CTMSimSignalCluster(  600): setMobileDataIndicators subscription=0
01-18 14:23:30.410 I/CTMSimSignalCluster(  600): setMobileDataIndicators strengthIcon 0=com.android.systemui:drawable/stat_sys_signal_null
01-18 14:23:30.410 I/CTMSimSignalCluster(  600): setMobileDataIndicators visible=true
01-18 14:23:30.410 I/CTMSimSignalCluster(  600): setMobileDataIndicators simServiceState=1 home null null 00000  Unknown CSS not supported 0 0 mDataState=1 RoamInd=1 DefRoamInd=1 EmergOnly=false
01-18 14:23:30.410 I/CTMSimSignalCluster(  600): setMobileDataIndicators isRoam=false
01-18 14:23:30.410 I/CTMSimSignalCluster(  600): setMobileDataIndicators dataConnect=false
01-18 14:23:30.410 I/CTMSimSignalCluster(  600): voice radio technology is0 isGSM = false isRoam= false
01-18 14:23:30.410 I/CTMSimSignalCluster(  600): voice radio technology is0 isGSM = false isRoam= false
01-18 14:23:30.410 I/CTMSimSignalCluster(  600): setMobileDataIndicators mMobileStrengthId[0]=com.android.systemui:drawable/stat_sys_signal_cdma_null mMobileStrengthId[1]=com.android.systemui:drawable/stat_sys_signal_cdma_null
01-18 14:23:30.410 I/CTMSimSignalCluster(  600): getAcitivyTypeIconId type=2 inout=0 subscription0
01-18 14:23:30.420 I/CTMSimSignalCluster(  600): SetMobileDataIndicators MNoSimIconVisiable 0=true
01-18 14:23:30.420 I/twfx    (  600): data activity sub= 0 refreshViews OVER ALMOST
01-18 14:23:30.420 I/twfx    (  600): data activity sub= 0 refreshViews last activity mLastDataDirectionOverlayIconId=2130838070 true sub=0
01-18 14:23:31.400 I/twfx    (  600): data activity sub= 0 refreshViews
01-18 14:23:31.400 I/twfx    (  600): data activity sub= 0 refreshViews mLastDataDirectionOverlayIconIdArray[subscription]=2130838071
01-18 14:23:31.400 I/twfx    (  600): data activity sub= 0 refreshViews TRUE
01-18 14:23:31.400 I/CTMSimSignalCluster(  600): setMobileDataIndicators subscription=0
01-18 14:23:31.400 I/CTMSimSignalCluster(  600): setMobileDataIndicators strengthIcon 0=com.android.systemui:drawable/stat_sys_signal_null
01-18 14:23:31.400 I/CTMSimSignalCluster(  600): setMobileDataIndicators visible=true
01-18 14:23:31.400 I/CTMSimSignalCluster(  600): setMobileDataIndicators simServiceState=1 home null null 00000  Unknown CSS not supported 0 0 mDataState=1 RoamInd=1 DefRoamInd=1 EmergOnly=false
01-18 14:23:31.400 I/CTMSimSignalCluster(  600): setMobileDataIndicators isRoam=false
01-18 14:23:31.400 I/CTMSimSignalCluster(  600): setMobileDataIndicators dataConnect=false
01-18 14:23:31.400 I/CTMSimSignalCluster(  600): voice radio technology is0 isGSM = false isRoam= false
01-18 14:23:31.400 I/CTMSimSignalCluster(  600): voice radio technology is0 isGSM = false isRoam= false
01-18 14:23:31.400 I/CTMSimSignalCluster(  600): setMobileDataIndicators mMobileStrengthId[0]=com.android.systemui:drawable/stat_sys_signal_cdma_null mMobileStrengthId[1]=com.android.systemui:drawable/stat_sys_signal_cdma_null
01-18 14:23:31.410 I/CTMSimSignalCluster(  600): getAcitivyTypeIconId type=2 inout=0 subscription0
01-18 14:23:31.410 I/CTMSimSignalCluster(  600): SetMobileDataIndicators MNoSimIconVisiable 0=true
01-18 14:23:31.410 I/twfx    (  600): data activity sub= 0 refreshViews TRUE
01-18 14:23:31.410 I/CTMSimSignalCluster(  600): setMobileDataIndicators subscription=0
01-18 14:23:31.410 I/CTMSimSignalCluster(  600): setMobileDataIndicators strengthIcon 0=com.android.systemui:drawable/stat_sys_signal_null
01-18 14:23:31.410 I/CTMSimSignalCluster(  600): setMobileDataIndicators visible=true
01-18 14:23:31.410 I/CTMSimSignalCluster(  600): setMobileDataIndicators simServiceState=1 home null null 00000  Unknown CSS not supported 0 0 mDataState=1 RoamInd=1 DefRoamInd=1 EmergOnly=false
01-18 14:23:31.420 I/CTMSimSignalCluster(  600): setMobileDataIndicators isRoam=false
01-18 14:23:31.420 I/CTMSimSignalCluster(  600): setMobileDataIndicators dataConnect=false
01-18 14:23:31.420 I/CTMSimSignalCluster(  600): voice radio technology is0 isGSM = false isRoam= false
01-18 14:23:31.420 I/CTMSimSignalCluster(  600): voice radio technology is0 isGSM = false isRoam= false
01-18 14:23:31.420 I/CTMSimSignalCluster(  600): setMobileDataIndicators mMobileStrengthId[0]=com.android.systemui:drawable/stat_sys_signal_cdma_null mMobileStrengthId[1]=com.android.systemui:drawable/stat_sys_signal_cdma_null
01-18 14:23:31.420 I/CTMSimSignalCluster(  600): getAcitivyTypeIconId type=2 inout=0 subscription0
01-18 14:23:31.420 I/CTMSimSignalCluster(  600): SetMobileDataIndicators MNoSimIconVisiable 0=true
01-18 14:23:31.420 I/twfx    (  600): data activity sub= 0 refreshViews OVER ALMOST
01-18 14:23:31.420 I/twfx    (  600): data activity sub= 0 refreshViews last activity mLastDataDirectionOverlayIconId=2130838071 true sub=0
01-18 14:23:32.400 I/twfx    (  600): data activity sub= 0 refreshViews
01-18 14:23:32.400 I/twfx    (  600): data activity sub= 0 refreshViews mLastDataDirectionOverlayIconIdArray[subscription]=2130838070
01-18 14:23:32.400 I/twfx    (  600): data activity sub= 0 refreshViews TRUE
01-18 14:23:32.400 I/CTMSimSignalCluster(  600): setMobileDataIndicators subscription=0
01-18 14:23:32.400 I/CTMSimSignalCluster(  600): setMobileDataIndicators strengthIcon 0=com.android.systemui:drawable/stat_sys_signal_null
01-18 14:23:32.400 I/CTMSimSignalCluster(  600): setMobileDataIndicators visible=true
01-18 14:23:32.400 I/CTMSimSignalCluster(  600): setMobileDataIndicators simServiceState=1 home null null 00000  Unknown CSS not supported 0 0 mDataState=1 RoamInd=1 DefRoamInd=1 EmergOnly=false
01-18 14:23:32.400 I/CTMSimSignalCluster(  600): setMobileDataIndicators isRoam=false
01-18 14:23:32.400 I/CTMSimSignalCluster(  600): setMobileDataIndicators dataConnect=false
01-18 14:23:32.410 I/CTMSimSignalCluster(  600): voice radio technology is0 isGSM = false isRoam= false
01-18 14:23:32.410 I/CTMSimSignalCluster(  600): voice radio technology is0 isGSM = false isRoam= false
01-18 14:23:32.410 I/CTMSimSignalCluster(  600): setMobileDataIndicators mMobileStrengthId[0]=com.android.systemui:drawable/stat_sys_signal_cdma_null mMobileStrengthId[1]=com.android.systemui:drawable/stat_sys_signal_cdma_null
01-18 14:23:32.410 I/CTMSimSignalCluster(  600): getAcitivyTypeIconId type=2 inout=0 subscription0
01-18 14:23:32.410 I/CTMSimSignalCluster(  600): SetMobileDataIndicators MNoSimIconVisiable 0=true
01-18 14:23:32.410 I/twfx    (  600): data activity sub= 0 refreshViews TRUE
01-18 14:23:32.410 I/CTMSimSignalCluster(  600): setMobileDataIndicators subscription=0
01-18 14:23:32.410 I/CTMSimSignalCluster(  600): setMobileDataIndicators strengthIcon 0=com.android.systemui:drawable/stat_sys_signal_null
01-18 14:23:32.420 I/CTMSimSignalCluster(  600): setMobileDataIndicators visible=true
01-18 14:23:32.420 I/CTMSimSignalCluster(  600): setMobileDataIndicators simServiceState=1 home null null 00000  Unknown CSS not supported 0 0 mDataState=1 RoamInd=1 DefRoamInd=1 EmergOnly=false
01-18 14:23:32.420 I/CTMSimSignalCluster(  600): setMobileDataIndicators isRoam=false
01-18 14:23:32.420 I/CTMSimSignalCluster(  600): setMobileDataIndicators dataConnect=false
01-18 14:23:32.420 I/CTMSimSignalCluster(  600): voice radio technology is0 isGSM = false isRoam= false
01-18 14:23:32.420 I/CTMSimSignalCluster(  600): voice radio technology is0 isGSM = false isRoam= false
01-18 14:23:32.420 I/CTMSimSignalCluster(  600): setMobileDataIndicators mMobileStrengthId[0]=com.android.systemui:drawable/stat_sys_signal_cdma_null mMobileStrengthId[1]=com.android.systemui:drawable/stat_sys_signal_cdma_null
01-18 14:23:32.420 I/CTMSimSignalCluster(  600): getAcitivyTypeIconId type=2 inout=0 subscription0
01-18 14:23:32.420 I/CTMSimSignalCluster(  600): SetMobileDataIndicators MNoSimIconVisiable 0=true
01-18 14:23:32.420 I/twfx    (  600): data activity sub= 0 refreshViews OVER ALMOST
01-18 14:23:32.430 I/twfx    (  600): data activity sub= 0 refreshViews last activity mLastDataDirectionOverlayIconId=2130838070 true sub=0
01-18 14:23:32.570 D/PowerManager(  680): RILJ [acquire]
01-18 14:23:32.570 D/PowerManager(  680): RILJ [release]
01-18 14:23:32.910 D/StateMachine(  481): handleMessage: E msg.what=131155
01-18 14:23:32.910 D/StateMachine(  481): processMsg: ConnectedState
01-18 14:23:32.910 D/WifiStateMachine(  481): ConnectedState{ what=131155 when=-3ms arg1=6 }
01-18 14:23:32.910 D/StateMachine(  481): processMsg: L2ConnectedState
01-18 14:23:32.910 D/WifiStateMachine(  481): L2ConnectedState{ what=131155 when=-3ms arg1=6 }
01-18 14:23:32.910 D/wpa_supplicant(  771): wpa_s 0x409865a0 cmd SIGNAL_POLL
01-18 14:23:32.910 D/wpa_supplicant(  771): nl80211: survey data missing!
01-18 14:23:32.910 D/StatusBar.NetworkController(  600): updateWifiState intent:Intent { act=android.net.wifi.RSSI_CHANGED flg=0x8000010 (has extras) }
01-18 14:23:32.910 D/StatusBar.NetworkController(  600): in updateWifiIcons, mWifiConnected: true, mDataAndWifiStacked: false, mWifiLevel: 2
01-18 14:23:32.910 D/StatusBar.NetworkController(  600): lz mWifiSsid:431
01-18 14:23:32.910 D/StatusBar.NetworkController(  600): in updateWifiIcons, mFmcState: 0
01-18 14:23:32.910 I/twfx    (  600): data activity sub= 0 refreshViews
01-18 14:23:32.910 I/twfx    (  600): data activity sub= 0 refreshViews mLastDataDirectionOverlayIconIdArray[subscription]=0
01-18 14:23:32.910 I/twfx    (  600): data activity sub= 0 refreshViews TRUE
01-18 14:23:32.910 D/StateMachine(  481): handleMessage: X
01-18 14:23:32.920 I/CTMSimSignalCluster(  600): setMobileDataIndicators subscription=0
01-18 14:23:32.920 I/CTMSimSignalCluster(  600): setMobileDataIndicators strengthIcon 0=com.android.systemui:drawable/stat_sys_signal_null
01-18 14:23:32.920 I/CTMSimSignalCluster(  600): setMobileDataIndicators visible=true
01-18 14:23:32.920 I/CTMSimSignalCluster(  600): setMobileDataIndicators simServiceState=1 home null null 00000  Unknown CSS not supported 0 0 mDataState=1 RoamInd=1 DefRoamInd=1 EmergOnly=false
01-18 14:23:32.920 I/CTMSimSignalCluster(  600): setMobileDataIndicators isRoam=false
01-18 14:23:32.920 I/CTMSimSignalCluster(  600): setMobileDataIndicators dataConnect=false
01-18 14:23:32.920 I/CTMSimSignalCluster(  600): voice radio technology is0 isGSM = false isRoam= false
01-18 14:23:32.920 I/CTMSimSignalCluster(  600): voice radio technology is0 isGSM = false isRoam= false
01-18 14:23:32.920 I/CTMSimSignalCluster(  600): setMobileDataIndicators mMobileStrengthId[0]=com.android.systemui:drawable/stat_sys_signal_cdma_null mMobileStrengthId[1]=com.android.systemui:drawable/stat_sys_signal_cdma_null
01-18 14:23:32.920 I/CTMSimSignalCluster(  600): getAcitivyTypeIconId type=2 inout=0 subscription0
01-18 14:23:32.920 I/CTMSimSignalCluster(  600): SetMobileDataIndicators MNoSimIconVisiable 0=true
01-18 14:23:32.930 I/twfx    (  600): data activity sub= 0 refreshViews TRUE
01-18 14:23:32.930 I/CTMSimSignalCluster(  600): setMobileDataIndicators subscription=0
01-18 14:23:32.930 I/CTMSimSignalCluster(  600): setMobileDataIndicators strengthIcon 0=com.android.systemui:drawable/stat_sys_signal_null
01-18 14:23:32.930 I/CTMSimSignalCluster(  600): setMobileDataIndicators visible=true
01-18 14:23:32.930 I/CTMSimSignalCluster(  600): setMobileDataIndicators simServiceState=1 home null null 00000  Unknown CSS not supported 0 0 mDataState=1 RoamInd=1 DefRoamInd=1 EmergOnly=false
01-18 14:23:32.930 I/CTMSimSignalCluster(  600): setMobileDataIndicators isRoam=false
01-18 14:23:32.930 I/CTMSimSignalCluster(  600): setMobileDataIndicators dataConnect=false
01-18 14:23:32.930 I/CTMSimSignalCluster(  600): voice radio technology is0 isGSM = false isRoam= false
01-18 14:23:32.930 I/CTMSimSignalCluster(  600): voice radio technology is0 isGSM = false isRoam= false
01-18 14:23:32.930 I/CTMSimSignalCluster(  600): setMobileDataIndicators mMobileStrengthId[0]=com.android.systemui:drawable/stat_sys_signal_cdma_null mMobileStrengthId[1]=com.android.systemui:drawable/stat_sys_signal_cdma_null
01-18 14:23:32.930 I/CTMSimSignalCluster(  600): getAcitivyTypeIconId type=2 inout=0 subscription0
01-18 14:23:32.930 I/CTMSimSignalCluster(  600): SetMobileDataIndicators MNoSimIconVisiable 0=true
01-18 14:23:32.940 I/twfx    (  600): data activity sub= 0 refreshViews OVER ALMOST
01-18 14:23:33.370 D/wpa_supplicant(  771): RTM_NEWLINK: operstate=1 ifi_flags=0x11043 ([UP][RUNNING][LOWER_UP])
01-18 14:23:33.370 D/wpa_supplicant(  771): RTM_NEWLINK, IFLA_IFNAME: Interface 'wlan0' added
01-18 14:23:33.370 D/wpa_supplicant(  771): nl80211: if_removed already cleared - ignore event
01-18 14:23:33.400 I/twfx    (  600): data activity sub= 0 refreshViews
01-18 14:23:33.400 I/twfx    (  600): data activity sub= 0 refreshViews mLastDataDirectionOverlayIconIdArray[subscription]=0
01-18 14:23:33.400 I/twfx    (  600): data activity sub= 0 refreshViews TRUE
01-18 14:23:33.410 I/CTMSimSignalCluster(  600): setMobileDataIndicators subscription=0
01-18 14:23:33.410 I/CTMSimSignalCluster(  600): setMobileDataIndicators strengthIcon 0=com.android.systemui:drawable/stat_sys_signal_null
01-18 14:23:33.410 I/CTMSimSignalCluster(  600): setMobileDataIndicators visible=true
01-18 14:23:33.410 I/CTMSimSignalCluster(  600): setMobileDataIndicators simServiceState=1 home null null 00000  Unknown CSS not supported 0 0 mDataState=1 RoamInd=1 DefRoamInd=1 EmergOnly=false
01-18 14:23:33.410 I/CTMSimSignalCluster(  600): setMobileDataIndicators isRoam=false
01-18 14:23:33.410 I/CTMSimSignalCluster(  600): setMobileDataIndicators dataConnect=false
01-18 14:23:33.410 I/CTMSimSignalCluster(  600): voice radio technology is0 isGSM = false isRoam= false
01-18 14:23:33.410 I/CTMSimSignalCluster(  600): voice radio technology is0 isGSM = false isRoam= false
01-18 14:23:33.410 I/CTMSimSignalCluster(  600): setMobileDataIndicators mMobileStrengthId[0]=com.android.systemui:drawable/stat_sys_signal_cdma_null mMobileStrengthId[1]=com.android.systemui:drawable/stat_sys_signal_cdma_null
01-18 14:23:33.410 I/CTMSimSignalCluster(  600): getAcitivyTypeIconId type=2 inout=0 subscription0
01-18 14:23:33.410 I/CTMSimSignalCluster(  600): SetMobileDataIndicators MNoSimIconVisiable 0=true
01-18 14:23:33.420 I/twfx    (  600): data activity sub= 0 refreshViews TRUE
01-18 14:23:33.420 I/CTMSimSignalCluster(  600): setMobileDataIndicators subscription=0
01-18 14:23:33.420 I/CTMSimSignalCluster(  600): setMobileDataIndicators strengthIcon 0=com.android.systemui:drawable/stat_sys_signal_null
01-18 14:23:33.420 I/CTMSimSignalCluster(  600): setMobileDataIndicators visible=true
01-18 14:23:33.420 I/CTMSimSignalCluster(  600): setMobileDataIndicators simServiceState=1 home null null 00000  Unknown CSS not supported 0 0 mDataState=1 RoamInd=1 DefRoamInd=1 EmergOnly=false
01-18 14:23:33.420 I/CTMSimSignalCluster(  600): setMobileDataIndicators isRoam=false
01-18 14:23:33.420 I/CTMSimSignalCluster(  600): setMobileDataIndicators dataConnect=false
01-18 14:23:33.420 I/CTMSimSignalCluster(  600): voice radio technology is0 isGSM = false isRoam= false
01-18 14:23:33.420 I/CTMSimSignalCluster(  600): voice radio technology is0 isGSM = false isRoam= false
01-18 14:23:33.420 I/CTMSimSignalCluster(  600): setMobileDataIndicators mMobileStrengthId[0]=com.android.systemui:drawable/stat_sys_signal_cdma_null mMobileStrengthId[1]=com.android.systemui:drawable/stat_sys_signal_cdma_null
01-18 14:23:33.420 I/CTMSimSignalCluster(  600): getAcitivyTypeIconId type=2 inout=0 subscription0
01-18 14:23:33.420 I/CTMSimSignalCluster(  600): SetMobileDataIndicators MNoSimIconVisiable 0=true
01-18 14:23:33.430 I/twfx    (  600): data activity sub= 0 refreshViews OVER ALMOST
01-18 14:23:33.430 I/twfx    (  600): data activity sub= 0 refreshViews last activity mLastDataDirectionOverlayIconId=0 true sub=0
01-18 14:23:34.410 I/twfx    (  600): data activity sub= 0 refreshViews
01-18 14:23:34.410 I/twfx    (  600): data activity sub= 0 refreshViews mLastDataDirectionOverlayIconIdArray[subscription]=2130838071
01-18 14:23:34.410 I/twfx    (  600): data activity sub= 0 refreshViews TRUE
01-18 14:23:34.410 I/CTMSimSignalCluster(  600): setMobileDataIndicators subscription=0
01-18 14:23:34.410 I/CTMSimSignalCluster(  600): setMobileDataIndicators strengthIcon 0=com.android.systemui:drawable/stat_sys_signal_null
01-18 14:23:34.410 I/CTMSimSignalCluster(  600): setMobileDataIndicators visible=true
01-18 14:23:34.410 I/CTMSimSignalCluster(  600): setMobileDataIndicators simServiceState=1 home null null 00000  Unknown CSS not supported 0 0 mDataState=1 RoamInd=1 DefRoamInd=1 EmergOnly=false
01-18 14:23:34.410 I/CTMSimSignalCluster(  600): setMobileDataIndicators isRoam=false
01-18 14:23:34.410 I/CTMSimSignalCluster(  600): setMobileDataIndicators dataConnect=false
01-18 14:23:34.410 I/CTMSimSignalCluster(  600): voice radio technology is0 isGSM = false isRoam= false
01-18 14:23:34.410 I/CTMSimSignalCluster(  600): voice radio technology is0 isGSM = false isRoam= false
01-18 14:23:34.410 I/CTMSimSignalCluster(  600): setMobileDataIndicators mMobileStrengthId[0]=com.android.systemui:drawable/stat_sys_signal_cdma_null mMobileStrengthId[1]=com.android.systemui:drawable/stat_sys_signal_cdma_null
01-18 14:23:34.410 I/CTMSimSignalCluster(  600): getAcitivyTypeIconId type=2 inout=0 subscription0
01-18 14:23:34.410 I/CTMSimSignalCluster(  600): SetMobileDataIndicators MNoSimIconVisiable 0=true
01-18 14:23:34.420 I/twfx    (  600): data activity sub= 0 refreshViews TRUE
01-18 14:23:34.420 I/CTMSimSignalCluster(  600): setMobileDataIndicators subscription=0
01-18 14:23:34.420 I/CTMSimSignalCluster(  600): setMobileDataIndicators strengthIcon 0=com.android.systemui:drawable/stat_sys_signal_null
01-18 14:23:34.420 I/CTMSimSignalCluster(  600): setMobileDataIndicators visible=true
01-18 14:23:34.420 I/CTMSimSignalCluster(  600): setMobileDataIndicators simServiceState=1 home null null 00000  Unknown CSS not supported 0 0 mDataState=1 RoamInd=1 DefRoamInd=1 EmergOnly=false
01-18 14:23:34.420 I/CTMSimSignalCluster(  600): setMobileDataIndicators isRoam=false
01-18 14:23:34.420 I/CTMSimSignalCluster(  600): setMobileDataIndicators dataConnect=false
01-18 14:23:34.420 I/CTMSimSignalCluster(  600): voice radio technology is0 isGSM = false isRoam= false
01-18 14:23:34.420 I/CTMSimSignalCluster(  600): voice radio technology is0 isGSM = false isRoam= false
01-18 14:23:34.420 I/CTMSimSignalCluster(  600): setMobileDataIndicators mMobileStrengthId[0]=com.android.systemui:drawable/stat_sys_signal_cdma_null mMobileStrengthId[1]=com.android.systemui:drawable/stat_sys_signal_cdma_null
01-18 14:23:34.430 I/CTMSimSignalCluster(  600): getAcitivyTypeIconId type=2 inout=0 subscription0
01-18 14:23:34.430 I/CTMSimSignalCluster(  600): SetMobileDataIndicators MNoSimIconVisiable 0=true
01-18 14:23:34.430 I/twfx    (  600): data activity sub= 0 refreshViews OVER ALMOST
01-18 14:23:34.430 I/twfx    (  600): data activity sub= 0 refreshViews last activity mLastDataDirectionOverlayIconId=2130838071 true sub=0
01-18 14:23:35.910 D/StateMachine(  481): handleMessage: E msg.what=131155
01-18 14:23:35.910 D/StateMachine(  481): processMsg: ConnectedState
01-18 14:23:35.910 D/WifiStateMachine(  481): ConnectedState{ what=131155 when=-3ms arg1=6 }
01-18 14:23:35.910 D/StateMachine(  481): processMsg: L2ConnectedState
01-18 14:23:35.910 D/WifiStateMachine(  481): L2ConnectedState{ what=131155 when=-4ms arg1=6 }
01-18 14:23:35.910 D/wpa_supplicant(  771): wpa_s 0x409865a0 cmd SIGNAL_POLL
01-18 14:23:35.910 D/wpa_supplicant(  771): nl80211: survey data missing!
01-18 14:23:35.910 D/StateMachine(  481): handleMessage: X
01-18 14:23:36.410 I/twfx    (  600): data activity sub= 0 refreshViews
01-18 14:23:36.410 I/twfx    (  600): data activity sub= 0 refreshViews mLastDataDirectionOverlayIconIdArray[subscription]=0
01-18 14:23:36.410 I/twfx    (  600): data activity sub= 0 refreshViews TRUE
01-18 14:23:36.420 I/CTMSimSignalCluster(  600): setMobileDataIndicators subscription=0
01-18 14:23:36.420 I/CTMSimSignalCluster(  600): setMobileDataIndicators strengthIcon 0=com.android.systemui:drawable/stat_sys_signal_null
01-18 14:23:36.420 I/CTMSimSignalCluster(  600): setMobileDataIndicators visible=true
01-18 14:23:36.420 I/CTMSimSignalCluster(  600): setMobileDataIndicators simServiceState=1 home null null 00000  Unknown CSS not supported 0 0 mDataState=1 RoamInd=1 DefRoamInd=1 EmergOnly=false
01-18 14:23:36.420 I/CTMSimSignalCluster(  600): setMobileDataIndicators isRoam=false
01-18 14:23:36.420 I/CTMSimSignalCluster(  600): setMobileDataIndicators dataConnect=false
01-18 14:23:36.420 I/CTMSimSignalCluster(  600): voice radio technology is0 isGSM = false isRoam= false
01-18 14:23:36.420 I/CTMSimSignalCluster(  600): voice radio technology is0 isGSM = false isRoam= false
01-18 14:23:36.420 I/CTMSimSignalCluster(  600): setMobileDataIndicators mMobileStrengthId[0]=com.android.systemui:drawable/stat_sys_signal_cdma_null mMobileStrengthId[1]=com.android.systemui:drawable/stat_sys_signal_cdma_null
01-18 14:23:36.420 I/CTMSimSignalCluster(  600): getAcitivyTypeIconId type=2 inout=0 subscription0
01-18 14:23:36.420 I/CTMSimSignalCluster(  600): SetMobileDataIndicators MNoSimIconVisiable 0=true
01-18 14:23:36.430 I/twfx    (  600): data activity sub= 0 refreshViews TRUE
01-18 14:23:36.430 I/CTMSimSignalCluster(  600): setMobileDataIndicators subscription=0
01-18 14:23:36.430 I/CTMSimSignalCluster(  600): setMobileDataIndicators strengthIcon 0=com.android.systemui:drawable/stat_sys_signal_null
01-18 14:23:36.430 I/CTMSimSignalCluster(  600): setMobileDataIndicators visible=true
01-18 14:23:36.430 I/CTMSimSignalCluster(  600): setMobileDataIndicators simServiceState=1 home null null 00000  Unknown CSS not supported 0 0 mDataState=1 RoamInd=1 DefRoamInd=1 EmergOnly=false
01-18 14:23:36.430 I/CTMSimSignalCluster(  600): setMobileDataIndicators isRoam=false
01-18 14:23:36.430 I/CTMSimSignalCluster(  600): setMobileDataIndicators dataConnect=false
01-18 14:23:36.430 I/CTMSimSignalCluster(  600): voice radio technology is0 isGSM = false isRoam= false
01-18 14:23:36.430 I/CTMSimSignalCluster(  600): voice radio technology is0 isGSM = false isRoam= false
01-18 14:23:36.430 I/CTMSimSignalCluster(  600): setMobileDataIndicators mMobileStrengthId[0]=com.android.systemui:drawable/stat_sys_signal_cdma_null mMobileStrengthId[1]=com.android.systemui:drawable/stat_sys_signal_cdma_null
01-18 14:23:36.430 I/CTMSimSignalCluster(  600): getAcitivyTypeIconId type=2 inout=0 subscription0
01-18 14:23:36.430 I/CTMSimSignalCluster(  600): SetMobileDataIndicators MNoSimIconVisiable 0=true
01-18 14:23:36.440 I/twfx    (  600): data activity sub= 0 refreshViews OVER ALMOST
01-18 14:23:36.440 I/twfx    (  600): data activity sub= 0 refreshViews last activity mLastDataDirectionOverlayIconId=0 true sub=0
01-18 14:23:37.410 D/AppActive( 1858): 1/CORE now 1484720617420
01-18 14:23:37.420 I/twfx    (  600): data activity sub= 0 refreshViews
01-18 14:23:37.430 I/twfx    (  600): data activity sub= 0 refreshViews mLastDataDirectionOverlayIconIdArray[subscription]=2130838071
01-18 14:23:37.430 I/twfx    (  600): data activity sub= 0 refreshViews TRUE
01-18 14:23:37.430 I/CTMSimSignalCluster(  600): setMobileDataIndicators subscription=0
01-18 14:23:37.430 I/CTMSimSignalCluster(  600): setMobileDataIndicators strengthIcon 0=com.android.systemui:drawable/stat_sys_signal_null
01-18 14:23:37.430 I/CTMSimSignalCluster(  600): setMobileDataIndicators visible=true
01-18 14:23:37.430 I/CTMSimSignalCluster(  600): setMobileDataIndicators simServiceState=1 home null null 00000  Unknown CSS not supported 0 0 mDataState=1 RoamInd=1 DefRoamInd=1 EmergOnly=false
01-18 14:23:37.430 I/CTMSimSignalCluster(  600): setMobileDataIndicators isRoam=false
01-18 14:23:37.430 I/CTMSimSignalCluster(  600): setMobileDataIndicators dataConnect=false
01-18 14:23:37.430 I/CTMSimSignalCluster(  600): voice radio technology is0 isGSM = false isRoam= false
01-18 14:23:37.430 I/CTMSimSignalCluster(  600): voice radio technology is0 isGSM = false isRoam= false
01-18 14:23:37.430 I/CTMSimSignalCluster(  600): setMobileDataIndicators mMobileStrengthId[0]=com.android.systemui:drawable/stat_sys_signal_cdma_null mMobileStrengthId[1]=com.android.systemui:drawable/stat_sys_signal_cdma_null
01-18 14:23:37.430 I/CTMSimSignalCluster(  600): getAcitivyTypeIconId type=2 inout=0 subscription0
01-18 14:23:37.430 I/CTMSimSignalCluster(  600): SetMobileDataIndicators MNoSimIconVisiable 0=true
01-18 14:23:37.440 I/twfx    (  600): data activity sub= 0 refreshViews TRUE
01-18 14:23:37.440 I/CTMSimSignalCluster(  600): setMobileDataIndicators subscription=0
01-18 14:23:37.440 I/CTMSimSignalCluster(  600): setMobileDataIndicators strengthIcon 0=com.android.systemui:drawable/stat_sys_signal_null
