01-18 14:23:07.350 I/CTMSimSignalCluster(  600): getAcitivyTypeIconId type=2 inout=0 subscription0
01-18 14:23:07.350 I/CTMSimSignalCluster(  600): SetMobileDataIndicators MNoSimIconVisiable 0=true
01-18 14:23:07.360 I/twfx    (  600): data activity sub= 0 refreshViews OVER ALMOST
01-18 14:23:07.360 I/twfx    (  600): data activity sub= 0 refreshViews last activity mLastDataDirectionOverlayIconId=2130838071 true sub=0
01-18 14:23:07.630 V/battery (  481): ACTION_BATTERY_CHANGED isbattery overheat =false
01-18 14:23:07.630 V/battery (  481): handleBatteryUpdate batteryUpdateInteresting=false
01-18 14:23:08.780 D/StateMachine(  481): handleMessage: E msg.what=131155
01-18 14:23:08.780 D/StateMachine(  481): processMsg: ConnectedState
01-18 14:23:08.780 D/WifiStateMachine(  481): ConnectedState{ what=131155 when=-4ms arg1=6 }
01-18 14:23:08.780 D/StateMachine(  481): processMsg: L2ConnectedState
01-18 14:23:08.780 D/WifiStateMachine(  481): L2ConnectedState{ what=131155 when=-4ms arg1=6 }
01-18 14:23:08.780 D/wpa_supplicant(  771): wpa_s 0x409865a0 cmd SIGNAL_POLL
01-18 14:23:08.790 D/wpa_supplicant(  771): nl80211: survey data missing!
01-18 14:23:08.790 D/StateMachine(  481): handleMessage: X
01-18 14:23:08.790 D/StatusBar.NetworkController(  600): updateWifiState intent:Intent { act=android.net.wifi.RSSI_CHANGED flg=0x8000010 (has extras) }
01-18 14:23:08.790 D/StatusBar.NetworkController(  600): in updateWifiIcons, mWifiConnected: true, mDataAndWifiStacked: false, mWifiLevel: 3
01-18 14:23:08.790 D/StatusBar.NetworkController(  600): lz mWifiSsid:431
01-18 14:23:08.790 D/StatusBar.NetworkController(  600): in updateWifiIcons, mFmcState: 0
01-18 14:23:08.790 I/twfx    (  600): data activity sub= 0 refreshViews
01-18 14:23:08.800 I/twfx    (  600): data activity sub= 0 refreshViews mLastDataDirectionOverlayIconIdArray[subscription]=0
01-18 14:23:08.800 I/twfx    (  600): data activity sub= 0 refreshViews TRUE
01-18 14:23:08.800 I/CTMSimSignalCluster(  600): setMobileDataIndicators subscription=0
01-18 14:23:08.800 I/CTMSimSignalCluster(  600): setMobileDataIndicators strengthIcon 0=com.android.systemui:drawable/stat_sys_signal_null
01-18 14:23:08.800 I/CTMSimSignalCluster(  600): setMobileDataIndicators visible=true
01-18 14:23:08.800 I/CTMSimSignalCluster(  600): setMobileDataIndicators simServiceState=1 home null null 00000  Unknown CSS not supported 0 0 mDataState=1 RoamInd=1 DefRoamInd=1 EmergOnly=false
01-18 14:23:08.800 I/CTMSimSignalCluster(  600): setMobileDataIndicators isRoam=false
01-18 14:23:08.800 I/CTMSimSignalCluster(  600): setMobileDataIndicators dataConnect=false
01-18 14:23:08.800 I/CTMSimSignalCluster(  600): voice radio technology is0 isGSM = false isRoam= false
01-18 14:23:08.800 I/CTMSimSignalCluster(  600): voice radio technology is0 isGSM = false isRoam= false
01-18 14:23:08.800 I/CTMSimSignalCluster(  600): setMobileDataIndicators mMobileStrengthId[0]=com.android.systemui:drawable/stat_sys_signal_cdma_null mMobileStrengthId[1]=com.android.systemui:drawable/stat_sys_signal_cdma_null
01-18 14:23:08.810 I/CTMSimSignalCluster(  600): getAcitivyTypeIconId type=2 inout=0 subscription0
01-18 14:23:08.810 I/CTMSimSignalCluster(  600): SetMobileDataIndicators MNoSimIconVisiable 0=true
01-18 14:23:08.810 I/twfx    (  600): data activity sub= 0 refreshViews TRUE
01-18 14:23:08.810 I/CTMSimSignalCluster(  600): setMobileDataIndicators subscription=0
01-18 14:23:08.810 I/CTMSimSignalCluster(  600): setMobileDataIndicators strengthIcon 0=com.android.systemui:drawable/stat_sys_signal_null
01-18 14:23:08.810 I/CTMSimSignalCluster(  600): setMobileDataIndicators visible=true
01-18 14:23:08.810 I/CTMSimSignalCluster(  600): setMobileDataIndicators simServiceState=1 home null null 00000  Unknown CSS not supported 0 0 mDataState=1 RoamInd=1 DefRoamInd=1 EmergOnly=false
01-18 14:23:08.810 I/CTMSimSignalCluster(  600): setMobileDataIndicators isRoam=false
01-18 14:23:08.810 I/CTMSimSignalCluster(  600): setMobileDataIndicators dataConnect=false
01-18 14:23:08.810 I/CTMSimSignalCluster(  600): voice radio technology is0 isGSM = false isRoam= false
01-18 14:23:08.810 I/CTMSimSignalCluster(  600): voice radio technology is0 isGSM = false isRoam= false
01-18 14:23:08.820 I/CTMSimSignalCluster(  600): setMobileDataIndicators mMobileStrengthId[0]=com.android.systemui:drawable/stat_sys_signal_cdma_null mMobileStrengthId[1]=com.android.systemui:drawable/stat_sys_signal_cdma_null
01-18 14:23:08.820 I/CTMSimSignalCluster(  600): getAcitivyTypeIconId type=2 inout=0 subscription0
01-18 14:23:08.820 I/CTMSimSignalCluster(  600): SetMobileDataIndicators MNoSimIconVisiable 0=true
01-18 14:23:08.820 I/twfx    (  600): data activity sub= 0 refreshViews OVER ALMOST
01-18 14:23:09.340 I/twfx    (  600): data activity sub= 0 refreshViews
01-18 14:23:09.340 I/twfx    (  600): data activity sub= 0 refreshViews mLastDataDirectionOverlayIconIdArray[subscription]=0
01-18 14:23:09.340 I/twfx    (  600): data activity sub= 0 refreshViews TRUE
01-18 14:23:09.340 I/CTMSimSignalCluster(  600): setMobileDataIndicators subscription=0
01-18 14:23:09.340 I/CTMSimSignalCluster(  600): setMobileDataIndicators strengthIcon 0=com.android.systemui:drawable/stat_sys_signal_null
01-18 14:23:09.340 I/CTMSimSignalCluster(  600): setMobileDataIndicators visible=true
01-18 14:23:09.340 I/CTMSimSignalCluster(  600): setMobileDataIndicators simServiceState=1 home null null 00000  Unknown CSS not supported 0 0 mDataState=1 RoamInd=1 DefRoamInd=1 EmergOnly=false
01-18 14:23:09.340 I/CTMSimSignalCluster(  600): setMobileDataIndicators isRoam=false
01-18 14:23:09.340 I/CTMSimSignalCluster(  600): setMobileDataIndicators dataConnect=false
01-18 14:23:09.340 I/CTMSimSignalCluster(  600): voice radio technology is0 isGSM = false isRoam= false
01-18 14:23:09.340 I/CTMSimSignalCluster(  600): voice radio technology is0 isGSM = false isRoam= false
01-18 14:23:09.340 I/CTMSimSignalCluster(  600): setMobileDataIndicators mMobileStrengthId[0]=com.android.systemui:drawable/stat_sys_signal_cdma_null mMobileStrengthId[1]=com.android.systemui:drawable/stat_sys_signal_cdma_null
01-18 14:23:09.350 I/CTMSimSignalCluster(  600): getAcitivyTypeIconId type=2 inout=0 subscription0
01-18 14:23:09.350 I/CTMSimSignalCluster(  600): SetMobileDataIndicators MNoSimIconVisiable 0=true
01-18 14:23:09.350 I/twfx    (  600): data activity sub= 0 refreshViews TRUE
01-18 14:23:09.350 I/CTMSimSignalCluster(  600): setMobileDataIndicators subscription=0
01-18 14:23:09.350 I/CTMSimSignalCluster(  600): setMobileDataIndicators strengthIcon 0=com.android.systemui:drawable/stat_sys_signal_null
01-18 14:23:09.350 I/CTMSimSignalCluster(  600): setMobileDataIndicators visible=true
01-18 14:23:09.350 I/CTMSimSignalCluster(  600): setMobileDataIndicators simServiceState=1 home null null 00000  Unknown CSS not supported 0 0 mDataState=1 RoamInd=1 DefRoamInd=1 EmergOnly=false
01-18 14:23:09.350 I/CTMSimSignalCluster(  600): setMobileDataIndicators isRoam=false
01-18 14:23:09.350 I/CTMSimSignalCluster(  600): setMobileDataIndicators dataConnect=false
01-18 14:23:09.350 I/CTMSimSignalCluster(  600): voice radio technology is0 isGSM = false isRoam= false
01-18 14:23:09.350 I/CTMSimSignalCluster(  600): voice radio technology is0 isGSM = false isRoam= false
01-18 14:23:09.350 I/CTMSimSignalCluster(  600): setMobileDataIndicators mMobileStrengthId[0]=com.android.systemui:drawable/stat_sys_signal_cdma_null mMobileStrengthId[1]=com.android.systemui:drawable/stat_sys_signal_cdma_null
01-18 14:23:09.360 I/CTMSimSignalCluster(  600): getAcitivyTypeIconId type=2 inout=0 subscription0
01-18 14:23:09.360 I/CTMSimSignalCluster(  600): SetMobileDataIndicators MNoSimIconVisiable 0=true
01-18 14:23:09.360 I/twfx    (  600): data activity sub= 0 refreshViews OVER ALMOST
01-18 14:23:09.370 I/twfx    (  600): data activity sub= 0 refreshViews last activity mLastDataDirectionOverlayIconId=0 true sub=0
01-18 14:23:10.340 I/twfx    (  600): data activity sub= 0 refreshViews
01-18 14:23:10.340 I/twfx    (  600): data activity sub= 0 refreshViews mLastDataDirectionOverlayIconIdArray[subscription]=2130838071
01-18 14:23:10.340 I/twfx    (  600): data activity sub= 0 refreshViews TRUE
01-18 14:23:10.340 I/CTMSimSignalCluster(  600): setMobileDataIndicators subscription=0
01-18 14:23:10.340 I/CTMSimSignalCluster(  600): setMobileDataIndicators strengthIcon 0=com.android.systemui:drawable/stat_sys_signal_null
01-18 14:23:10.340 I/CTMSimSignalCluster(  600): setMobileDataIndicators visible=true
01-18 14:23:10.350 I/CTMSimSignalCluster(  600): setMobileDataIndicators simServiceState=1 home null null 00000  Unknown CSS not supported 0 0 mDataState=1 RoamInd=1 DefRoamInd=1 EmergOnly=false
01-18 14:23:10.350 I/CTMSimSignalCluster(  600): setMobileDataIndicators isRoam=false
01-18 14:23:10.350 I/CTMSimSignalCluster(  600): setMobileDataIndicators dataConnect=false
01-18 14:23:10.350 I/CTMSimSignalCluster(  600): voice radio technology is0 isGSM = false isRoam= false
01-18 14:23:10.350 I/CTMSimSignalCluster(  600): voice radio technology is0 isGSM = false isRoam= false
01-18 14:23:10.350 I/CTMSimSignalCluster(  600): setMobileDataIndicators mMobileStrengthId[0]=com.android.systemui:drawable/stat_sys_signal_cdma_null mMobileStrengthId[1]=com.android.systemui:drawable/stat_sys_signal_cdma_null
01-18 14:23:10.350 I/CTMSimSignalCluster(  600): getAcitivyTypeIconId type=2 inout=0 subscription0
01-18 14:23:10.350 I/CTMSimSignalCluster(  600): SetMobileDataIndicators MNoSimIconVisiable 0=true
01-18 14:23:10.360 I/twfx    (  600): data activity sub= 0 refreshViews TRUE
01-18 14:23:10.360 I/CTMSimSignalCluster(  600): setMobileDataIndicators subscription=0
01-18 14:23:10.360 I/CTMSimSignalCluster(  600): setMobileDataIndicators strengthIcon 0=com.android.systemui:drawable/stat_sys_signal_null
01-18 14:23:10.360 I/CTMSimSignalCluster(  600): setMobileDataIndicators visible=true
01-18 14:23:10.360 I/CTMSimSignalCluster(  600): setMobileDataIndicators simServiceState=1 home null null 00000  Unknown CSS not supported 0 0 mDataState=1 RoamInd=1 DefRoamInd=1 EmergOnly=false
01-18 14:23:10.360 I/CTMSimSignalCluster(  600): setMobileDataIndicators isRoam=false
01-18 14:23:10.360 I/CTMSimSignalCluster(  600): setMobileDataIndicators dataConnect=false
01-18 14:23:10.360 I/CTMSimSignalCluster(  600): voice radio technology is0 isGSM = false isRoam= false
01-18 14:23:10.360 I/CTMSimSignalCluster(  600): voice radio technology is0 isGSM = false isRoam= false
01-18 14:23:10.360 I/CTMSimSignalCluster(  600): setMobileDataIndicators mMobileStrengthId[0]=com.android.systemui:drawable/stat_sys_signal_cdma_null mMobileStrengthId[1]=com.android.systemui:drawable/stat_sys_signal_cdma_null
01-18 14:23:10.360 I/CTMSimSignalCluster(  600): getAcitivyTypeIconId type=2 inout=0 subscription0
01-18 14:23:10.360 I/CTMSimSignalCluster(  600): SetMobileDataIndicators MNoSimIconVisiable 0=true
01-18 14:23:10.370 I/twfx    (  600): data activity sub= 0 refreshViews OVER ALMOST
01-18 14:23:10.370 I/twfx    (  600): data activity sub= 0 refreshViews last activity mLastDataDirectionOverlayIconId=2130838071 true sub=0
01-18 14:23:11.800 D/StateMachine(  481): handleMessage: E msg.what=131155
01-18 14:23:11.800 D/StateMachine(  481): processMsg: ConnectedState
01-18 14:23:11.800 D/WifiStateMachine(  481): ConnectedState{ what=131155 when=-4ms arg1=6 }
01-18 14:23:11.800 D/StateMachine(  481): processMsg: L2ConnectedState
01-18 14:23:11.800 D/WifiStateMachine(  481): L2ConnectedState{ what=131155 when=-4ms arg1=6 }
01-18 14:23:11.800 D/wpa_supplicant(  771): wpa_s 0x409865a0 cmd SIGNAL_POLL
01-18 14:23:11.800 D/wpa_supplicant(  771): nl80211: survey data missing!
01-18 14:23:11.800 D/StateMachine(  481): handleMessage: X
01-18 14:23:12.350 I/twfx    (  600): data activity sub= 0 refreshViews
01-18 14:23:12.350 I/twfx    (  600): data activity sub= 0 refreshViews mLastDataDirectionOverlayIconIdArray[subscription]=0
01-18 14:23:12.350 I/twfx    (  600): data activity sub= 0 refreshViews TRUE
01-18 14:23:12.350 I/CTMSimSignalCluster(  600): setMobileDataIndicators subscription=0
01-18 14:23:12.350 I/CTMSimSignalCluster(  600): setMobileDataIndicators strengthIcon 0=com.android.systemui:drawable/stat_sys_signal_null
01-18 14:23:12.350 I/CTMSimSignalCluster(  600): setMobileDataIndicators visible=true
01-18 14:23:12.350 I/CTMSimSignalCluster(  600): setMobileDataIndicators simServiceState=1 home null null 00000  Unknown CSS not supported 0 0 mDataState=1 RoamInd=1 DefRoamInd=1 EmergOnly=false
01-18 14:23:12.350 I/CTMSimSignalCluster(  600): setMobileDataIndicators isRoam=false
01-18 14:23:12.350 I/CTMSimSignalCluster(  600): setMobileDataIndicators dataConnect=false
01-18 14:23:12.350 I/CTMSimSignalCluster(  600): voice radio technology is0 isGSM = false isRoam= false
01-18 14:23:12.350 I/CTMSimSignalCluster(  600): voice radio technology is0 isGSM = false isRoam= false
01-18 14:23:12.350 I/CTMSimSignalCluster(  600): setMobileDataIndicators mMobileStrengthId[0]=com.android.systemui:drawable/stat_sys_signal_cdma_null mMobileStrengthId[1]=com.android.systemui:drawable/stat_sys_signal_cdma_null
01-18 14:23:12.350 I/CTMSimSignalCluster(  600): getAcitivyTypeIconId type=2 inout=0 subscription0
01-18 14:23:12.350 I/CTMSimSignalCluster(  600): SetMobileDataIndicators MNoSimIconVisiable 0=true
01-18 14:23:12.360 I/twfx    (  600): data activity sub= 0 refreshViews TRUE
01-18 14:23:12.360 I/CTMSimSignalCluster(  600): setMobileDataIndicators subscription=0
01-18 14:23:12.360 I/CTMSimSignalCluster(  600): setMobileDataIndicators strengthIcon 0=com.android.systemui:drawable/stat_sys_signal_null
01-18 14:23:12.360 I/CTMSimSignalCluster(  600): setMobileDataIndicators visible=true
01-18 14:23:12.360 I/CTMSimSignalCluster(  600): setMobileDataIndicators simServiceState=1 home null null 00000  Unknown CSS not supported 0 0 mDataState=1 RoamInd=1 DefRoamInd=1 EmergOnly=false
01-18 14:23:12.360 I/CTMSimSignalCluster(  600): setMobileDataIndicators isRoam=false
01-18 14:23:12.360 I/CTMSimSignalCluster(  600): setMobileDataIndicators dataConnect=false
01-18 14:23:12.360 I/CTMSimSignalCluster(  600): voice radio technology is0 isGSM = false isRoam= false
01-18 14:23:12.370 I/CTMSimSignalCluster(  600): voice radio technology is0 isGSM = false isRoam= false
01-18 14:23:12.370 I/CTMSimSignalCluster(  600): setMobileDataIndicators mMobileStrengthId[0]=com.android.systemui:drawable/stat_sys_signal_cdma_null mMobileStrengthId[1]=com.android.systemui:drawable/stat_sys_signal_cdma_null
01-18 14:23:12.370 I/CTMSimSignalCluster(  600): getAcitivyTypeIconId type=2 inout=0 subscription0
01-18 14:23:12.370 I/CTMSimSignalCluster(  600): SetMobileDataIndicators MNoSimIconVisiable 0=true
01-18 14:23:12.370 I/twfx    (  600): data activity sub= 0 refreshViews OVER ALMOST
01-18 14:23:12.370 I/twfx    (  600): data activity sub= 0 refreshViews last activity mLastDataDirectionOverlayIconId=0 true sub=0
01-18 14:23:12.540 D/PowerManager(  680): RILJ [acquire]
01-18 14:23:12.540 D/PowerManager(  680): RILJ [release]
01-18 14:23:13.350 I/twfx    (  600): data activity sub= 0 refreshViews
01-18 14:23:13.350 I/twfx    (  600): data activity sub= 0 refreshViews mLastDataDirectionOverlayIconIdArray[subscription]=2130838071
01-18 14:23:13.350 I/twfx    (  600): data activity sub= 0 refreshViews TRUE
01-18 14:23:13.350 I/CTMSimSignalCluster(  600): setMobileDataIndicators subscription=0
01-18 14:23:13.350 I/CTMSimSignalCluster(  600): setMobileDataIndicators strengthIcon 0=com.android.systemui:drawable/stat_sys_signal_null
01-18 14:23:13.350 I/CTMSimSignalCluster(  600): setMobileDataIndicators visible=true
01-18 14:23:13.350 I/CTMSimSignalCluster(  600): setMobileDataIndicators simServiceState=1 home null null 00000  Unknown CSS not supported 0 0 mDataState=1 RoamInd=1 DefRoamInd=1 EmergOnly=false
01-18 14:23:13.350 I/CTMSimSignalCluster(  600): setMobileDataIndicators isRoam=false
01-18 14:23:13.350 I/CTMSimSignalCluster(  600): setMobileDataIndicators dataConnect=false
01-18 14:23:13.350 I/CTMSimSignalCluster(  600): voice radio technology is0 isGSM = false isRoam= false
01-18 14:23:13.350 I/CTMSimSignalCluster(  600): voice radio technology is0 isGSM = false isRoam= false
01-18 14:23:13.360 I/CTMSimSignalCluster(  600): setMobileDataIndicators mMobileStrengthId[0]=com.android.systemui:drawable/stat_sys_signal_cdma_null mMobileStrengthId[1]=com.android.systemui:drawable/stat_sys_signal_cdma_null
01-18 14:23:13.360 I/CTMSimSignalCluster(  600): getAcitivyTypeIconId type=2 inout=0 subscription0
01-18 14:23:13.360 I/CTMSimSignalCluster(  600): SetMobileDataIndicators MNoSimIconVisiable 0=true
01-18 14:23:13.370 I/twfx    (  600): data activity sub= 0 refreshViews TRUE
01-18 14:23:13.370 I/CTMSimSignalCluster(  600): setMobileDataIndicators subscription=0
01-18 14:23:13.370 I/CTMSimSignalCluster(  600): setMobileDataIndicators strengthIcon 0=com.android.systemui:drawable/stat_sys_signal_null
01-18 14:23:13.370 I/CTMSimSignalCluster(  600): setMobileDataIndicators visible=true
01-18 14:23:13.370 I/CTMSimSignalCluster(  600): setMobileDataIndicators simServiceState=1 home null null 00000  Unknown CSS not supported 0 0 mDataState=1 RoamInd=1 DefRoamInd=1 EmergOnly=false
01-18 14:23:13.370 I/CTMSimSignalCluster(  600): setMobileDataIndicators isRoam=false
01-18 14:23:13.370 I/CTMSimSignalCluster(  600): setMobileDataIndicators dataConnect=false
01-18 14:23:13.370 I/CTMSimSignalCluster(  600): voice radio technology is0 isGSM = false isRoam= false
01-18 14:23:13.370 I/CTMSimSignalCluster(  600): voice radio technology is0 isGSM = false isRoam= false
01-18 14:23:13.370 I/CTMSimSignalCluster(  600): setMobileDataIndicators mMobileStrengthId[0]=com.android.systemui:drawable/stat_sys_signal_cdma_null mMobileStrengthId[1]=com.android.systemui:drawable/stat_sys_signal_cdma_null
01-18 14:23:13.370 I/CTMSimSignalCluster(  600): getAcitivyTypeIconId type=2 inout=0 subscription0
01-18 14:23:13.370 I/CTMSimSignalCluster(  600): SetMobileDataIndicators MNoSimIconVisiable 0=true
01-18 14:23:13.380 I/twfx    (  600): data activity sub= 0 refreshViews OVER ALMOST
01-18 14:23:13.380 I/twfx    (  600): data activity sub= 0 refreshViews last activity mLastDataDirectionOverlayIconId=2130838071 true sub=0
01-18 14:23:14.560 D/wpa_supplicant(  771): RTM_NEWLINK: operstate=1 ifi_flags=0x11043 ([UP][RUNNING][LOWER_UP])
01-18 14:23:14.560 D/wpa_supplicant(  771): RTM_NEWLINK, IFLA_IFNAME: Interface 'wlan0' added
01-18 14:23:14.560 D/wpa_supplicant(  771): nl80211: if_removed already cleared - ignore event
01-18 14:23:14.810 D/StateMachine(  481): handleMessage: E msg.what=131155
01-18 14:23:14.810 D/StateMachine(  481): processMsg: ConnectedState
01-18 14:23:14.810 D/WifiStateMachine(  481): ConnectedState{ what=131155 when=-4ms arg1=6 }
01-18 14:23:14.810 D/StateMachine(  481): processMsg: L2ConnectedState
01-18 14:23:14.810 D/WifiStateMachine(  481): L2ConnectedState{ what=131155 when=-4ms arg1=6 }
01-18 14:23:14.810 D/wpa_supplicant(  771): wpa_s 0x409865a0 cmd SIGNAL_POLL
01-18 14:23:14.810 D/wpa_supplicant(  771): nl80211: survey data missing!
01-18 14:23:14.820 D/StateMachine(  481): handleMessage: X
01-18 14:23:14.820 D/StatusBar.NetworkController(  600): updateWifiState intent:Intent { act=android.net.wifi.RSSI_CHANGED flg=0x8000010 (has extras) }
01-18 14:23:14.820 D/StatusBar.NetworkController(  600): in updateWifiIcons, mWifiConnected: true, mDataAndWifiStacked: false, mWifiLevel: 2
01-18 14:23:14.820 D/StatusBar.NetworkController(  600): lz mWifiSsid:431
01-18 14:23:14.820 D/StatusBar.NetworkController(  600): in updateWifiIcons, mFmcState: 0
01-18 14:23:14.820 I/twfx    (  600): data activity sub= 0 refreshViews
01-18 14:23:14.820 I/twfx    (  600): data activity sub= 0 refreshViews mLastDataDirectionOverlayIconIdArray[subscription]=0
01-18 14:23:14.820 I/twfx    (  600): data activity sub= 0 refreshViews TRUE
01-18 14:23:14.830 I/CTMSimSignalCluster(  600): setMobileDataIndicators subscription=0
01-18 14:23:14.830 I/CTMSimSignalCluster(  600): setMobileDataIndicators strengthIcon 0=com.android.systemui:drawable/stat_sys_signal_null
01-18 14:23:14.830 I/CTMSimSignalCluster(  600): setMobileDataIndicators visible=true
01-18 14:23:14.830 I/CTMSimSignalCluster(  600): setMobileDataIndicators simServiceState=1 home null null 00000  Unknown CSS not supported 0 0 mDataState=1 RoamInd=1 DefRoamInd=1 EmergOnly=false
01-18 14:23:14.830 I/CTMSimSignalCluster(  600): setMobileDataIndicators isRoam=false
01-18 14:23:14.830 I/CTMSimSignalCluster(  600): setMobileDataIndicators dataConnect=false
01-18 14:23:14.830 I/CTMSimSignalCluster(  600): voice radio technology is0 isGSM = false isRoam= false
01-18 14:23:14.830 I/CTMSimSignalCluster(  600): voice radio technology is0 isGSM = false isRoam= false
01-18 14:23:14.830 I/CTMSimSignalCluster(  600): setMobileDataIndicators mMobileStrengthId[0]=com.android.systemui:drawable/stat_sys_signal_cdma_null mMobileStrengthId[1]=com.android.systemui:drawable/stat_sys_signal_cdma_null
01-18 14:23:14.830 I/CTMSimSignalCluster(  600): getAcitivyTypeIconId type=2 inout=0 subscription0
01-18 14:23:14.830 I/CTMSimSignalCluster(  600): SetMobileDataIndicators MNoSimIconVisiable 0=true
01-18 14:23:14.840 I/twfx    (  600): data activity sub= 0 refreshViews TRUE
01-18 14:23:14.840 I/CTMSimSignalCluster(  600): setMobileDataIndicators subscription=0
01-18 14:23:14.840 I/CTMSimSignalCluster(  600): setMobileDataIndicators strengthIcon 0=com.android.systemui:drawable/stat_sys_signal_null
01-18 14:23:14.840 I/CTMSimSignalCluster(  600): setMobileDataIndicators visible=true
01-18 14:23:14.840 I/CTMSimSignalCluster(  600): setMobileDataIndicators simServiceState=1 home null null 00000  Unknown CSS not supported 0 0 mDataState=1 RoamInd=1 DefRoamInd=1 EmergOnly=false
01-18 14:23:14.840 I/CTMSimSignalCluster(  600): setMobileDataIndicators isRoam=false
01-18 14:23:14.840 I/CTMSimSignalCluster(  600): setMobileDataIndicators dataConnect=false
01-18 14:23:14.840 I/CTMSimSignalCluster(  600): voice radio technology is0 isGSM = false isRoam= false
01-18 14:23:14.840 I/CTMSimSignalCluster(  600): voice radio technology is0 isGSM = false isRoam= false
01-18 14:23:14.840 I/CTMSimSignalCluster(  600): setMobileDataIndicators mMobileStrengthId[0]=com.android.systemui:drawable/stat_sys_signal_cdma_null mMobileStrengthId[1]=com.android.systemui:drawable/stat_sys_signal_cdma_null
01-18 14:23:14.840 I/CTMSimSignalCluster(  600): getAcitivyTypeIconId type=2 inout=0 subscription0
01-18 14:23:14.840 I/CTMSimSignalCluster(  600): SetMobileDataIndicators MNoSimIconVisiable 0=true
01-18 14:23:14.850 I/twfx    (  600): data activity sub= 0 refreshViews OVER ALMOST
01-18 14:23:15.350 I/twfx    (  600): data activity sub= 0 refreshViews
01-18 14:23:15.350 I/twfx    (  600): data activity sub= 0 refreshViews mLastDataDirectionOverlayIconIdArray[subscription]=0
01-18 14:23:15.360 I/twfx    (  600): data activity sub= 0 refreshViews TRUE
01-18 14:23:15.360 I/CTMSimSignalCluster(  600): setMobileDataIndicators subscription=0
01-18 14:23:15.360 I/CTMSimSignalCluster(  600): setMobileDataIndicators strengthIcon 0=com.android.systemui:drawable/stat_sys_signal_null
01-18 14:23:15.360 I/CTMSimSignalCluster(  600): setMobileDataIndicators visible=true
01-18 14:23:15.360 I/CTMSimSignalCluster(  600): setMobileDataIndicators simServiceState=1 home null null 00000  Unknown CSS not supported 0 0 mDataState=1 RoamInd=1 DefRoamInd=1 EmergOnly=false
01-18 14:23:15.360 I/CTMSimSignalCluster(  600): setMobileDataIndicators isRoam=false
01-18 14:23:15.360 I/CTMSimSignalCluster(  600): setMobileDataIndicators dataConnect=false
01-18 14:23:15.360 I/CTMSimSignalCluster(  600): voice radio technology is0 isGSM = false isRoam= false
01-18 14:23:15.360 I/CTMSimSignalCluster(  600): voice radio technology is0 isGSM = false isRoam= false
01-18 14:23:15.360 I/CTMSimSignalCluster(  600): setMobileDataIndicators mMobileStrengthId[0]=com.android.systemui:drawable/stat_sys_signal_cdma_null mMobileStrengthId[1]=com.android.systemui:drawable/stat_sys_signal_cdma_null
01-18 14:23:15.370 I/CTMSimSignalCluster(  600): getAcitivyTypeIconId type=2 inout=0 subscription0
01-18 14:23:15.370 I/CTMSimSignalCluster(  600): SetMobileDataIndicators MNoSimIconVisiable 0=true
01-18 14:23:15.370 I/twfx    (  600): data activity sub= 0 refreshViews TRUE
01-18 14:23:15.370 I/CTMSimSignalCluster(  600): setMobileDataIndicators subscription=0
01-18 14:23:15.370 I/CTMSimSignalCluster(  600): setMobileDataIndicators strengthIcon 0=com.android.systemui:drawable/stat_sys_signal_null
01-18 14:23:15.370 I/CTMSimSignalCluster(  600): setMobileDataIndicators visible=true
01-18 14:23:15.370 I/CTMSimSignalCluster(  600): setMobileDataIndicators simServiceState=1 home null null 00000  Unknown CSS not supported 0 0 mDataState=1 RoamInd=1 DefRoamInd=1 EmergOnly=false
01-18 14:23:15.370 I/CTMSimSignalCluster(  600): setMobileDataIndicators isRoam=false
01-18 14:23:15.370 I/CTMSimSignalCluster(  600): setMobileDataIndicators dataConnect=false
01-18 14:23:15.370 I/CTMSimSignalCluster(  600): voice radio technology is0 isGSM = false isRoam= false
01-18 14:23:15.370 I/CTMSimSignalCluster(  600): voice radio technology is0 isGSM = false isRoam= false
01-18 14:23:15.370 I/CTMSimSignalCluster(  600): setMobileDataIndicators mMobileStrengthId[0]=com.android.systemui:drawable/stat_sys_signal_cdma_null mMobileStrengthId[1]=com.android.systemui:drawable/stat_sys_signal_cdma_null
01-18 14:23:15.380 I/CTMSimSignalCluster(  600): getAcitivyTypeIconId type=2 inout=0 subscription0
01-18 14:23:15.380 I/CTMSimSignalCluster(  600): SetMobileDataIndicators MNoSimIconVisiable 0=true
01-18 14:23:15.380 I/twfx    (  600): data activity sub= 0 refreshViews OVER ALMOST
01-18 14:23:15.380 I/twfx    (  600): data activity sub= 0 refreshViews last activity mLastDataDirectionOverlayIconId=0 true sub=0
01-18 14:23:16.360 I/twfx    (  600): data activity sub= 0 refreshViews
01-18 14:23:16.360 I/twfx    (  600): data activity sub= 0 refreshViews mLastDataDirectionOverlayIconIdArray[subscription]=2130838071
01-18 14:23:16.360 I/twfx    (  600): data activity sub= 0 refreshViews TRUE
01-18 14:23:16.370 I/CTMSimSignalCluster(  600): setMobileDataIndicators subscription=0
01-18 14:23:16.370 I/CTMSimSignalCluster(  600): setMobileDataIndicators strengthIcon 0=com.android.systemui:drawable/stat_sys_signal_null
01-18 14:23:16.370 I/CTMSimSignalCluster(  600): setMobileDataIndicators visible=true
01-18 14:23:16.370 I/CTMSimSignalCluster(  600): setMobileDataIndicators simServiceState=1 home null null 00000  Unknown CSS not supported 0 0 mDataState=1 RoamInd=1 DefRoamInd=1 EmergOnly=false
01-18 14:23:16.370 I/CTMSimSignalCluster(  600): setMobileDataIndicators isRoam=false
01-18 14:23:16.370 I/CTMSimSignalCluster(  600): setMobileDataIndicators dataConnect=false
01-18 14:23:16.370 I/CTMSimSignalCluster(  600): voice radio technology is0 isGSM = false isRoam= false
01-18 14:23:16.370 I/CTMSimSignalCluster(  600): voice radio technology is0 isGSM = false isRoam= false
01-18 14:23:16.370 I/CTMSimSignalCluster(  600): setMobileDataIndicators mMobileStrengthId[0]=com.android.systemui:drawable/stat_sys_signal_cdma_null mMobileStrengthId[1]=com.android.systemui:drawable/stat_sys_signal_cdma_null
01-18 14:23:16.370 I/CTMSimSignalCluster(  600): getAcitivyTypeIconId type=2 inout=0 subscription0
01-18 14:23:16.370 I/CTMSimSignalCluster(  600): SetMobileDataIndicators MNoSimIconVisiable 0=true
01-18 14:23:16.380 I/twfx    (  600): data activity sub= 0 refreshViews TRUE
01-18 14:23:16.380 I/CTMSimSignalCluster(  600): setMobileDataIndicators subscription=0
01-18 14:23:16.380 I/CTMSimSignalCluster(  600): setMobileDataIndicators strengthIcon 0=com.android.systemui:drawable/stat_sys_signal_null
01-18 14:23:16.380 I/CTMSimSignalCluster(  600): setMobileDataIndicators visible=true
01-18 14:23:16.380 I/CTMSimSignalCluster(  600): setMobileDataIndicators simServiceState=1 home null null 00000  Unknown CSS not supported 0 0 mDataState=1 RoamInd=1 DefRoamInd=1 EmergOnly=false
01-18 14:23:16.380 I/CTMSimSignalCluster(  600): setMobileDataIndicators isRoam=false
01-18 14:23:16.380 I/CTMSimSignalCluster(  600): setMobileDataIndicators dataConnect=false
01-18 14:23:16.380 I/CTMSimSignalCluster(  600): voice radio technology is0 isGSM = false isRoam= false
01-18 14:23:16.380 I/CTMSimSignalCluster(  600): voice radio technology is0 isGSM = false isRoam= false
01-18 14:23:16.380 I/CTMSimSignalCluster(  600): setMobileDataIndicators mMobileStrengthId[0]=com.android.systemui:drawable/stat_sys_signal_cdma_null mMobileStrengthId[1]=com.android.systemui:drawable/stat_sys_signal_cdma_null
01-18 14:23:16.380 I/CTMSimSignalCluster(  600): getAcitivyTypeIconId type=2 inout=0 subscription0
01-18 14:23:16.380 I/CTMSimSignalCluster(  600): SetMobileDataIndicators MNoSimIconVisiable 0=true
01-18 14:23:16.390 I/twfx    (  600): data activity sub= 0 refreshViews OVER ALMOST
01-18 14:23:16.390 I/twfx    (  600): data activity sub= 0 refreshViews last activity mLastDataDirectionOverlayIconId=2130838071 true sub=0
01-18 14:23:17.830 D/StateMachine(  481): handleMessage: E msg.what=131155
01-18 14:23:17.830 D/StateMachine(  481): processMsg: ConnectedState
01-18 14:23:17.830 D/WifiStateMachine(  481): ConnectedState{ what=131155 when=-4ms arg1=6 }
01-18 14:23:17.830 D/StateMachine(  481): processMsg: L2ConnectedState
01-18 14:23:17.830 D/WifiStateMachine(  481): L2ConnectedState{ what=131155 when=-4ms arg1=6 }
01-18 14:23:17.830 D/wpa_supplicant(  771): wpa_s 0x409865a0 cmd SIGNAL_POLL
01-18 14:23:17.830 D/wpa_supplicant(  771): nl80211: survey data missing!
01-18 14:23:17.830 D/StateMachine(  481): handleMessage: X
01-18 14:23:17.840 D/StatusBar.NetworkController(  600): updateWifiState intent:Intent { act=android.net.wifi.RSSI_CHANGED flg=0x8000010 (has extras) }
01-18 14:23:17.840 D/StatusBar.NetworkController(  600): in updateWifiIcons, mWifiConnected: true, mDataAndWifiStacked: false, mWifiLevel: 3
01-18 14:23:17.840 D/StatusBar.NetworkController(  600): lz mWifiSsid:431
01-18 14:23:17.840 D/StatusBar.NetworkController(  600): in updateWifiIcons, mFmcState: 0
01-18 14:23:17.840 I/twfx    (  600): data activity sub= 0 refreshViews
01-18 14:23:17.840 I/twfx    (  600): data activity sub= 0 refreshViews mLastDataDirectionOverlayIconIdArray[subscription]=2130838070
01-18 14:23:17.840 I/twfx    (  600): data activity sub= 0 refreshViews TRUE
01-18 14:23:17.840 I/CTMSimSignalCluster(  600): setMobileDataIndicators subscription=0
01-18 14:23:17.840 I/CTMSimSignalCluster(  600): setMobileDataIndicators strengthIcon 0=com.android.systemui:drawable/stat_sys_signal_null
01-18 14:23:17.840 I/CTMSimSignalCluster(  600): setMobileDataIndicators visible=true
01-18 14:23:17.840 I/CTMSimSignalCluster(  600): setMobileDataIndicators simServiceState=1 home null null 00000  Unknown CSS not supported 0 0 mDataState=1 RoamInd=1 DefRoamInd=1 EmergOnly=false
01-18 14:23:17.840 I/CTMSimSignalCluster(  600): setMobileDataIndicators isRoam=false
01-18 14:23:17.840 I/CTMSimSignalCluster(  600): setMobileDataIndicators dataConnect=false
01-18 14:23:17.840 I/CTMSimSignalCluster(  600): voice radio technology is0 isGSM = false isRoam= false
01-18 14:23:17.840 I/CTMSimSignalCluster(  600): voice radio technology is0 isGSM = false isRoam= false
01-18 14:23:17.850 I/CTMSimSignalCluster(  600): setMobileDataIndicators mMobileStrengthId[0]=com.android.systemui:drawable/stat_sys_signal_cdma_null mMobileStrengthId[1]=com.android.systemui:drawable/stat_sys_signal_cdma_null
01-18 14:23:17.850 I/CTMSimSignalCluster(  600): getAcitivyTypeIconId type=2 inout=0 subscription0
01-18 14:23:17.850 I/CTMSimSignalCluster(  600): SetMobileDataIndicators MNoSimIconVisiable 0=true
01-18 14:23:17.850 I/twfx    (  600): data activity sub= 0 refreshViews TRUE
01-18 14:23:17.850 I/CTMSimSignalCluster(  600): setMobileDataIndicators subscription=0
01-18 14:23:17.850 I/CTMSimSignalCluster(  600): setMobileDataIndicators strengthIcon 0=com.android.systemui:drawable/stat_sys_signal_null
01-18 14:23:17.850 I/CTMSimSignalCluster(  600): setMobileDataIndicators visible=true
01-18 14:23:17.850 I/CTMSimSignalCluster(  600): setMobileDataIndicators simServiceState=1 home null null 00000  Unknown CSS not supported 0 0 mDataState=1 RoamInd=1 DefRoamInd=1 EmergOnly=false
01-18 14:23:17.850 I/CTMSimSignalCluster(  600): setMobileDataIndicators isRoam=false
01-18 14:23:17.850 I/CTMSimSignalCluster(  600): setMobileDataIndicators dataConnect=false
01-18 14:23:17.850 I/CTMSimSignalCluster(  600): voice radio technology is0 isGSM = false isRoam= false
01-18 14:23:17.850 I/CTMSimSignalCluster(  600): voice radio technology is0 isGSM = false isRoam= false
01-18 14:23:17.860 I/CTMSimSignalCluster(  600): setMobileDataIndicators mMobileStrengthId[0]=com.android.systemui:drawable/stat_sys_signal_cdma_null mMobileStrengthId[1]=com.android.systemui:drawable/stat_sys_signal_cdma_null
01-18 14:23:17.860 I/CTMSimSignalCluster(  600): getAcitivyTypeIconId type=2 inout=0 subscription0
01-18 14:23:17.860 I/CTMSimSignalCluster(  600): SetMobileDataIndicators MNoSimIconVisiable 0=true
01-18 14:23:17.860 I/twfx    (  600): data activity sub= 0 refreshViews OVER ALMOST
01-18 14:23:18.360 I/twfx    (  600): data activity sub= 0 refreshViews
01-18 14:23:18.360 I/twfx    (  600): data activity sub= 0 refreshViews mLastDataDirectionOverlayIconIdArray[subscription]=2130838070
01-18 14:23:18.360 I/twfx    (  600): data activity sub= 0 refreshViews TRUE
01-18 14:23:18.370 I/CTMSimSignalCluster(  600): setMobileDataIndicators subscription=0
01-18 14:23:18.370 I/CTMSimSignalCluster(  600): setMobileDataIndicators strengthIcon 0=com.android.systemui:drawable/stat_sys_signal_null
01-18 14:23:18.370 I/CTMSimSignalCluster(  600): setMobileDataIndicators visible=true
01-18 14:23:18.370 I/CTMSimSignalCluster(  600): setMobileDataIndicators simServiceState=1 home null null 00000  Unknown CSS not supported 0 0 mDataState=1 RoamInd=1 DefRoamInd=1 EmergOnly=false
01-18 14:23:18.370 I/CTMSimSignalCluster(  600): setMobileDataIndicators isRoam=false
01-18 14:23:18.370 I/CTMSimSignalCluster(  600): setMobileDataIndicators dataConnect=false
01-18 14:23:18.370 I/CTMSimSignalCluster(  600): voice radio technology is0 isGSM = false isRoam= false
01-18 14:23:18.370 I/CTMSimSignalCluster(  600): voice radio technology is0 isGSM = false isRoam= false
01-18 14:23:18.370 I/CTMSimSignalCluster(  600): setMobileDataIndicators mMobileStrengthId[0]=com.android.systemui:drawable/stat_sys_signal_cdma_null mMobileStrengthId[1]=com.android.systemui:drawable/stat_sys_signal_cdma_null
01-18 14:23:18.370 I/CTMSimSignalCluster(  600): getAcitivyTypeIconId type=2 inout=0 subscription0
01-18 14:23:18.370 I/CTMSimSignalCluster(  600): SetMobileDataIndicators MNoSimIconVisiable 0=true
01-18 14:23:18.380 I/twfx    (  600): data activity sub= 0 refreshViews TRUE
01-18 14:23:18.380 I/CTMSimSignalCluster(  600): setMobileDataIndicators subscription=0
01-18 14:23:18.380 I/CTMSimSignalCluster(  600): setMobileDataIndicators strengthIcon 0=com.android.systemui:drawable/stat_sys_signal_null
01-18 14:23:18.380 I/CTMSimSignalCluster(  600): setMobileDataIndicators visible=true
01-18 14:23:18.380 I/CTMSimSignalCluster(  600): setMobileDataIndicators simServiceState=1 home null null 00000  Unknown CSS not supported 0 0 mDataState=1 RoamInd=1 DefRoamInd=1 EmergOnly=false
01-18 14:23:18.380 I/CTMSimSignalCluster(  600): setMobileDataIndicators isRoam=false
01-18 14:23:18.380 I/CTMSimSignalCluster(  600): setMobileDataIndicators dataConnect=false
01-18 14:23:18.380 I/CTMSimSignalCluster(  600): voice radio technology is0 isGSM = false isRoam= false
01-18 14:23:18.380 I/CTMSimSignalCluster(  600): voice radio technology is0 isGSM = false isRoam= false
01-18 14:23:18.380 I/CTMSimSignalCluster(  600): setMobileDataIndicators mMobileStrengthId[0]=com.android.systemui:drawable/stat_sys_signal_cdma_null mMobileStrengthId[1]=com.android.systemui:drawable/stat_sys_signal_cdma_null
01-18 14:23:18.380 I/CTMSimSignalCluster(  600): getAcitivyTypeIconId type=2 inout=0 subscription0
01-18 14:23:18.380 I/CTMSimSignalCluster(  600): SetMobileDataIndicators MNoSimIconVisiable 0=true
01-18 14:23:18.390 I/twfx    (  600): data activity sub= 0 refreshViews OVER ALMOST
01-18 14:23:18.390 I/twfx    (  600): data activity sub= 0 refreshViews last activity mLastDataDirectionOverlayIconId=2130838070 true sub=0
01-18 14:23:19.370 I/twfx    (  600): data activity sub= 0 refreshViews
01-18 14:23:19.370 I/twfx    (  600): data activity sub= 0 refreshViews mLastDataDirectionOverlayIconIdArray[subscription]=2130838071
01-18 14:23:19.370 I/twfx    (  600): data activity sub= 0 refreshViews TRUE
01-18 14:23:19.370 I/CTMSimSignalCluster(  600): setMobileDataIndicators subscription=0
01-18 14:23:19.370 I/CTMSimSignalCluster(  600): setMobileDataIndicators strengthIcon 0=com.android.systemui:drawable/stat_sys_signal_null
01-18 14:23:19.370 I/CTMSimSignalCluster(  600): setMobileDataIndicators visible=true
01-18 14:23:19.370 I/CTMSimSignalCluster(  600): setMobileDataIndicators simServiceState=1 home null null 00000  Unknown CSS not supported 0 0 mDataState=1 RoamInd=1 DefRoamInd=1 EmergOnly=false
01-18 14:23:19.370 I/CTMSimSignalCluster(  600): setMobileDataIndicators isRoam=false
01-18 14:23:19.370 I/CTMSimSignalCluster(  600): setMobileDataIndicators dataConnect=false
01-18 14:23:19.370 I/CTMSimSignalCluster(  600): voice radio technology is0 isGSM = false isRoam= false
01-18 14:23:19.370 I/CTMSimSignalCluster(  600): voice radio technology is0 isGSM = false isRoam= false
01-18 14:23:19.370 I/CTMSimSignalCluster(  600): setMobileDataIndicators mMobileStrengthId[0]=com.android.systemui:drawable/stat_sys_signal_cdma_null mMobileStrengthId[1]=com.android.systemui:drawable/stat_sys_signal_cdma_null
01-18 14:23:19.370 I/CTMSimSignalCluster(  600): getAcitivyTypeIconId type=2 inout=0 subscription0
01-18 14:23:19.370 I/CTMSimSignalCluster(  600): SetMobileDataIndicators MNoSimIconVisiable 0=true
01-18 14:23:19.380 I/twfx    (  600): data activity sub= 0 refreshViews TRUE
01-18 14:23:19.380 I/CTMSimSignalCluster(  600): setMobileDataIndicators subscription=0
01-18 14:23:19.380 I/CTMSimSignalCluster(  600): setMobileDataIndicators strengthIcon 0=com.android.systemui:drawable/stat_sys_signal_null
01-18 14:23:19.380 I/CTMSimSignalCluster(  600): setMobileDataIndicators visible=true
01-18 14:23:19.380 I/CTMSimSignalCluster(  600): setMobileDataIndicators simServiceState=1 home null null 00000  Unknown CSS not supported 0 0 mDataState=1 RoamInd=1 DefRoamInd=1 EmergOnly=false
01-18 14:23:19.380 I/CTMSimSignalCluster(  600): setMobileDataIndicators isRoam=false
01-18 14:23:19.380 I/CTMSimSignalCluster(  600): setMobileDataIndicators dataConnect=false
01-18 14:23:19.380 I/CTMSimSignalCluster(  600): voice radio technology is0 isGSM = false isRoam= false
01-18 14:23:19.380 I/CTMSimSignalCluster(  600): voice radio technology is0 isGSM = false isRoam= false
01-18 14:23:19.380 I/CTMSimSignalCluster(  600): setMobileDataIndicators mMobileStrengthId[0]=com.android.systemui:drawable/stat_sys_signal_cdma_null mMobileStrengthId[1]=com.android.systemui:drawable/stat_sys_signal_cdma_null
01-18 14:23:19.380 I/CTMSimSignalCluster(  600): getAcitivyTypeIconId type=2 inout=0 subscription0
01-18 14:23:19.380 I/CTMSimSignalCluster(  600): SetMobileDataIndicators MNoSimIconVisiable 0=true
01-18 14:23:19.390 I/twfx    (  600): data activity sub= 0 refreshViews OVER ALMOST
01-18 14:23:19.390 I/twfx    (  600): data activity sub= 0 refreshViews last activity mLastDataDirectionOverlayIconId=2130838071 true sub=0
01-18 14:23:20.840 D/StateMachine(  481): handleMessage: E msg.what=131155
01-18 14:23:20.840 D/StateMachine(  481): processMsg: ConnectedState
01-18 14:23:20.840 D/WifiStateMachine(  481): ConnectedState{ what=131155 when=-3ms arg1=6 }
01-18 14:23:20.840 D/StateMachine(  481): processMsg: L2ConnectedState
01-18 14:23:20.840 D/WifiStateMachine(  481): L2ConnectedState{ what=131155 when=-4ms arg1=6 }
01-18 14:23:20.840 D/wpa_supplicant(  771): wpa_s 0x409865a0 cmd SIGNAL_POLL
01-18 14:23:20.840 D/wpa_supplicant(  771): nl80211: survey data missing!
01-18 14:23:20.840 D/StateMachine(  481): handleMessage: X
01-18 14:23:21.370 I/twfx    (  600): data activity sub= 0 refreshViews
01-18 14:23:21.370 I/twfx    (  600): data activity sub= 0 refreshViews mLastDataDirectionOverlayIconIdArray[subscription]=0
01-18 14:23:21.370 I/twfx    (  600): data activity sub= 0 refreshViews TRUE
01-18 14:23:21.380 I/CTMSimSignalCluster(  600): setMobileDataIndicators subscription=0
01-18 14:23:21.380 I/CTMSimSignalCluster(  600): setMobileDataIndicators strengthIcon 0=com.android.systemui:drawable/stat_sys_signal_null
01-18 14:23:21.380 I/CTMSimSignalCluster(  600): setMobileDataIndicators visible=true
01-18 14:23:21.380 I/CTMSimSignalCluster(  600): setMobileDataIndicators simServiceState=1 home null null 00000  Unknown CSS not supported 0 0 mDataState=1 RoamInd=1 DefRoamInd=1 EmergOnly=false
01-18 14:23:21.380 I/CTMSimSignalCluster(  600): setMobileDataIndicators isRoam=false
01-18 14:23:21.380 I/CTMSimSignalCluster(  600): setMobileDataIndicators dataConnect=false
01-18 14:23:21.380 I/CTMSimSignalCluster(  600): voice radio technology is0 isGSM = false isRoam= false
01-18 14:23:21.380 I/CTMSimSignalCluster(  600): voice radio technology is0 isGSM = false isRoam= false
01-18 14:23:21.380 I/CTMSimSignalCluster(  600): setMobileDataIndicators mMobileStrengthId[0]=com.android.systemui:drawable/stat_sys_signal_cdma_null mMobileStrengthId[1]=com.android.systemui:drawable/stat_sys_signal_cdma_null
01-18 14:23:21.380 I/CTMSimSignalCluster(  600): getAcitivyTypeIconId type=2 inout=0 subscription0
01-18 14:23:21.380 I/CTMSimSignalCluster(  600): SetMobileDataIndicators MNoSimIconVisiable 0=true
01-18 14:23:21.390 I/twfx    (  600): data activity sub= 0 refreshViews TRUE
01-18 14:23:21.390 I/CTMSimSignalCluster(  600): setMobileDataIndicators subscription=0
01-18 14:23:21.390 I/CTMSimSignalCluster(  600): setMobileDataIndicators strengthIcon 0=com.android.systemui:drawable/stat_sys_signal_null
01-18 14:23:21.390 I/CTMSimSignalCluster(  600): setMobileDataIndicators visible=true
01-18 14:23:21.390 I/CTMSimSignalCluster(  600): setMobileDataIndicators simServiceState=1 home null null 00000  Unknown CSS not supported 0 0 mDataState=1 RoamInd=1 DefRoamInd=1 EmergOnly=false
01-18 14:23:21.390 I/CTMSimSignalCluster(  600): setMobileDataIndicators isRoam=false
01-18 14:23:21.390 I/CTMSimSignalCluster(  600): setMobileDataIndicators dataConnect=false
01-18 14:23:21.390 I/CTMSimSignalCluster(  600): voice radio technology is0 isGSM = false isRoam= false
01-18 14:23:21.390 I/CTMSimSignalCluster(  600): voice radio technology is0 isGSM = false isRoam= false
01-18 14:23:21.390 I/CTMSimSignalCluster(  600): setMobileDataIndicators mMobileStrengthId[0]=com.android.systemui:drawable/stat_sys_signal_cdma_null mMobileStrengthId[1]=com.android.systemui:drawable/stat_sys_signal_cdma_null
01-18 14:23:21.390 I/CTMSimSignalCluster(  600): getAcitivyTypeIconId type=2 inout=0 subscription0
01-18 14:23:21.390 I/CTMSimSignalCluster(  600): SetMobileDataIndicators MNoSimIconVisiable 0=true
01-18 14:23:21.400 I/twfx    (  600): data activity sub= 0 refreshViews OVER ALMOST
01-18 14:23:21.400 I/twfx    (  600): data activity sub= 0 refreshViews last activity mLastDataDirectionOverlayIconId=0 true sub=0
01-18 14:23:22.370 I/twfx    (  600): data activity sub= 0 refreshViews
01-18 14:23:22.380 I/twfx    (  600): data activity sub= 0 refreshViews mLastDataDirectionOverlayIconIdArray[subscription]=2130838071
01-18 14:23:22.380 I/twfx    (  600): data activity sub= 0 refreshViews TRUE
01-18 14:23:22.380 I/CTMSimSignalCluster(  600): setMobileDataIndicators subscription=0
01-18 14:23:22.380 I/CTMSimSignalCluster(  600): setMobileDataIndicators strengthIcon 0=com.android.systemui:drawable/stat_sys_signal_null
01-18 14:23:22.380 I/CTMSimSignalCluster(  600): setMobileDataIndicators visible=true
01-18 14:23:22.380 I/CTMSimSignalCluster(  600): setMobileDataIndicators simServiceState=1 home null null 00000  Unknown CSS not supported 0 0 mDataState=1 RoamInd=1 DefRoamInd=1 EmergOnly=false
01-18 14:23:22.380 I/CTMSimSignalCluster(  600): setMobileDataIndicators isRoam=false
01-18 14:23:22.380 I/CTMSimSignalCluster(  600): setMobileDataIndicators dataConnect=false
01-18 14:23:22.380 I/CTMSimSignalCluster(  600): voice radio technology is0 isGSM = false isRoam= false
01-18 14:23:22.380 I/CTMSimSignalCluster(  600): voice radio technology is0 isGSM = false isRoam= false
01-18 14:23:22.380 I/CTMSimSignalCluster(  600): setMobileDataIndicators mMobileStrengthId[0]=com.android.systemui:drawable/stat_sys_signal_cdma_null mMobileStrengthId[1]=com.android.systemui:drawable/stat_sys_signal_cdma_null
01-18 14:23:22.380 I/CTMSimSignalCluster(  600): getAcitivyTypeIconId type=2 inout=0 subscription0
01-18 14:23:22.380 I/CTMSimSignalCluster(  600): SetMobileDataIndicators MNoSimIconVisiable 0=true
01-18 14:23:22.390 I/twfx    (  600): data activity sub= 0 refreshViews TRUE
01-18 14:23:22.390 I/CTMSimSignalCluster(  600): setMobileDataIndicators subscription=0
01-18 14:23:22.390 I/CTMSimSignalCluster(  600): setMobileDataIndicators strengthIcon 0=com.android.systemui:drawable/stat_sys_signal_null
01-18 14:23:22.390 I/CTMSimSignalCluster(  600): setMobileDataIndicators visible=true
01-18 14:23:22.390 I/CTMSimSignalCluster(  600): setMobileDataIndicators simServiceState=1 home null null 00000  Unknown CSS not supported 0 0 mDataState=1 RoamInd=1 DefRoamInd=1 EmergOnly=false
01-18 14:23:22.390 I/CTMSimSignalCluster(  600): setMobileDataIndicators isRoam=false
01-18 14:23:22.390 I/CTMSimSignalCluster(  600): setMobileDataIndicators dataConnect=false
01-18 14:23:22.390 I/CTMSimSignalCluster(  600): voice radio technology is0 isGSM = false isRoam= false
01-18 14:23:22.390 I/CTMSimSignalCluster(  600): voice radio technology is0 isGSM = false isRoam= false
01-18 14:23:22.390 I/CTMSimSignalCluster(  600): setMobileDataIndicators mMobileStrengthId[0]=com.android.systemui:drawable/stat_sys_signal_cdma_null mMobileStrengthId[1]=com.android.systemui:drawable/stat_sys_signal_cdma_null
01-18 14:23:22.390 I/CTMSimSignalCluster(  600): getAcitivyTypeIconId type=2 inout=0 subscription0
01-18 14:23:22.390 I/CTMSimSignalCluster(  600): SetMobileDataIndicators MNoSimIconVisiable 0=true
01-18 14:23:22.400 I/twfx    (  600): data activity sub= 0 refreshViews OVER ALMOST
01-18 14:23:22.400 I/twfx    (  600): data activity sub= 0 refreshViews last activity mLastDataDirectionOverlayIconId=2130838071 true sub=0
01-18 14:23:22.560 D/PowerManager(  680): RILJ [acquire]
01-18 14:23:22.560 D/PowerManager(  680): RILJ [release]
01-18 14:23:23.380 I/twfx    (  600): data activity sub= 0 refreshViews
01-18 14:23:23.380 I/twfx    (  600): data activity sub= 0 refreshViews mLastDataDirectionOverlayIconIdArray[subscription]=0
01-18 14:23:23.380 I/twfx    (  600): data activity sub= 0 refreshViews TRUE
01-18 14:23:23.380 I/CTMSimSignalCluster(  600): setMobileDataIndicators subscription=0
01-18 14:23:23.380 I/CTMSimSignalCluster(  600): setMobileDataIndicators strengthIcon 0=com.android.systemui:drawable/stat_sys_signal_null
01-18 14:23:23.380 I/CTMSimSignalCluster(  600): setMobileDataIndicators visible=true
01-18 14:23:23.380 I/CTMSimSignalCluster(  600): setMobileDataIndicators simServiceState=1 home null null 00000  Unknown CSS not supported 0 0 mDataState=1 RoamInd=1 DefRoamInd=1 EmergOnly=false
01-18 14:23:23.380 I/CTMSimSignalCluster(  600): setMobileDataIndicators isRoam=false
01-18 14:23:23.380 I/CTMSimSignalCluster(  600): setMobileDataIndicators dataConnect=false
01-18 14:23:23.380 I/CTMSimSignalCluster(  600): voice radio technology is0 isGSM = false isRoam= false
01-18 14:23:23.380 I/CTMSimSignalCluster(  600): voice radio technology is0 isGSM = false isRoam= false
01-18 14:23:23.380 I/CTMSimSignalCluster(  600): setMobileDataIndicators mMobileStrengthId[0]=com.android.systemui:drawable/stat_sys_signal_cdma_null mMobileStrengthId[1]=com.android.systemui:drawable/stat_sys_signal_cdma_null
01-18 14:23:23.390 I/CTMSimSignalCluster(  600): getAcitivyTypeIconId type=2 inout=0 subscription0
01-18 14:23:23.390 I/CTMSimSignalCluster(  600): SetMobileDataIndicators MNoSimIconVisiable 0=true
01-18 14:23:23.390 I/twfx    (  600): data activity sub= 0 refreshViews TRUE
01-18 14:23:23.390 I/CTMSimSignalCluster(  600): setMobileDataIndicators subscription=0
01-18 14:23:23.390 I/CTMSimSignalCluster(  600): setMobileDataIndicators strengthIcon 0=com.android.systemui:drawable/stat_sys_signal_null
01-18 14:23:23.390 I/CTMSimSignalCluster(  600): setMobileDataIndicators visible=true
01-18 14:23:23.420 I/CTMSimSignalCluster(  600): setMobileDataIndicators simServiceState=1 home null null 00000  Unknown CSS not supported 0 0 mDataState=1 RoamInd=1 DefRoamInd=1 EmergOnly=false
01-18 14:23:23.420 I/CTMSimSignalCluster(  600): setMobileDataIndicators isRoam=false
01-18 14:23:23.420 I/CTMSimSignalCluster(  600): setMobileDataIndicators dataConnect=false
01-18 14:23:23.420 I/CTMSimSignalCluster(  600): voice radio technology is0 isGSM = false isRoam= false
01-18 14:23:23.420 I/CTMSimSignalCluster(  600): voice radio technology is0 isGSM = false isRoam= false
